Archive member included to satisfy reference by file (symbol)

c:/st/stm32cubeide_1.7.0/stm32cubeide/plugins/com.st.stm32cube.ide.mcu.externaltools.gnu-tools-for-stm32.9-2020-q2-update.win32_2.0.0.202105311346/tools/bin/../lib/gcc/arm-none-eabi/9.3.1/../../../../arm-none-eabi/lib/thumb/v7-m/nofp\libc_nano.a(lib_a-errno.o)
                              ./Core/Src/syscalls.o (__errno)
c:/st/stm32cubeide_1.7.0/stm32cubeide/plugins/com.st.stm32cube.ide.mcu.externaltools.gnu-tools-for-stm32.9-2020-q2-update.win32_2.0.0.202105311346/tools/bin/../lib/gcc/arm-none-eabi/9.3.1/../../../../arm-none-eabi/lib/thumb/v7-m/nofp\libc_nano.a(lib_a-exit.o)
                              c:/st/stm32cubeide_1.7.0/stm32cubeide/plugins/com.st.stm32cube.ide.mcu.externaltools.gnu-tools-for-stm32.9-2020-q2-update.win32_2.0.0.202105311346/tools/bin/../lib/gcc/arm-none-eabi/9.3.1/../../../../arm-none-eabi/lib/thumb/v7-m/nofp/crt0.o (exit)
c:/st/stm32cubeide_1.7.0/stm32cubeide/plugins/com.st.stm32cube.ide.mcu.externaltools.gnu-tools-for-stm32.9-2020-q2-update.win32_2.0.0.202105311346/tools/bin/../lib/gcc/arm-none-eabi/9.3.1/../../../../arm-none-eabi/lib/thumb/v7-m/nofp\libc_nano.a(lib_a-impure.o)
                              c:/st/stm32cubeide_1.7.0/stm32cubeide/plugins/com.st.stm32cube.ide.mcu.externaltools.gnu-tools-for-stm32.9-2020-q2-update.win32_2.0.0.202105311346/tools/bin/../lib/gcc/arm-none-eabi/9.3.1/../../../../arm-none-eabi/lib/thumb/v7-m/nofp\libc_nano.a(lib_a-exit.o) (_global_impure_ptr)
c:/st/stm32cubeide_1.7.0/stm32cubeide/plugins/com.st.stm32cube.ide.mcu.externaltools.gnu-tools-for-stm32.9-2020-q2-update.win32_2.0.0.202105311346/tools/bin/../lib/gcc/arm-none-eabi/9.3.1/../../../../arm-none-eabi/lib/thumb/v7-m/nofp\libc_nano.a(lib_a-init.o)
                              c:/st/stm32cubeide_1.7.0/stm32cubeide/plugins/com.st.stm32cube.ide.mcu.externaltools.gnu-tools-for-stm32.9-2020-q2-update.win32_2.0.0.202105311346/tools/bin/../lib/gcc/arm-none-eabi/9.3.1/../../../../arm-none-eabi/lib/thumb/v7-m/nofp/crt0.o (__libc_init_array)
c:/st/stm32cubeide_1.7.0/stm32cubeide/plugins/com.st.stm32cube.ide.mcu.externaltools.gnu-tools-for-stm32.9-2020-q2-update.win32_2.0.0.202105311346/tools/bin/../lib/gcc/arm-none-eabi/9.3.1/../../../../arm-none-eabi/lib/thumb/v7-m/nofp\libc_nano.a(lib_a-memcpy-stub.o)
                              ./Middlewares/Third_Party/AL94_USB_Composite/COMPOSITE/Class/COMPOSITE/Src/usbd_composite.o (memcpy)
c:/st/stm32cubeide_1.7.0/stm32cubeide/plugins/com.st.stm32cube.ide.mcu.externaltools.gnu-tools-for-stm32.9-2020-q2-update.win32_2.0.0.202105311346/tools/bin/../lib/gcc/arm-none-eabi/9.3.1/../../../../arm-none-eabi/lib/thumb/v7-m/nofp\libc_nano.a(lib_a-memset.o)
                              c:/st/stm32cubeide_1.7.0/stm32cubeide/plugins/com.st.stm32cube.ide.mcu.externaltools.gnu-tools-for-stm32.9-2020-q2-update.win32_2.0.0.202105311346/tools/bin/../lib/gcc/arm-none-eabi/9.3.1/../../../../arm-none-eabi/lib/thumb/v7-m/nofp/crt0.o (memset)

Allocating common symbols
Common symbol       size              file

USBD_COMPOSITE_HSCfgDesc
                    0x3b              ./Middlewares/Third_Party/AL94_USB_Composite/COMPOSITE/Class/COMPOSITE/Src/usbd_composite.o
uwTick              0x4               ./Drivers/STM32F1xx_HAL_Driver/Src/stm32f1xx_hal.o
pFlash              0x20              ./Drivers/STM32F1xx_HAL_Driver/Src/stm32f1xx_hal_flash.o
hUsbDevice          0x31c             ./Middlewares/Third_Party/AL94_USB_Composite/COMPOSITE/App/usb_device.o
hpcd_USB_OTG_PTR    0x4               ./Middlewares/Third_Party/AL94_USB_Composite/COMPOSITE/Target/usbd_conf.o
hpcd_USB_FS         0x2ec             ./Core/Src/usb.o
USBD_StrDesc        0x200             ./Middlewares/Third_Party/AL94_USB_Composite/COMPOSITE/App/usbd_desc.o
USBD_COMPOSITE_FSCfgDesc
                    0x3b              ./Middlewares/Third_Party/AL94_USB_Composite/COMPOSITE/Class/COMPOSITE/Src/usbd_composite.o

Discarded input sections

 .text          0x0000000000000000        0x0 c:/st/stm32cubeide_1.7.0/stm32cubeide/plugins/com.st.stm32cube.ide.mcu.externaltools.gnu-tools-for-stm32.9-2020-q2-update.win32_2.0.0.202105311346/tools/bin/../lib/gcc/arm-none-eabi/9.3.1/thumb/v7-m/nofp/crti.o
 .data          0x0000000000000000        0x0 c:/st/stm32cubeide_1.7.0/stm32cubeide/plugins/com.st.stm32cube.ide.mcu.externaltools.gnu-tools-for-stm32.9-2020-q2-update.win32_2.0.0.202105311346/tools/bin/../lib/gcc/arm-none-eabi/9.3.1/thumb/v7-m/nofp/crti.o
 .bss           0x0000000000000000        0x0 c:/st/stm32cubeide_1.7.0/stm32cubeide/plugins/com.st.stm32cube.ide.mcu.externaltools.gnu-tools-for-stm32.9-2020-q2-update.win32_2.0.0.202105311346/tools/bin/../lib/gcc/arm-none-eabi/9.3.1/thumb/v7-m/nofp/crti.o
 .data          0x0000000000000000        0x4 c:/st/stm32cubeide_1.7.0/stm32cubeide/plugins/com.st.stm32cube.ide.mcu.externaltools.gnu-tools-for-stm32.9-2020-q2-update.win32_2.0.0.202105311346/tools/bin/../lib/gcc/arm-none-eabi/9.3.1/thumb/v7-m/nofp/crtbegin.o
[...]
Memory Configuration

Name             Origin             Length             Attributes
RAM              0x0000000020000000 0x0000000000005000 xrw
FLASH            0x0000000008000000 0x0000000000010000 xr
*default*        0x0000000000000000 0xffffffffffffffff

Linker script and memory map

LOAD c:/st/stm32cubeide_1.7.0/stm32cubeide/plugins/com.st.stm32cube.ide.mcu.externaltools.gnu-tools-for-stm32.9-2020-q2-update.win32_2.0.0.202105311346/tools/bin/../lib/gcc/arm-none-eabi/9.3.1/thumb/v7-m/nofp/crti.o
LOAD c:/st/stm32cubeide_1.7.0/stm32cubeide/plugins/com.st.stm32cube.ide.mcu.externaltools.gnu-tools-for-stm32.9-2020-q2-update.win32_2.0.0.202105311346/tools/bin/../lib/gcc/arm-none-eabi/9.3.1/thumb/v7-m/nofp/crtbegin.o
LOAD c:/st/stm32cubeide_1.7.0/stm32cubeide/plugins/com.st.stm32cube.ide.mcu.externaltools.gnu-tools-for-stm32.9-2020-q2-update.win32_2.0.0.202105311346/tools/bin/../lib/gcc/arm-none-eabi/9.3.1/../../../../arm-none-eabi/lib/thumb/v7-m/nofp/crt0.o
LOAD ./Core/Src/gpio.o
LOAD ./Core/Src/main.o
LOAD ./Core/Src/stm32f1xx_hal_msp.o
LOAD ./Core/Src/stm32f1xx_it.o
LOAD ./Core/Src/syscalls.o
LOAD ./Core/Src/sysmem.o
LOAD ./Core/Src/system_stm32f1xx.o
LOAD ./Core/Src/usb.o
LOAD ./Core/Startup/startup_stm32f103c8tx.o
LOAD ./Drivers/STM32F1xx_HAL_Driver/Src/stm32f1xx_hal.o
LOAD ./Drivers/STM32F1xx_HAL_Driver/Src/stm32f1xx_hal_cortex.o
LOAD ./Drivers/STM32F1xx_HAL_Driver/Src/stm32f1xx_hal_dma.o
LOAD ./Drivers/STM32F1xx_HAL_Driver/Src/stm32f1xx_hal_exti.o
LOAD ./Drivers/STM32F1xx_HAL_Driver/Src/stm32f1xx_hal_flash.o
LOAD ./Drivers/STM32F1xx_HAL_Driver/Src/stm32f1xx_hal_flash_ex.o
LOAD ./Drivers/STM32F1xx_HAL_Driver/Src/stm32f1xx_hal_gpio.o
LOAD ./Drivers/STM32F1xx_HAL_Driver/Src/stm32f1xx_hal_gpio_ex.o
LOAD ./Drivers/STM32F1xx_HAL_Driver/Src/stm32f1xx_hal_pcd.o
LOAD ./Drivers/STM32F1xx_HAL_Driver/Src/stm32f1xx_hal_pcd_ex.o
LOAD ./Drivers/STM32F1xx_HAL_Driver/Src/stm32f1xx_hal_pwr.o
LOAD ./Drivers/STM32F1xx_HAL_Driver/Src/stm32f1xx_hal_rcc.o
LOAD ./Drivers/STM32F1xx_HAL_Driver/Src/stm32f1xx_hal_rcc_ex.o
LOAD ./Drivers/STM32F1xx_HAL_Driver/Src/stm32f1xx_hal_tim.o
LOAD ./Drivers/STM32F1xx_HAL_Driver/Src/stm32f1xx_hal_tim_ex.o
LOAD ./Drivers/STM32F1xx_HAL_Driver/Src/stm32f1xx_ll_usb.o
LOAD ./Middlewares/Third_Party/AL94_USB_Composite/COMPOSITE/App/usb_device.o
LOAD ./Middlewares/Third_Party/AL94_USB_Composite/COMPOSITE/App/usbd_desc.o
LOAD ./Middlewares/Third_Party/AL94_USB_Composite/COMPOSITE/Class/COMPOSITE/Src/usbd_composite.o
LOAD ./Middlewares/Third_Party/AL94_USB_Composite/COMPOSITE/Class/HID_KEYBOARD/Src/usbd_hid_keyboard.o
LOAD ./Middlewares/Third_Party/AL94_USB_Composite/COMPOSITE/Class/HID_MOUSE/Src/usbd_hid_mouse.o
LOAD ./Middlewares/Third_Party/AL94_USB_Composite/COMPOSITE/Core/Src/usbd_core.o
LOAD ./Middlewares/Third_Party/AL94_USB_Composite/COMPOSITE/Core/Src/usbd_ctlreq.o
LOAD ./Middlewares/Third_Party/AL94_USB_Composite/COMPOSITE/Core/Src/usbd_ioreq.o
LOAD ./Middlewares/Third_Party/AL94_USB_Composite/COMPOSITE/Target/usbd_conf.o
START GROUP
LOAD c:/st/stm32cubeide_1.7.0/stm32cubeide/plugins/com.st.stm32cube.ide.mcu.externaltools.gnu-tools-for-stm32.9-2020-q2-update.win32_2.0.0.202105311346/tools/bin/../lib/gcc/arm-none-eabi/9.3.1/../../../../arm-none-eabi/lib/thumb/v7-m/nofp\libc_nano.a
LOAD c:/st/stm32cubeide_1.7.0/stm32cubeide/plugins/com.st.stm32cube.ide.mcu.externaltools.gnu-tools-for-stm32.9-2020-q2-update.win32_2.0.0.202105311346/tools/bin/../lib/gcc/arm-none-eabi/9.3.1/../../../../arm-none-eabi/lib/thumb/v7-m/nofp\libm.a
END GROUP
START GROUP
LOAD c:/st/stm32cubeide_1.7.0/stm32cubeide/plugins/com.st.stm32cube.ide.mcu.externaltools.gnu-tools-for-stm32.9-2020-q2-update.win32_2.0.0.202105311346/tools/bin/../lib/gcc/arm-none-eabi/9.3.1/thumb/v7-m/nofp\libgcc.a
LOAD c:/st/stm32cubeide_1.7.0/stm32cubeide/plugins/com.st.stm32cube.ide.mcu.externaltools.gnu-tools-for-stm32.9-2020-q2-update.win32_2.0.0.202105311346/tools/bin/../lib/gcc/arm-none-eabi/9.3.1/../../../../arm-none-eabi/lib/thumb/v7-m/nofp\libc_nano.a
END GROUP
START GROUP
LOAD c:/st/stm32cubeide_1.7.0/stm32cubeide/plugins/com.st.stm32cube.ide.mcu.externaltools.gnu-tools-for-stm32.9-2020-q2-update.win32_2.0.0.202105311346/tools/bin/../lib/gcc/arm-none-eabi/9.3.1/thumb/v7-m/nofp\libgcc.a
LOAD c:/st/stm32cubeide_1.7.0/stm32cubeide/plugins/com.st.stm32cube.ide.mcu.externaltools.gnu-tools-for-stm32.9-2020-q2-update.win32_2.0.0.202105311346/tools/bin/../lib/gcc/arm-none-eabi/9.3.1/../../../../arm-none-eabi/lib/thumb/v7-m/nofp\libc_nano.a
LOAD c:/st/stm32cubeide_1.7.0/stm32cubeide/plugins/com.st.stm32cube.ide.mcu.externaltools.gnu-tools-for-stm32.9-2020-q2-update.win32_2.0.0.202105311346/tools/bin/../lib/gcc/arm-none-eabi/9.3.1/../../../../arm-none-eabi/lib/thumb/v7-m/nofp\libnosys.a
END GROUP
START GROUP
LOAD c:/st/stm32cubeide_1.7.0/stm32cubeide/plugins/com.st.stm32cube.ide.mcu.externaltools.gnu-tools-for-stm32.9-2020-q2-update.win32_2.0.0.202105311346/tools/bin/../lib/gcc/arm-none-eabi/9.3.1/thumb/v7-m/nofp\libgcc.a
LOAD c:/st/stm32cubeide_1.7.0/stm32cubeide/plugins/com.st.stm32cube.ide.mcu.externaltools.gnu-tools-for-stm32.9-2020-q2-update.win32_2.0.0.202105311346/tools/bin/../lib/gcc/arm-none-eabi/9.3.1/../../../../arm-none-eabi/lib/thumb/v7-m/nofp\libc_nano.a
LOAD c:/st/stm32cubeide_1.7.0/stm32cubeide/plugins/com.st.stm32cube.ide.mcu.externaltools.gnu-tools-for-stm32.9-2020-q2-update.win32_2.0.0.202105311346/tools/bin/../lib/gcc/arm-none-eabi/9.3.1/../../../../arm-none-eabi/lib/thumb/v7-m/nofp\libnosys.a
END GROUP
LOAD c:/st/stm32cubeide_1.7.0/stm32cubeide/plugins/com.st.stm32cube.ide.mcu.externaltools.gnu-tools-for-stm32.9-2020-q2-update.win32_2.0.0.202105311346/tools/bin/../lib/gcc/arm-none-eabi/9.3.1/thumb/v7-m/nofp/crtend.o
LOAD c:/st/stm32cubeide_1.7.0/stm32cubeide/plugins/com.st.stm32cube.ide.mcu.externaltools.gnu-tools-for-stm32.9-2020-q2-update.win32_2.0.0.202105311346/tools/bin/../lib/gcc/arm-none-eabi/9.3.1/thumb/v7-m/nofp/crtn.o
                0x0000000020005000                _estack = (ORIGIN (RAM) + LENGTH (RAM))
                0x0000000000000200                _Min_Heap_Size = 0x200
                0x0000000000000400                _Min_Stack_Size = 0x400

.isr_vector     0x0000000008000000      0x10c
                0x0000000008000000                . = ALIGN (0x4)
 *(.isr_vector)
 .isr_vector    0x0000000008000000      0x10c ./Core/Startup/startup_stm32f103c8tx.o
                0x0000000008000000                g_pfnVectors
                0x000000000800010c                . = ALIGN (0x4)

.text           0x000000000800010c     0x73d0
                0x000000000800010c                . = ALIGN (0x4)
 *(.text)
 .text          0x000000000800010c       0x40 c:/st/stm32cubeide_1.7.0/stm32cubeide/plugins/com.st.stm32cube.ide.mcu.externaltools.gnu-tools-for-stm32.9-2020-q2-update.win32_2.0.0.202105311346/tools/bin/../lib/gcc/arm-none-eabi/9.3.1/thumb/v7-m/nofp/crtbegin.o
 *(.text*)
 .text.MX_GPIO_Init
                0x000000000800014c       0x44 ./Core/Src/gpio.o
                0x000000000800014c                MX_GPIO_Init
 .text.main     0x0000000008000190       0x1a ./Core/Src/main.o
                0x0000000008000190                main
 .text.SystemClock_Config
                0x00000000080001aa       0xb6 ./Core/Src/main.o
                0x00000000080001aa                SystemClock_Config
 .text.Error_Handler
                0x0000000008000260        0xa ./Core/Src/main.o
                0x0000000008000260                Error_Handler
 *fill*         0x000000000800026a        0x2 
 .text.HAL_MspInit
                0x000000000800026c       0x64 ./Core/Src/stm32f1xx_hal_msp.o
                0x000000000800026c                HAL_MspInit
 .text.NMI_Handler
                0x00000000080002d0        0x6 ./Core/Src/stm32f1xx_it.o
                0x00000000080002d0                NMI_Handler
 .text.HardFault_Handler
                0x00000000080002d6        0x6 ./Core/Src/stm32f1xx_it.o
                0x00000000080002d6                HardFault_Handler
 .text.MemManage_Handler
                0x00000000080002dc        0x6 ./Core/Src/stm32f1xx_it.o
                0x00000000080002dc                MemManage_Handler
 .text.BusFault_Handler
                0x00000000080002e2        0x6 ./Core/Src/stm32f1xx_it.o
                0x00000000080002e2                BusFault_Handler
 .text.UsageFault_Handler
                0x00000000080002e8        0x6 ./Core/Src/stm32f1xx_it.o
                0x00000000080002e8                UsageFault_Handler
 .text.SVC_Handler
                0x00000000080002ee        0xc ./Core/Src/stm32f1xx_it.o
                0x00000000080002ee                SVC_Handler
 .text.DebugMon_Handler
                0x00000000080002fa        0xc ./Core/Src/stm32f1xx_it.o
                0x00000000080002fa                DebugMon_Handler
 .text.PendSV_Handler
                0x0000000008000306        0xc ./Core/Src/stm32f1xx_it.o
                0x0000000008000306                PendSV_Handler
 .text.SysTick_Handler
                0x0000000008000312        0xc ./Core/Src/stm32f1xx_it.o
                0x0000000008000312                SysTick_Handler
 *fill*         0x000000000800031e        0x2 
 .text.USB_HP_CAN1_TX_IRQHandler
                0x0000000008000320       0x14 ./Core/Src/stm32f1xx_it.o
                0x0000000008000320                USB_HP_CAN1_TX_IRQHandler
 .text.USB_LP_CAN1_RX0_IRQHandler
                0x0000000008000334       0x14 ./Core/Src/stm32f1xx_it.o
                0x0000000008000334                USB_LP_CAN1_RX0_IRQHandler
 .text.SystemInit
                0x0000000008000348        0xc ./Core/Src/system_stm32f1xx.o
                0x0000000008000348                SystemInit
 .text.MX_USB_PCD_Init
                0x0000000008000354       0x44 ./Core/Src/usb.o
                0x0000000008000354                MX_USB_PCD_Init
 .text.HAL_PCD_MspInit
                0x0000000008000398       0x5c ./Core/Src/usb.o
                0x0000000008000398                HAL_PCD_MspInit
 .text.Reset_Handler
                0x00000000080003f4       0x48 ./Core/Startup/startup_stm32f103c8tx.o
                0x00000000080003f4                Reset_Handler
 .text.Default_Handler
                0x000000000800043c        0x2 ./Core/Startup/startup_stm32f103c8tx.o
                0x000000000800043c                RTC_Alarm_IRQHandler
                0x000000000800043c                EXTI2_IRQHandler
                0x000000000800043c                TIM1_CC_IRQHandler
                0x000000000800043c                PVD_IRQHandler
                0x000000000800043c                EXTI3_IRQHandler
                0x000000000800043c                EXTI0_IRQHandler
                0x000000000800043c                I2C2_EV_IRQHandler
                0x000000000800043c                ADC1_2_IRQHandler
                0x000000000800043c                SPI1_IRQHandler
                0x000000000800043c                TAMPER_IRQHandler
                0x000000000800043c                DMA1_Channel4_IRQHandler
                0x000000000800043c                USART3_IRQHandler
                0x000000000800043c                RTC_IRQHandler
                0x000000000800043c                DMA1_Channel7_IRQHandler
                0x000000000800043c                CAN1_RX1_IRQHandler
                0x000000000800043c                TIM4_IRQHandler
                0x000000000800043c                I2C1_EV_IRQHandler
                0x000000000800043c                DMA1_Channel6_IRQHandler
                0x000000000800043c                TIM3_IRQHandler
                0x000000000800043c                RCC_IRQHandler
                0x000000000800043c                TIM1_TRG_COM_IRQHandler
                0x000000000800043c                DMA1_Channel1_IRQHandler
                0x000000000800043c                Default_Handler
                0x000000000800043c                EXTI15_10_IRQHandler
                0x000000000800043c                EXTI9_5_IRQHandler
                0x000000000800043c                SPI2_IRQHandler
                0x000000000800043c                DMA1_Channel5_IRQHandler
                0x000000000800043c                EXTI4_IRQHandler
                0x000000000800043c                DMA1_Channel3_IRQHandler
                0x000000000800043c                TIM1_UP_IRQHandler
                0x000000000800043c                WWDG_IRQHandler
                0x000000000800043c                TIM2_IRQHandler
                0x000000000800043c                TIM1_BRK_IRQHandler
                0x000000000800043c                EXTI1_IRQHandler
                0x000000000800043c                USART2_IRQHandler
                0x000000000800043c                I2C2_ER_IRQHandler
                0x000000000800043c                DMA1_Channel2_IRQHandler
                0x000000000800043c                CAN1_SCE_IRQHandler
                0x000000000800043c                FLASH_IRQHandler
                0x000000000800043c                USART1_IRQHandler
                0x000000000800043c                I2C1_ER_IRQHandler
                0x000000000800043c                USBWakeUp_IRQHandler
 *fill*         0x000000000800043e        0x2 
 .text.HAL_Init
                0x0000000008000440       0x2c ./Drivers/STM32F1xx_HAL_Driver/Src/stm32f1xx_hal.o
                0x0000000008000440                HAL_Init
 .text.HAL_InitTick
                0x000000000800046c       0x60 ./Drivers/STM32F1xx_HAL_Driver/Src/stm32f1xx_hal.o
                0x000000000800046c                HAL_InitTick
 .text.HAL_IncTick
                0x00000000080004cc       0x24 ./Drivers/STM32F1xx_HAL_Driver/Src/stm32f1xx_hal.o
                0x00000000080004cc                HAL_IncTick
 .text.HAL_GetTick
                0x00000000080004f0       0x14 ./Drivers/STM32F1xx_HAL_Driver/Src/stm32f1xx_hal.o
                0x00000000080004f0                HAL_GetTick
 .text.__NVIC_SetPriorityGrouping
                0x0000000008000504       0x48 ./Drivers/STM32F1xx_HAL_Driver/Src/stm32f1xx_hal_cortex.o
 .text.__NVIC_GetPriorityGrouping
                0x000000000800054c       0x1c ./Drivers/STM32F1xx_HAL_Driver/Src/stm32f1xx_hal_cortex.o
 .text.__NVIC_EnableIRQ
                0x0000000008000568       0x38 ./Drivers/STM32F1xx_HAL_Driver/Src/stm32f1xx_hal_cortex.o
 .text.__NVIC_SetPriority
                0x00000000080005a0       0x54 ./Drivers/STM32F1xx_HAL_Driver/Src/stm32f1xx_hal_cortex.o
 .text.NVIC_EncodePriority
                0x00000000080005f4       0x64 ./Drivers/STM32F1xx_HAL_Driver/Src/stm32f1xx_hal_cortex.o
 .text.SysTick_Config
                0x0000000008000658       0x44 ./Drivers/STM32F1xx_HAL_Driver/Src/stm32f1xx_hal_cortex.o
 .text.HAL_NVIC_SetPriorityGrouping
                0x000000000800069c       0x16 ./Drivers/STM32F1xx_HAL_Driver/Src/stm32f1xx_hal_cortex.o
                0x000000000800069c                HAL_NVIC_SetPriorityGrouping
 .text.HAL_NVIC_SetPriority
                0x00000000080006b2       0x38 ./Drivers/STM32F1xx_HAL_Driver/Src/stm32f1xx_hal_cortex.o
                0x00000000080006b2                HAL_NVIC_SetPriority
 .text.HAL_NVIC_EnableIRQ
                0x00000000080006ea       0x1c ./Drivers/STM32F1xx_HAL_Driver/Src/stm32f1xx_hal_cortex.o
                0x00000000080006ea                HAL_NVIC_EnableIRQ
 .text.HAL_SYSTICK_Config
                0x0000000008000706       0x18 ./Drivers/STM32F1xx_HAL_Driver/Src/stm32f1xx_hal_cortex.o
                0x0000000008000706                HAL_SYSTICK_Config
 .text.HAL_PCD_Init
                0x000000000800071e      0x216 ./Drivers/STM32F1xx_HAL_Driver/Src/stm32f1xx_hal_pcd.o
                0x000000000800071e                HAL_PCD_Init
 .text.HAL_PCD_Start
                0x0000000008000934       0x4c ./Drivers/STM32F1xx_HAL_Driver/Src/stm32f1xx_hal_pcd.o
                0x0000000008000934                HAL_PCD_Start
 .text.HAL_PCD_IRQHandler
                0x0000000008000980      0x2aa ./Drivers/STM32F1xx_HAL_Driver/Src/stm32f1xx_hal_pcd.o
                0x0000000008000980                HAL_PCD_IRQHandler
 .text.HAL_PCD_SetAddress
                0x0000000008000c2a       0x4a ./Drivers/STM32F1xx_HAL_Driver/Src/stm32f1xx_hal_pcd.o
                0x0000000008000c2a                HAL_PCD_SetAddress
 .text.HAL_PCD_EP_Open
                0x0000000008000c74       0xcc ./Drivers/STM32F1xx_HAL_Driver/Src/stm32f1xx_hal_pcd.o
                0x0000000008000c74                HAL_PCD_EP_Open
 .text.HAL_PCD_EP_Close
                0x0000000008000d40       0x90 ./Drivers/STM32F1xx_HAL_Driver/Src/stm32f1xx_hal_pcd.o
                0x0000000008000d40                HAL_PCD_EP_Close
 .text.HAL_PCD_EP_Receive
                0x0000000008000dd0       0x7a ./Drivers/STM32F1xx_HAL_Driver/Src/stm32f1xx_hal_pcd.o
                0x0000000008000dd0                HAL_PCD_EP_Receive
 .text.HAL_PCD_EP_Transmit
                0x0000000008000e4a       0x86 ./Drivers/STM32F1xx_HAL_Driver/Src/stm32f1xx_hal_pcd.o
                0x0000000008000e4a                HAL_PCD_EP_Transmit
 .text.HAL_PCD_EP_SetStall
                0x0000000008000ed0       0xc0 ./Drivers/STM32F1xx_HAL_Driver/Src/stm32f1xx_hal_pcd.o
                0x0000000008000ed0                HAL_PCD_EP_SetStall
 .text.HAL_PCD_EP_ClrStall
                0x0000000008000f90       0xa8 ./Drivers/STM32F1xx_HAL_Driver/Src/stm32f1xx_hal_pcd.o
                0x0000000008000f90                HAL_PCD_EP_ClrStall
 .text.PCD_EP_ISR_Handler
                0x0000000008001038      0x600 ./Drivers/STM32F1xx_HAL_Driver/Src/stm32f1xx_hal_pcd.o
 .text.HAL_PCD_EP_DB_Receive
                0x0000000008001638      0x21a ./Drivers/STM32F1xx_HAL_Driver/Src/stm32f1xx_hal_pcd.o
 .text.HAL_PCD_EP_DB_Transmit
                0x0000000008001852      0x7a4 ./Drivers/STM32F1xx_HAL_Driver/Src/stm32f1xx_hal_pcd.o
 .text.HAL_PCDEx_PMAConfig
                0x0000000008001ff6       0x84 ./Drivers/STM32F1xx_HAL_Driver/Src/stm32f1xx_hal_pcd_ex.o
                0x0000000008001ff6                HAL_PCDEx_PMAConfig
 .text.HAL_PCDEx_SetConnectionState
                0x000000000800207a       0x16 ./Drivers/STM32F1xx_HAL_Driver/Src/stm32f1xx_hal_pcd_ex.o
                0x000000000800207a                HAL_PCDEx_SetConnectionState
 .text.HAL_RCC_OscConfig
                0x0000000008002090      0x500 ./Drivers/STM32F1xx_HAL_Driver/Src/stm32f1xx_hal_rcc.o
                0x0000000008002090                HAL_RCC_OscConfig
 .text.HAL_RCC_ClockConfig
                0x0000000008002590      0x1d4 ./Drivers/STM32F1xx_HAL_Driver/Src/stm32f1xx_hal_rcc.o
                0x0000000008002590                HAL_RCC_ClockConfig
 .text.HAL_RCC_GetSysClockFreq
                0x0000000008002764       0xc0 ./Drivers/STM32F1xx_HAL_Driver/Src/stm32f1xx_hal_rcc.o
                0x0000000008002764                HAL_RCC_GetSysClockFreq
 .text.RCC_Delay
                0x0000000008002824       0x3c ./Drivers/STM32F1xx_HAL_Driver/Src/stm32f1xx_hal_rcc.o
 .text.HAL_RCCEx_PeriphCLKConfig
                0x0000000008002860      0x16c ./Drivers/STM32F1xx_HAL_Driver/Src/stm32f1xx_hal_rcc_ex.o
                0x0000000008002860                HAL_RCCEx_PeriphCLKConfig
 .text.USB_CoreInit
                0x00000000080029cc       0x20 ./Drivers/STM32F1xx_HAL_Driver/Src/stm32f1xx_ll_usb.o
                0x00000000080029cc                USB_CoreInit
 .text.USB_EnableGlobalInt
                0x00000000080029ec       0x2c ./Drivers/STM32F1xx_HAL_Driver/Src/stm32f1xx_ll_usb.o
                0x00000000080029ec                USB_EnableGlobalInt
 .text.USB_DisableGlobalInt
                0x0000000008002a18       0x34 ./Drivers/STM32F1xx_HAL_Driver/Src/stm32f1xx_ll_usb.o
                0x0000000008002a18                USB_DisableGlobalInt
 .text.USB_SetCurrentMode
                0x0000000008002a4c       0x18 ./Drivers/STM32F1xx_HAL_Driver/Src/stm32f1xx_ll_usb.o
                0x0000000008002a4c                USB_SetCurrentMode
 .text.USB_DevInit
                0x0000000008002a64       0x40 ./Drivers/STM32F1xx_HAL_Driver/Src/stm32f1xx_ll_usb.o
                0x0000000008002a64                USB_DevInit
 .text.USB_ActivateEndpoint
                0x0000000008002aa4      0x6d4 ./Drivers/STM32F1xx_HAL_Driver/Src/stm32f1xx_ll_usb.o
                0x0000000008002aa4                USB_ActivateEndpoint
 .text.USB_DeactivateEndpoint
                0x0000000008003178      0x3d8 ./Drivers/STM32F1xx_HAL_Driver/Src/stm32f1xx_ll_usb.o
                0x0000000008003178                USB_DeactivateEndpoint
 .text.USB_EPStartXfer
                0x0000000008003550     0x15ee ./Drivers/STM32F1xx_HAL_Driver/Src/stm32f1xx_ll_usb.o
                0x0000000008003550                USB_EPStartXfer
 .text.USB_EPSetStall
                0x0000000008004b3e       0xa0 ./Drivers/STM32F1xx_HAL_Driver/Src/stm32f1xx_ll_usb.o
                0x0000000008004b3e                USB_EPSetStall
 .text.USB_EPClearStall
                0x0000000008004bde      0x15a ./Drivers/STM32F1xx_HAL_Driver/Src/stm32f1xx_ll_usb.o
                0x0000000008004bde                USB_EPClearStall
 .text.USB_SetDevAddress
                0x0000000008004d38       0x26 ./Drivers/STM32F1xx_HAL_Driver/Src/stm32f1xx_ll_usb.o
                0x0000000008004d38                USB_SetDevAddress
 .text.USB_DevConnect
                0x0000000008004d5e       0x14 ./Drivers/STM32F1xx_HAL_Driver/Src/stm32f1xx_ll_usb.o
                0x0000000008004d5e                USB_DevConnect
 .text.USB_DevDisconnect
                0x0000000008004d72       0x14 ./Drivers/STM32F1xx_HAL_Driver/Src/stm32f1xx_ll_usb.o
                0x0000000008004d72                USB_DevDisconnect
 .text.USB_ReadInterrupts
                0x0000000008004d86       0x1e ./Drivers/STM32F1xx_HAL_Driver/Src/stm32f1xx_ll_usb.o
                0x0000000008004d86                USB_ReadInterrupts
 .text.USB_EP0_OutStart
                0x0000000008004da4       0x16 ./Drivers/STM32F1xx_HAL_Driver/Src/stm32f1xx_ll_usb.o
                0x0000000008004da4                USB_EP0_OutStart
 .text.USB_WritePMA
                0x0000000008004dba       0x8a ./Drivers/STM32F1xx_HAL_Driver/Src/stm32f1xx_ll_usb.o
                0x0000000008004dba                USB_WritePMA
 .text.USB_ReadPMA
                0x0000000008004e44       0x9e ./Drivers/STM32F1xx_HAL_Driver/Src/stm32f1xx_ll_usb.o
                0x0000000008004e44                USB_ReadPMA
 *fill*         0x0000000008004ee2        0x2 
 .text.MX_USB_DEVICE_Init
                0x0000000008004ee4       0x50 ./Middlewares/Third_Party/AL94_USB_Composite/COMPOSITE/App/usb_device.o
                0x0000000008004ee4                MX_USB_DEVICE_Init
 .text.USBD_DeviceDescriptor
                0x0000000008004f34       0x24 ./Middlewares/Third_Party/AL94_USB_Composite/COMPOSITE/App/usbd_desc.o
                0x0000000008004f34                USBD_DeviceDescriptor
 .text.USBD_LangIDStrDescriptor
                0x0000000008004f58       0x24 ./Middlewares/Third_Party/AL94_USB_Composite/COMPOSITE/App/usbd_desc.o
                0x0000000008004f58                USBD_LangIDStrDescriptor
 .text.USBD_ProductStrDescriptor
                0x0000000008004f7c       0x3c ./Middlewares/Third_Party/AL94_USB_Composite/COMPOSITE/App/usbd_desc.o
                0x0000000008004f7c                USBD_ProductStrDescriptor
 .text.USBD_ManufacturerStrDescriptor
                0x0000000008004fb8       0x28 ./Middlewares/Third_Party/AL94_USB_Composite/COMPOSITE/App/usbd_desc.o
                0x0000000008004fb8                USBD_ManufacturerStrDescriptor
 .text.USBD_SerialStrDescriptor
                0x0000000008004fe0       0x24 ./Middlewares/Third_Party/AL94_USB_Composite/COMPOSITE/App/usbd_desc.o
                0x0000000008004fe0                USBD_SerialStrDescriptor
 .text.USBD_ConfigStrDescriptor
                0x0000000008005004       0x3c ./Middlewares/Third_Party/AL94_USB_Composite/COMPOSITE/App/usbd_desc.o
                0x0000000008005004                USBD_ConfigStrDescriptor
 .text.USBD_InterfaceStrDescriptor
                0x0000000008005040       0x3c ./Middlewares/Third_Party/AL94_USB_Composite/COMPOSITE/App/usbd_desc.o
                0x0000000008005040                USBD_InterfaceStrDescriptor
 .text.Get_SerialNum
                0x000000000800507c       0x58 ./Middlewares/Third_Party/AL94_USB_Composite/COMPOSITE/App/usbd_desc.o
 .text.IntToUnicode
                0x00000000080050d4       0x7c ./Middlewares/Third_Party/AL94_USB_Composite/COMPOSITE/App/usbd_desc.o
 .text.USBD_COMPOSITE_Init
                0x0000000008005150       0x38 ./Middlewares/Third_Party/AL94_USB_Composite/COMPOSITE/Class/COMPOSITE/Src/usbd_composite.o
 .text.USBD_COMPOSITE_DeInit
                0x0000000008005188       0x38 ./Middlewares/Third_Party/AL94_USB_Composite/COMPOSITE/Class/COMPOSITE/Src/usbd_composite.o
 .text.USBD_COMPOSITE_Setup
                0x00000000080051c0       0x5c ./Middlewares/Third_Party/AL94_USB_Composite/COMPOSITE/Class/COMPOSITE/Src/usbd_composite.o
 .text.USBD_COMPOSITE_DataIn
                0x000000000800521c       0x64 ./Middlewares/Third_Party/AL94_USB_Composite/COMPOSITE/Class/COMPOSITE/Src/usbd_composite.o
 .text.USBD_COMPOSITE_EP0_RxReady
                0x0000000008005280       0x14 ./Middlewares/Third_Party/AL94_USB_Composite/COMPOSITE/Class/COMPOSITE/Src/usbd_composite.o
 .text.USBD_COMPOSITE_EP0_TxReady
                0x0000000008005294       0x14 ./Middlewares/Third_Party/AL94_USB_Composite/COMPOSITE/Class/COMPOSITE/Src/usbd_composite.o
 .text.USBD_COMPOSITE_SOF
                0x00000000080052a8       0x14 ./Middlewares/Third_Party/AL94_USB_Composite/COMPOSITE/Class/COMPOSITE/Src/usbd_composite.o
 .text.USBD_COMPOSITE_IsoINIncomplete
                0x00000000080052bc       0x18 ./Middlewares/Third_Party/AL94_USB_Composite/COMPOSITE/Class/COMPOSITE/Src/usbd_composite.o
 .text.USBD_COMPOSITE_IsoOutIncomplete
                0x00000000080052d4       0x18 ./Middlewares/Third_Party/AL94_USB_Composite/COMPOSITE/Class/COMPOSITE/Src/usbd_composite.o
 .text.USBD_COMPOSITE_DataOut
                0x00000000080052ec       0x18 ./Middlewares/Third_Party/AL94_USB_Composite/COMPOSITE/Class/COMPOSITE/Src/usbd_composite.o
 .text.USBD_COMPOSITE_GetHSCfgDesc
                0x0000000008005304       0x20 ./Middlewares/Third_Party/AL94_USB_Composite/COMPOSITE/Class/COMPOSITE/Src/usbd_composite.o
 .text.USBD_COMPOSITE_GetFSCfgDesc
                0x0000000008005324       0x20 ./Middlewares/Third_Party/AL94_USB_Composite/COMPOSITE/Class/COMPOSITE/Src/usbd_composite.o
 .text.USBD_COMPOSITE_GetOtherSpeedCfgDesc
                0x0000000008005344       0x20 ./Middlewares/Third_Party/AL94_USB_Composite/COMPOSITE/Class/COMPOSITE/Src/usbd_composite.o
 .text.USBD_COMPOSITE_GetDeviceQualifierDesc
                0x0000000008005364       0x20 ./Middlewares/Third_Party/AL94_USB_Composite/COMPOSITE/Class/COMPOSITE/Src/usbd_composite.o
 .text.USBD_COMPOSITE_GetUsrStringDesc
                0x0000000008005384       0x68 ./Middlewares/Third_Party/AL94_USB_Composite/COMPOSITE/Class/COMPOSITE/Src/usbd_composite.o
 .text.USBD_COMPOSITE_Mount_Class
                0x00000000080053ec      0x1c8 ./Middlewares/Third_Party/AL94_USB_Composite/COMPOSITE/Class/COMPOSITE/Src/usbd_composite.o
                0x00000000080053ec                USBD_COMPOSITE_Mount_Class
 .text.USBD_HID_Init
                0x00000000080055b4       0xa8 ./Middlewares/Third_Party/AL94_USB_Composite/COMPOSITE/Class/HID_KEYBOARD/Src/usbd_hid_keyboard.o
 .text.USBD_HID_DeInit
                0x000000000800565c       0x6c ./Middlewares/Third_Party/AL94_USB_Composite/COMPOSITE/Class/HID_KEYBOARD/Src/usbd_hid_keyboard.o
 .text.USBD_HID_Setup
                0x00000000080056c8      0x208 ./Middlewares/Third_Party/AL94_USB_Composite/COMPOSITE/Class/HID_KEYBOARD/Src/usbd_hid_keyboard.o
 .text.USBD_HID_GetFSCfgDesc
                0x00000000080058d0       0x20 ./Middlewares/Third_Party/AL94_USB_Composite/COMPOSITE/Class/HID_KEYBOARD/Src/usbd_hid_keyboard.o
 .text.USBD_HID_GetHSCfgDesc
                0x00000000080058f0       0x20 ./Middlewares/Third_Party/AL94_USB_Composite/COMPOSITE/Class/HID_KEYBOARD/Src/usbd_hid_keyboard.o
 .text.USBD_HID_GetOtherSpeedCfgDesc
                0x0000000008005910       0x20 ./Middlewares/Third_Party/AL94_USB_Composite/COMPOSITE/Class/HID_KEYBOARD/Src/usbd_hid_keyboard.o
 .text.USBD_HID_DataIn
                0x0000000008005930       0x22 ./Middlewares/Third_Party/AL94_USB_Composite/COMPOSITE/Class/HID_KEYBOARD/Src/usbd_hid_keyboard.o
 *fill*         0x0000000008005952        0x2 
 .text.USBD_HID_GetDeviceQualifierDesc
                0x0000000008005954       0x20 ./Middlewares/Third_Party/AL94_USB_Composite/COMPOSITE/Class/HID_KEYBOARD/Src/usbd_hid_keyboard.o
 .text.USBD_Update_HID_KBD_DESC
                0x0000000008005974       0x5c ./Middlewares/Third_Party/AL94_USB_Composite/COMPOSITE/Class/HID_KEYBOARD/Src/usbd_hid_keyboard.o
                0x0000000008005974                USBD_Update_HID_KBD_DESC
 .text.USBD_HID_Init
                0x00000000080059d0       0xa8 ./Middlewares/Third_Party/AL94_USB_Composite/COMPOSITE/Class/HID_MOUSE/Src/usbd_hid_mouse.o
 .text.USBD_HID_DeInit
                0x0000000008005a78       0x6c ./Middlewares/Third_Party/AL94_USB_Composite/COMPOSITE/Class/HID_MOUSE/Src/usbd_hid_mouse.o
 .text.USBD_HID_Setup
                0x0000000008005ae4      0x208 ./Middlewares/Third_Party/AL94_USB_Composite/COMPOSITE/Class/HID_MOUSE/Src/usbd_hid_mouse.o
 .text.USBD_HID_GetFSCfgDesc
                0x0000000008005cec       0x20 ./Middlewares/Third_Party/AL94_USB_Composite/COMPOSITE/Class/HID_MOUSE/Src/usbd_hid_mouse.o
 .text.USBD_HID_GetHSCfgDesc
                0x0000000008005d0c       0x20 ./Middlewares/Third_Party/AL94_USB_Composite/COMPOSITE/Class/HID_MOUSE/Src/usbd_hid_mouse.o
 .text.USBD_HID_GetOtherSpeedCfgDesc
                0x0000000008005d2c       0x20 ./Middlewares/Third_Party/AL94_USB_Composite/COMPOSITE/Class/HID_MOUSE/Src/usbd_hid_mouse.o
 .text.USBD_HID_DataIn
                0x0000000008005d4c       0x22 ./Middlewares/Third_Party/AL94_USB_Composite/COMPOSITE/Class/HID_MOUSE/Src/usbd_hid_mouse.o
 *fill*         0x0000000008005d6e        0x2 
 .text.USBD_HID_GetDeviceQualifierDesc
                0x0000000008005d70       0x20 ./Middlewares/Third_Party/AL94_USB_Composite/COMPOSITE/Class/HID_MOUSE/Src/usbd_hid_mouse.o
 .text.USBD_Update_HID_Mouse_DESC
                0x0000000008005d90       0x5c ./Middlewares/Third_Party/AL94_USB_Composite/COMPOSITE/Class/HID_MOUSE/Src/usbd_hid_mouse.o
                0x0000000008005d90                USBD_Update_HID_Mouse_DESC
 .text.USBD_Init
                0x0000000008005dec       0x58 ./Middlewares/Third_Party/AL94_USB_Composite/COMPOSITE/Core/Src/usbd_core.o
                0x0000000008005dec                USBD_Init
 .text.USBD_RegisterClass
                0x0000000008005e44       0x7c ./Middlewares/Third_Party/AL94_USB_Composite/COMPOSITE/Core/Src/usbd_core.o
                0x0000000008005e44                USBD_RegisterClass
 .text.USBD_Start
                0x0000000008005ec0       0x18 ./Middlewares/Third_Party/AL94_USB_Composite/COMPOSITE/Core/Src/usbd_core.o
                0x0000000008005ec0                USBD_Start
 .text.USBD_RunTestMode
                0x0000000008005ed8       0x14 ./Middlewares/Third_Party/AL94_USB_Composite/COMPOSITE/Core/Src/usbd_core.o
                0x0000000008005ed8                USBD_RunTestMode
 .text.USBD_SetClassConfig
                0x0000000008005eec       0x38 ./Middlewares/Third_Party/AL94_USB_Composite/COMPOSITE/Core/Src/usbd_core.o
                0x0000000008005eec                USBD_SetClassConfig
 .text.USBD_ClrClassConfig
                0x0000000008005f24       0x30 ./Middlewares/Third_Party/AL94_USB_Composite/COMPOSITE/Core/Src/usbd_core.o
                0x0000000008005f24                USBD_ClrClassConfig
 .text.USBD_LL_SetupStage
                0x0000000008005f54       0xaa ./Middlewares/Third_Party/AL94_USB_Composite/COMPOSITE/Core/Src/usbd_core.o
                0x0000000008005f54                USBD_LL_SetupStage
 .text.USBD_LL_DataOutStage
                0x0000000008005ffe       0xc6 ./Middlewares/Third_Party/AL94_USB_Composite/COMPOSITE/Core/Src/usbd_core.o
                0x0000000008005ffe                USBD_LL_DataOutStage
 .text.USBD_LL_DataInStage
                0x00000000080060c4      0x12c ./Middlewares/Third_Party/AL94_USB_Composite/COMPOSITE/Core/Src/usbd_core.o
                0x00000000080060c4                USBD_LL_DataInStage
 .text.USBD_LL_Reset
                0x00000000080061f0       0x92 ./Middlewares/Third_Party/AL94_USB_Composite/COMPOSITE/Core/Src/usbd_core.o
                0x00000000080061f0                USBD_LL_Reset
 .text.USBD_LL_SetSpeed
                0x0000000008006282       0x1e ./Middlewares/Third_Party/AL94_USB_Composite/COMPOSITE/Core/Src/usbd_core.o
                0x0000000008006282                USBD_LL_SetSpeed
 .text.USBD_LL_Suspend
                0x00000000080062a0       0x2a ./Middlewares/Third_Party/AL94_USB_Composite/COMPOSITE/Core/Src/usbd_core.o
                0x00000000080062a0                USBD_LL_Suspend
 .text.USBD_LL_Resume
                0x00000000080062ca       0x2e ./Middlewares/Third_Party/AL94_USB_Composite/COMPOSITE/Core/Src/usbd_core.o
                0x00000000080062ca                USBD_LL_Resume
 .text.USBD_LL_SOF
                0x00000000080062f8       0x44 ./Middlewares/Third_Party/AL94_USB_Composite/COMPOSITE/Core/Src/usbd_core.o
                0x00000000080062f8                USBD_LL_SOF
 .text.SWAPBYTE
                0x000000000800633c       0x3a ./Middlewares/Third_Party/AL94_USB_Composite/COMPOSITE/Core/Src/usbd_ctlreq.o
 *fill*         0x0000000008006376        0x2 
 .text.USBD_StdDevReq
                0x0000000008006378       0xdc ./Middlewares/Third_Party/AL94_USB_Composite/COMPOSITE/Core/Src/usbd_ctlreq.o
                0x0000000008006378                USBD_StdDevReq
 .text.USBD_StdItfReq
                0x0000000008006454       0x92 ./Middlewares/Third_Party/AL94_USB_Composite/COMPOSITE/Core/Src/usbd_ctlreq.o
                0x0000000008006454                USBD_StdItfReq
 .text.USBD_StdEPReq
                0x00000000080064e6      0x2c4 ./Middlewares/Third_Party/AL94_USB_Composite/COMPOSITE/Core/Src/usbd_ctlreq.o
                0x00000000080064e6                USBD_StdEPReq
 *fill*         0x00000000080067aa        0x2 
 .text.USBD_GetDescriptor
                0x00000000080067ac      0x2f8 ./Middlewares/Third_Party/AL94_USB_Composite/COMPOSITE/Core/Src/usbd_ctlreq.o
 .text.USBD_SetAddress
                0x0000000008006aa4       0x88 ./Middlewares/Third_Party/AL94_USB_Composite/COMPOSITE/Core/Src/usbd_ctlreq.o
 .text.USBD_SetConfig
                0x0000000008006b2c      0x14c ./Middlewares/Third_Party/AL94_USB_Composite/COMPOSITE/Core/Src/usbd_ctlreq.o
 .text.USBD_GetConfig
                0x0000000008006c78       0x6c ./Middlewares/Third_Party/AL94_USB_Composite/COMPOSITE/Core/Src/usbd_ctlreq.o
 .text.USBD_GetStatus
                0x0000000008006ce4       0x68 ./Middlewares/Third_Party/AL94_USB_Composite/COMPOSITE/Core/Src/usbd_ctlreq.o
 .text.USBD_SetFeature
                0x0000000008006d4c       0x28 ./Middlewares/Third_Party/AL94_USB_Composite/COMPOSITE/Core/Src/usbd_ctlreq.o
 .text.USBD_ClrFeature
                0x0000000008006d74       0x44 ./Middlewares/Third_Party/AL94_USB_Composite/COMPOSITE/Core/Src/usbd_ctlreq.o
 .text.USBD_ParseSetupRequest
                0x0000000008006db8       0x74 ./Middlewares/Third_Party/AL94_USB_Composite/COMPOSITE/Core/Src/usbd_ctlreq.o
                0x0000000008006db8                USBD_ParseSetupRequest
 .text.USBD_CtlError
                0x0000000008006e2c       0x22 ./Middlewares/Third_Party/AL94_USB_Composite/COMPOSITE/Core/Src/usbd_ctlreq.o
                0x0000000008006e2c                USBD_CtlError
 .text.USBD_GetString
                0x0000000008006e4e       0x8c ./Middlewares/Third_Party/AL94_USB_Composite/COMPOSITE/Core/Src/usbd_ctlreq.o
                0x0000000008006e4e                USBD_GetString
 .text.USBD_GetLen
                0x0000000008006eda       0x32 ./Middlewares/Third_Party/AL94_USB_Composite/COMPOSITE/Core/Src/usbd_ctlreq.o
 .text.USBD_CtlSendData
                0x0000000008006f0c       0x36 ./Middlewares/Third_Party/AL94_USB_Composite/COMPOSITE/Core/Src/usbd_ioreq.o
                0x0000000008006f0c                USBD_CtlSendData
 .text.USBD_CtlContinueSendData
                0x0000000008006f42       0x22 ./Middlewares/Third_Party/AL94_USB_Composite/COMPOSITE/Core/Src/usbd_ioreq.o
                0x0000000008006f42                USBD_CtlContinueSendData
 .text.USBD_CtlContinueRx
                0x0000000008006f64       0x22 ./Middlewares/Third_Party/AL94_USB_Composite/COMPOSITE/Core/Src/usbd_ioreq.o
                0x0000000008006f64                USBD_CtlContinueRx
 .text.USBD_CtlSendStatus
                0x0000000008006f86       0x26 ./Middlewares/Third_Party/AL94_USB_Composite/COMPOSITE/Core/Src/usbd_ioreq.o
                0x0000000008006f86                USBD_CtlSendStatus
 .text.USBD_CtlReceiveStatus
                0x0000000008006fac       0x26 ./Middlewares/Third_Party/AL94_USB_Composite/COMPOSITE/Core/Src/usbd_ioreq.o
                0x0000000008006fac                USBD_CtlReceiveStatus
 .text.HAL_PCD_SetupStageCallback
                0x0000000008006fd2       0x24 ./Middlewares/Third_Party/AL94_USB_Composite/COMPOSITE/Target/usbd_conf.o
                0x0000000008006fd2                HAL_PCD_SetupStageCallback
 .text.HAL_PCD_DataOutStageCallback
                0x0000000008006ff6       0x36 ./Middlewares/Third_Party/AL94_USB_Composite/COMPOSITE/Target/usbd_conf.o
                0x0000000008006ff6                HAL_PCD_DataOutStageCallback
 .text.HAL_PCD_DataInStageCallback
                0x000000000800702c       0x34 ./Middlewares/Third_Party/AL94_USB_Composite/COMPOSITE/Target/usbd_conf.o
                0x000000000800702c                HAL_PCD_DataInStageCallback
 .text.HAL_PCD_SOFCallback
                0x0000000008007060       0x1c ./Middlewares/Third_Party/AL94_USB_Composite/COMPOSITE/Target/usbd_conf.o
                0x0000000008007060                HAL_PCD_SOFCallback
 .text.HAL_PCD_ResetCallback
                0x000000000800707c       0x42 ./Middlewares/Third_Party/AL94_USB_Composite/COMPOSITE/Target/usbd_conf.o
                0x000000000800707c                HAL_PCD_ResetCallback
 .text.HAL_PCD_SuspendCallback
                0x00000000080070be       0x1c ./Middlewares/Third_Party/AL94_USB_Composite/COMPOSITE/Target/usbd_conf.o
                0x00000000080070be                HAL_PCD_SuspendCallback
 .text.HAL_PCD_ResumeCallback
                0x00000000080070da       0x1c ./Middlewares/Third_Party/AL94_USB_Composite/COMPOSITE/Target/usbd_conf.o
                0x00000000080070da                HAL_PCD_ResumeCallback
 *fill*         0x00000000080070f6        0x2 
 .text.USBD_LL_Init
                0x00000000080070f8       0xa8 ./Middlewares/Third_Party/AL94_USB_Composite/COMPOSITE/Target/usbd_conf.o
                0x00000000080070f8                USBD_LL_Init
 .text.USBD_LL_Start
                0x00000000080071a0       0x36 ./Middlewares/Third_Party/AL94_USB_Composite/COMPOSITE/Target/usbd_conf.o
                0x00000000080071a0                USBD_LL_Start
 .text.USBD_LL_OpenEP
                0x00000000080071d6       0x4c ./Middlewares/Third_Party/AL94_USB_Composite/COMPOSITE/Target/usbd_conf.o
                0x00000000080071d6                USBD_LL_OpenEP
 .text.USBD_LL_CloseEP
                0x0000000008007222       0x3e ./Middlewares/Third_Party/AL94_USB_Composite/COMPOSITE/Target/usbd_conf.o
                0x0000000008007222                USBD_LL_CloseEP
 .text.USBD_LL_StallEP
                0x0000000008007260       0x3e ./Middlewares/Third_Party/AL94_USB_Composite/COMPOSITE/Target/usbd_conf.o
                0x0000000008007260                USBD_LL_StallEP
 .text.USBD_LL_ClearStallEP
                0x000000000800729e       0x3e ./Middlewares/Third_Party/AL94_USB_Composite/COMPOSITE/Target/usbd_conf.o
                0x000000000800729e                USBD_LL_ClearStallEP
 .text.USBD_LL_IsStallEP
                0x00000000080072dc       0x58 ./Middlewares/Third_Party/AL94_USB_Composite/COMPOSITE/Target/usbd_conf.o
                0x00000000080072dc                USBD_LL_IsStallEP
 .text.USBD_LL_SetUSBAddress
                0x0000000008007334       0x3e ./Middlewares/Third_Party/AL94_USB_Composite/COMPOSITE/Target/usbd_conf.o
                0x0000000008007334                USBD_LL_SetUSBAddress
 .text.USBD_LL_Transmit
                0x0000000008007372       0x42 ./Middlewares/Third_Party/AL94_USB_Composite/COMPOSITE/Target/usbd_conf.o
                0x0000000008007372                USBD_LL_Transmit
 .text.USBD_LL_PrepareReceive
                0x00000000080073b4       0x42 ./Middlewares/Third_Party/AL94_USB_Composite/COMPOSITE/Target/usbd_conf.o
                0x00000000080073b4                USBD_LL_PrepareReceive
 *fill*         0x00000000080073f6        0x2 
 .text.USBD_Get_USB_Status
                0x00000000080073f8       0x58 ./Middlewares/Third_Party/AL94_USB_Composite/COMPOSITE/Target/usbd_conf.o
                0x00000000080073f8                USBD_Get_USB_Status
 .text.__libc_init_array
                0x0000000008007450       0x48 c:/st/stm32cubeide_1.7.0/stm32cubeide/plugins/com.st.stm32cube.ide.mcu.externaltools.gnu-tools-for-stm32.9-2020-q2-update.win32_2.0.0.202105311346/tools/bin/../lib/gcc/arm-none-eabi/9.3.1/../../../../arm-none-eabi/lib/thumb/v7-m/nofp\libc_nano.a(lib_a-init.o)
                0x0000000008007450                __libc_init_array
 .text.memcpy   0x0000000008007498       0x1c c:/st/stm32cubeide_1.7.0/stm32cubeide/plugins/com.st.stm32cube.ide.mcu.externaltools.gnu-tools-for-stm32.9-2020-q2-update.win32_2.0.0.202105311346/tools/bin/../lib/gcc/arm-none-eabi/9.3.1/../../../../arm-none-eabi/lib/thumb/v7-m/nofp\libc_nano.a(lib_a-memcpy-stub.o)
                0x0000000008007498                memcpy
 .text.memset   0x00000000080074b4       0x10 c:/st/stm32cubeide_1.7.0/stm32cubeide/plugins/com.st.stm32cube.ide.mcu.externaltools.gnu-tools-for-stm32.9-2020-q2-update.win32_2.0.0.202105311346/tools/bin/../lib/gcc/arm-none-eabi/9.3.1/../../../../arm-none-eabi/lib/thumb/v7-m/nofp\libc_nano.a(lib_a-memset.o)
                0x00000000080074b4                memset
 *(.glue_7)
 .glue_7        0x00000000080074c4        0x0 linker stubs
 *(.glue_7t)
 .glue_7t       0x00000000080074c4        0x0 linker stubs
 *(.eh_frame)
 .eh_frame      0x00000000080074c4        0x0 c:/st/stm32cubeide_1.7.0/stm32cubeide/plugins/com.st.stm32cube.ide.mcu.externaltools.gnu-tools-for-stm32.9-2020-q2-update.win32_2.0.0.202105311346/tools/bin/../lib/gcc/arm-none-eabi/9.3.1/thumb/v7-m/nofp/crtbegin.o
 *(.init)
 .init          0x00000000080074c4        0x4 c:/st/stm32cubeide_1.7.0/stm32cubeide/plugins/com.st.stm32cube.ide.mcu.externaltools.gnu-tools-for-stm32.9-2020-q2-update.win32_2.0.0.202105311346/tools/bin/../lib/gcc/arm-none-eabi/9.3.1/thumb/v7-m/nofp/crti.o
                0x00000000080074c4                _init
 .init          0x00000000080074c8        0x8 c:/st/stm32cubeide_1.7.0/stm32cubeide/plugins/com.st.stm32cube.ide.mcu.externaltools.gnu-tools-for-stm32.9-2020-q2-update.win32_2.0.0.202105311346/tools/bin/../lib/gcc/arm-none-eabi/9.3.1/thumb/v7-m/nofp/crtn.o
 *(.fini)
 .fini          0x00000000080074d0        0x4 c:/st/stm32cubeide_1.7.0/stm32cubeide/plugins/com.st.stm32cube.ide.mcu.externaltools.gnu-tools-for-stm32.9-2020-q2-update.win32_2.0.0.202105311346/tools/bin/../lib/gcc/arm-none-eabi/9.3.1/thumb/v7-m/nofp/crti.o
                0x00000000080074d0                _fini
 .fini          0x00000000080074d4        0x8 c:/st/stm32cubeide_1.7.0/stm32cubeide/plugins/com.st.stm32cube.ide.mcu.externaltools.gnu-tools-for-stm32.9-2020-q2-update.win32_2.0.0.202105311346/tools/bin/../lib/gcc/arm-none-eabi/9.3.1/thumb/v7-m/nofp/crtn.o
                0x00000000080074dc                . = ALIGN (0x4)
                0x00000000080074dc                _etext = .

.vfp11_veneer   0x00000000080074dc        0x0
 .vfp11_veneer  0x00000000080074dc        0x0 linker stubs

.v4_bx          0x00000000080074dc        0x0
 .v4_bx         0x00000000080074dc        0x0 linker stubs

.iplt           0x00000000080074dc        0x0
 .iplt          0x00000000080074dc        0x0 c:/st/stm32cubeide_1.7.0/stm32cubeide/plugins/com.st.stm32cube.ide.mcu.externaltools.gnu-tools-for-stm32.9-2020-q2-update.win32_2.0.0.202105311346/tools/bin/../lib/gcc/arm-none-eabi/9.3.1/thumb/v7-m/nofp/crtbegin.o

.rodata         0x00000000080074dc       0x94
                0x00000000080074dc                . = ALIGN (0x4)
 *(.rodata)
 .rodata        0x00000000080074dc       0x10 ./Drivers/STM32F1xx_HAL_Driver/Src/stm32f1xx_hal_rcc.o
 .rodata        0x00000000080074ec       0x50 ./Middlewares/Third_Party/AL94_USB_Composite/COMPOSITE/App/usbd_desc.o
 .rodata        0x000000000800753c       0x23 ./Middlewares/Third_Party/AL94_USB_Composite/COMPOSITE/Class/COMPOSITE/Src/usbd_composite.o
 *(.rodata*)
 *fill*         0x000000000800755f        0x1 
 .rodata.AHBPrescTable
                0x0000000008007560       0x10 ./Core/Src/system_stm32f1xx.o
                0x0000000008007560                AHBPrescTable
                0x0000000008007570                . = ALIGN (0x4)

.rel.dyn        0x0000000008007570        0x0
 .rel.iplt      0x0000000008007570        0x0 c:/st/stm32cubeide_1.7.0/stm32cubeide/plugins/com.st.stm32cube.ide.mcu.externaltools.gnu-tools-for-stm32.9-2020-q2-update.win32_2.0.0.202105311346/tools/bin/../lib/gcc/arm-none-eabi/9.3.1/thumb/v7-m/nofp/crtbegin.o

.ARM.extab      0x0000000008007570        0x0
                0x0000000008007570                . = ALIGN (0x4)
 *(.ARM.extab* .gnu.linkonce.armextab.*)
                0x0000000008007570                . = ALIGN (0x4)

.ARM            0x0000000008007570        0x0
                0x0000000008007570                . = ALIGN (0x4)
                0x0000000008007570                __exidx_start = .
 *(.ARM.exidx*)
                0x0000000008007570                __exidx_end = .
                0x0000000008007570                . = ALIGN (0x4)

.preinit_array  0x0000000008007570        0x0
                0x0000000008007570                . = ALIGN (0x4)
                0x0000000008007570                PROVIDE (__preinit_array_start = .)
 *(.preinit_array*)
                0x0000000008007570                PROVIDE (__preinit_array_end = .)
                0x0000000008007570                . = ALIGN (0x4)

.init_array     0x0000000008007570        0x4
                0x0000000008007570                . = ALIGN (0x4)
                0x0000000008007570                PROVIDE (__init_array_start = .)
 *(SORT_BY_NAME(.init_array.*))
 *(.init_array*)
 .init_array    0x0000000008007570        0x4 c:/st/stm32cubeide_1.7.0/stm32cubeide/plugins/com.st.stm32cube.ide.mcu.externaltools.gnu-tools-for-stm32.9-2020-q2-update.win32_2.0.0.202105311346/tools/bin/../lib/gcc/arm-none-eabi/9.3.1/thumb/v7-m/nofp/crtbegin.o
                0x0000000008007574                PROVIDE (__init_array_end = .)
                0x0000000008007574                . = ALIGN (0x4)

.fini_array     0x0000000008007574        0x4
                0x0000000008007574                . = ALIGN (0x4)
                [!provide]                        PROVIDE (__fini_array_start = .)
 *(SORT_BY_NAME(.fini_array.*))
 *(.fini_array*)
 .fini_array    0x0000000008007574        0x4 c:/st/stm32cubeide_1.7.0/stm32cubeide/plugins/com.st.stm32cube.ide.mcu.externaltools.gnu-tools-for-stm32.9-2020-q2-update.win32_2.0.0.202105311346/tools/bin/../lib/gcc/arm-none-eabi/9.3.1/thumb/v7-m/nofp/crtbegin.o
                [!provide]                        PROVIDE (__fini_array_end = .)
                0x0000000008007578                . = ALIGN (0x4)
                0x0000000008007578                _sidata = LOADADDR (.data)

.data           0x0000000020000000      0x2e8 load address 0x0000000008007578
                0x0000000020000000                . = ALIGN (0x4)
                0x0000000020000000                _sdata = .
 *(.data)
 *(.data*)
 .data.SystemCoreClock
                0x0000000020000000        0x4 ./Core/Src/system_stm32f1xx.o
                0x0000000020000000                SystemCoreClock
 .data.uwTickPrio
                0x0000000020000004        0x4 ./Drivers/STM32F1xx_HAL_Driver/Src/stm32f1xx_hal.o
                0x0000000020000004                uwTickPrio
 .data.uwTickFreq
                0x0000000020000008        0x1 ./Drivers/STM32F1xx_HAL_Driver/Src/stm32f1xx_hal.o
                0x0000000020000008                uwTickFreq
 *fill*         0x0000000020000009        0x3 
 .data.USBD_Desc
                0x000000002000000c       0x1c ./Middlewares/Third_Party/AL94_USB_Composite/COMPOSITE/App/usbd_desc.o
                0x000000002000000c                USBD_Desc
 .data.USBD_DeviceDesc
                0x0000000020000028       0x12 ./Middlewares/Third_Party/AL94_USB_Composite/COMPOSITE/App/usbd_desc.o
                0x0000000020000028                USBD_DeviceDesc
 *fill*         0x000000002000003a        0x2 
 .data.USBD_LangIDDesc
                0x000000002000003c        0x4 ./Middlewares/Third_Party/AL94_USB_Composite/COMPOSITE/App/usbd_desc.o
                0x000000002000003c                USBD_LangIDDesc
 .data.USBD_StringSerial
                0x0000000020000040       0x1a ./Middlewares/Third_Party/AL94_USB_Composite/COMPOSITE/App/usbd_desc.o
                0x0000000020000040                USBD_StringSerial
 *fill*         0x000000002000005a        0x2 
 .data.USBD_COMPOSITE
                0x000000002000005c       0x3c ./Middlewares/Third_Party/AL94_USB_Composite/COMPOSITE/Class/COMPOSITE/Src/usbd_composite.o
                0x000000002000005c                USBD_COMPOSITE
 .data.USBD_Track_String_Index
                0x0000000020000098        0x1 ./Middlewares/Third_Party/AL94_USB_Composite/COMPOSITE/Class/COMPOSITE/Src/usbd_composite.o
                0x0000000020000098                USBD_Track_String_Index
 *fill*         0x0000000020000099        0x3 
 .data.USBD_COMPOSITE_DeviceQualifierDesc
                0x000000002000009c        0xa ./Middlewares/Third_Party/AL94_USB_Composite/COMPOSITE/Class/COMPOSITE/Src/usbd_composite.o
 .data.HID_KEYBOARD_IN_EP
                0x00000000200000a6        0x1 ./Middlewares/Third_Party/AL94_USB_Composite/COMPOSITE/Class/HID_KEYBOARD/Src/usbd_hid_keyboard.o
                0x00000000200000a6                HID_KEYBOARD_IN_EP
 *fill*         0x00000000200000a7        0x1 
 .data.USBD_HID_KEYBOARD
                0x00000000200000a8       0x3c ./Middlewares/Third_Party/AL94_USB_Composite/COMPOSITE/Class/HID_KEYBOARD/Src/usbd_hid_keyboard.o
                0x00000000200000a8                USBD_HID_KEYBOARD
 .data.USBD_HID_KEYBOARD_CfgFSDesc
                0x00000000200000e4       0x22 ./Middlewares/Third_Party/AL94_USB_Composite/COMPOSITE/Class/HID_KEYBOARD/Src/usbd_hid_keyboard.o
 *fill*         0x0000000020000106        0x2 
 .data.USBD_HID_KEYBOARD_CfgHSDesc
                0x0000000020000108       0x22 ./Middlewares/Third_Party/AL94_USB_Composite/COMPOSITE/Class/HID_KEYBOARD/Src/usbd_hid_keyboard.o
 *fill*         0x000000002000012a        0x2 
 .data.USBD_HID_KEYBOARD_Desc
                0x000000002000012c        0x9 ./Middlewares/Third_Party/AL94_USB_Composite/COMPOSITE/Class/HID_KEYBOARD/Src/usbd_hid_keyboard.o
 *fill*         0x0000000020000135        0x3 
 .data.USBD_HID_DeviceQualifierDesc
                0x0000000020000138        0xa ./Middlewares/Third_Party/AL94_USB_Composite/COMPOSITE/Class/HID_KEYBOARD/Src/usbd_hid_keyboard.o
 *fill*         0x0000000020000142        0x2 
 .data.HID_KEYBOARD_ReportDesc
                0x0000000020000144       0xbb ./Middlewares/Third_Party/AL94_USB_Composite/COMPOSITE/Class/HID_KEYBOARD/Src/usbd_hid_keyboard.o
 .data.HID_MOUSE_IN_EP
                0x00000000200001ff        0x1 ./Middlewares/Third_Party/AL94_USB_Composite/COMPOSITE/Class/HID_MOUSE/Src/usbd_hid_mouse.o
                0x00000000200001ff                HID_MOUSE_IN_EP
 .data.USBD_HID_MOUSE
                0x0000000020000200       0x3c ./Middlewares/Third_Party/AL94_USB_Composite/COMPOSITE/Class/HID_MOUSE/Src/usbd_hid_mouse.o
                0x0000000020000200                USBD_HID_MOUSE
 .data.USBD_HID_CfgFSDesc
                0x000000002000023c       0x22 ./Middlewares/Third_Party/AL94_USB_Composite/COMPOSITE/Class/HID_MOUSE/Src/usbd_hid_mouse.o
 *fill*         0x000000002000025e        0x2 
 .data.USBD_HID_CfgHSDesc
                0x0000000020000260       0x22 ./Middlewares/Third_Party/AL94_USB_Composite/COMPOSITE/Class/HID_MOUSE/Src/usbd_hid_mouse.o
 *fill*         0x0000000020000282        0x2 
 .data.USBD_HID_Desc
                0x0000000020000284        0x9 ./Middlewares/Third_Party/AL94_USB_Composite/COMPOSITE/Class/HID_MOUSE/Src/usbd_hid_mouse.o
 *fill*         0x000000002000028d        0x3 
 .data.USBD_HID_DeviceQualifierDesc
                0x0000000020000290        0xa ./Middlewares/Third_Party/AL94_USB_Composite/COMPOSITE/Class/HID_MOUSE/Src/usbd_hid_mouse.o
 *fill*         0x000000002000029a        0x2 
 .data.HID_MOUSE_ReportDesc
                0x000000002000029c       0x4a ./Middlewares/Third_Party/AL94_USB_Composite/COMPOSITE/Class/HID_MOUSE/Src/usbd_hid_mouse.o
 *(.RamFunc)
 *(.RamFunc*)
                0x00000000200002e8                . = ALIGN (0x4)
 *fill*         0x00000000200002e6        0x2 
                0x00000000200002e8                _edata = .

.igot.plt       0x00000000200002e8        0x0 load address 0x0000000008007860
 .igot.plt      0x00000000200002e8        0x0 c:/st/stm32cubeide_1.7.0/stm32cubeide/plugins/com.st.stm32cube.ide.mcu.externaltools.gnu-tools-for-stm32.9-2020-q2-update.win32_2.0.0.202105311346/tools/bin/../lib/gcc/arm-none-eabi/9.3.1/thumb/v7-m/nofp/crtbegin.o
                0x00000000200002e8                . = ALIGN (0x4)

.bss            0x00000000200002e8      0x910 load address 0x0000000008007860
                0x00000000200002e8                _sbss = .
                0x00000000200002e8                __bss_start__ = _sbss
 *(.bss)
 .bss           0x00000000200002e8       0x1c c:/st/stm32cubeide_1.7.0/stm32cubeide/plugins/com.st.stm32cube.ide.mcu.externaltools.gnu-tools-for-stm32.9-2020-q2-update.win32_2.0.0.202105311346/tools/bin/../lib/gcc/arm-none-eabi/9.3.1/thumb/v7-m/nofp/crtbegin.o
 *(.bss*)
 .bss.USBD_StrDesc.7796
                0x0000000020000304       0x40 ./Middlewares/Third_Party/AL94_USB_Composite/COMPOSITE/Class/COMPOSITE/Src/usbd_composite.o
 .bss.HID_KEYBOARD_ITF_NBR
                0x0000000020000344        0x1 ./Middlewares/Third_Party/AL94_USB_Composite/COMPOSITE/Class/HID_KEYBOARD/Src/usbd_hid_keyboard.o
                0x0000000020000344                HID_KEYBOARD_ITF_NBR
 .bss.HID_KEYBOARD_STR_DESC_IDX
                0x0000000020000345        0x1 ./Middlewares/Third_Party/AL94_USB_Composite/COMPOSITE/Class/HID_KEYBOARD/Src/usbd_hid_keyboard.o
                0x0000000020000345                HID_KEYBOARD_STR_DESC_IDX
 *fill*         0x0000000020000346        0x2 
 .bss.USBD_HID_KBD_Instace
                0x0000000020000348       0x10 ./Middlewares/Third_Party/AL94_USB_Composite/COMPOSITE/Class/HID_KEYBOARD/Src/usbd_hid_keyboard.o
 .bss.HID_MOUSE_ITF_NBR
                0x0000000020000358        0x1 ./Middlewares/Third_Party/AL94_USB_Composite/COMPOSITE/Class/HID_MOUSE/Src/usbd_hid_mouse.o
                0x0000000020000358                HID_MOUSE_ITF_NBR
 .bss.HID_MOUSE_STR_DESC_IDX
                0x0000000020000359        0x1 ./Middlewares/Third_Party/AL94_USB_Composite/COMPOSITE/Class/HID_MOUSE/Src/usbd_hid_mouse.o
                0x0000000020000359                HID_MOUSE_STR_DESC_IDX
 *fill*         0x000000002000035a        0x2 
 .bss.USBD_HID_Instance
                0x000000002000035c       0x10 ./Middlewares/Third_Party/AL94_USB_Composite/COMPOSITE/Class/HID_MOUSE/Src/usbd_hid_mouse.o
 .bss.cfgidx.7758
                0x000000002000036c        0x1 ./Middlewares/Third_Party/AL94_USB_Composite/COMPOSITE/Core/Src/usbd_ctlreq.o
 *(COMMON)
 *fill*         0x000000002000036d        0x3 
 COMMON         0x0000000020000370      0x2ec ./Core/Src/usb.o
                0x0000000020000370                hpcd_USB_FS
 COMMON         0x000000002000065c        0x4 ./Drivers/STM32F1xx_HAL_Driver/Src/stm32f1xx_hal.o
                0x000000002000065c                uwTick
 COMMON         0x0000000020000660      0x31c ./Middlewares/Third_Party/AL94_USB_Composite/COMPOSITE/App/usb_device.o
                0x0000000020000660                hUsbDevice
 COMMON         0x000000002000097c      0x200 ./Middlewares/Third_Party/AL94_USB_Composite/COMPOSITE/App/usbd_desc.o
                0x000000002000097c                USBD_StrDesc
 COMMON         0x0000000020000b7c       0x77 ./Middlewares/Third_Party/AL94_USB_Composite/COMPOSITE/Class/COMPOSITE/Src/usbd_composite.o
                0x0000000020000b7c                USBD_COMPOSITE_HSCfgDesc
                0x0000000020000bb8                USBD_COMPOSITE_FSCfgDesc
 *fill*         0x0000000020000bf3        0x1 
 COMMON         0x0000000020000bf4        0x4 ./Middlewares/Third_Party/AL94_USB_Composite/COMPOSITE/Target/usbd_conf.o
                0x0000000020000bf4                hpcd_USB_OTG_PTR
                0x0000000020000bf8                . = ALIGN (0x4)
                0x0000000020000bf8                _ebss = .
                0x0000000020000bf8                __bss_end__ = _ebss

._user_heap_stack
                0x0000000020000bf8      0x600 load address 0x0000000008007860
                0x0000000020000bf8                . = ALIGN (0x8)
                [!provide]                        PROVIDE (end = .)
                0x0000000020000bf8                PROVIDE (_end = .)
                0x0000000020000df8                . = (. + _Min_Heap_Size)
 *fill*         0x0000000020000bf8      0x200 
                0x00000000200011f8                . = (. + _Min_Stack_Size)
 *fill*         0x0000000020000df8      0x400 
                0x00000000200011f8                . = ALIGN (0x8)

/DISCARD/
 libc.a(*)
 libm.a(*)
 libgcc.a(*)

.ARM.attributes
                0x0000000000000000       0x29
 *(.ARM.attributes)
 .ARM.attributes
                0x0000000000000000       0x1d c:/st/stm32cubeide_1.7.0/stm32cubeide/plugins/com.st.stm32cube.ide.mcu.externaltools.gnu-tools-for-stm32.9-2020-q2-update.win32_2.0.0.202105311346/tools/bin/../lib/gcc/arm-none-eabi/9.3.1/thumb/v7-m/nofp/crti.o
 .ARM.attributes
                0x000000000000001d       0x2d c:/st/stm32cubeide_1.7.0/stm32cubeide/plugins/com.st.stm32cube.ide.mcu.externaltools.gnu-tools-for-stm32.9-2020-q2-update.win32_2.0.0.202105311346/tools/bin/../lib/gcc/arm-none-eabi/9.3.1/thumb/v7-m/nofp/crtbegin.o
 .ARM.attributes
                0x000000000000004a       0x2d ./Core/Src/gpio.o
 .ARM.attributes
                0x0000000000000077       0x2d ./Core/Src/main.o
 .ARM.attributes
                0x00000000000000a4       0x2d ./Core/Src/stm32f1xx_hal_msp.o
 .ARM.attributes
                0x00000000000000d1       0x2d ./Core/Src/stm32f1xx_it.o
 .ARM.attributes
                0x00000000000000fe       0x2d ./Core/Src/system_stm32f1xx.o
 .ARM.attributes
                0x000000000000012b       0x2d ./Core/Src/usb.o
 .ARM.attributes
                0x0000000000000158       0x21 ./Core/Startup/startup_stm32f103c8tx.o
 .ARM.attributes
                0x0000000000000179       0x2d ./Drivers/STM32F1xx_HAL_Driver/Src/stm32f1xx_hal.o
 .ARM.attributes
                0x00000000000001a6       0x2d ./Drivers/STM32F1xx_HAL_Driver/Src/stm32f1xx_hal_cortex.o
 .ARM.attributes
                0x00000000000001d3       0x2d ./Drivers/STM32F1xx_HAL_Driver/Src/stm32f1xx_hal_pcd.o
 .ARM.attributes
                0x0000000000000200       0x2d ./Drivers/STM32F1xx_HAL_Driver/Src/stm32f1xx_hal_pcd_ex.o
 .ARM.attributes
                0x000000000000022d       0x2d ./Drivers/STM32F1xx_HAL_Driver/Src/stm32f1xx_hal_rcc.o
 .ARM.attributes
                0x000000000000025a       0x2d ./Drivers/STM32F1xx_HAL_Driver/Src/stm32f1xx_hal_rcc_ex.o
 .ARM.attributes
                0x0000000000000287       0x2d ./Drivers/STM32F1xx_HAL_Driver/Src/stm32f1xx_ll_usb.o
 .ARM.attributes
                0x00000000000002b4       0x2d ./Middlewares/Third_Party/AL94_USB_Composite/COMPOSITE/App/usb_device.o
 .ARM.attributes
                0x00000000000002e1       0x2d ./Middlewares/Third_Party/AL94_USB_Composite/COMPOSITE/App/usbd_desc.o
 .ARM.attributes
                0x000000000000030e       0x2d ./Middlewares/Third_Party/AL94_USB_Composite/COMPOSITE/Class/COMPOSITE/Src/usbd_composite.o
 .ARM.attributes
                0x000000000000033b       0x2d ./Middlewares/Third_Party/AL94_USB_Composite/COMPOSITE/Class/HID_KEYBOARD/Src/usbd_hid_keyboard.o
 .ARM.attributes
                0x0000000000000368       0x2d ./Middlewares/Third_Party/AL94_USB_Composite/COMPOSITE/Class/HID_MOUSE/Src/usbd_hid_mouse.o
 .ARM.attributes
                0x0000000000000395       0x2d ./Middlewares/Third_Party/AL94_USB_Composite/COMPOSITE/Core/Src/usbd_core.o
 .ARM.attributes
                0x00000000000003c2       0x2d ./Middlewares/Third_Party/AL94_USB_Composite/COMPOSITE/Core/Src/usbd_ctlreq.o
 .ARM.attributes
                0x00000000000003ef       0x2d ./Middlewares/Third_Party/AL94_USB_Composite/COMPOSITE/Core/Src/usbd_ioreq.o
 .ARM.attributes
                0x000000000000041c       0x2d ./Middlewares/Third_Party/AL94_USB_Composite/COMPOSITE/Target/usbd_conf.o
 .ARM.attributes
                0x0000000000000449       0x2d c:/st/stm32cubeide_1.7.0/stm32cubeide/plugins/com.st.stm32cube.ide.mcu.externaltools.gnu-tools-for-stm32.9-2020-q2-update.win32_2.0.0.202105311346/tools/bin/../lib/gcc/arm-none-eabi/9.3.1/../../../../arm-none-eabi/lib/thumb/v7-m/nofp\libc_nano.a(lib_a-init.o)
 .ARM.attributes
                0x0000000000000476       0x2d c:/st/stm32cubeide_1.7.0/stm32cubeide/plugins/com.st.stm32cube.ide.mcu.externaltools.gnu-tools-for-stm32.9-2020-q2-update.win32_2.0.0.202105311346/tools/bin/../lib/gcc/arm-none-eabi/9.3.1/../../../../arm-none-eabi/lib/thumb/v7-m/nofp\libc_nano.a(lib_a-memcpy-stub.o)
 .ARM.attributes
                0x00000000000004a3       0x2d c:/st/stm32cubeide_1.7.0/stm32cubeide/plugins/com.st.stm32cube.ide.mcu.externaltools.gnu-tools-for-stm32.9-2020-q2-update.win32_2.0.0.202105311346/tools/bin/../lib/gcc/arm-none-eabi/9.3.1/../../../../arm-none-eabi/lib/thumb/v7-m/nofp\libc_nano.a(lib_a-memset.o)
 .ARM.attributes
                0x00000000000004d0       0x1d c:/st/stm32cubeide_1.7.0/stm32cubeide/plugins/com.st.stm32cube.ide.mcu.externaltools.gnu-tools-for-stm32.9-2020-q2-update.win32_2.0.0.202105311346/tools/bin/../lib/gcc/arm-none-eabi/9.3.1/thumb/v7-m/nofp/crtn.o
OUTPUT(MKE_test.elf elf32-littlearm)
LOAD linker stubs
LOAD c:/st/stm32cubeide_1.7.0/stm32cubeide/plugins/com.st.stm32cube.ide.mcu.externaltools.gnu-tools-for-stm32.9-2020-q2-update.win32_2.0.0.202105311346/tools/bin/../lib/gcc/arm-none-eabi/9.3.1/../../../../arm-none-eabi/lib/thumb/v7-m/nofp\libc.a
LOAD c:/st/stm32cubeide_1.7.0/stm32cubeide/plugins/com.st.stm32cube.ide.mcu.externaltools.gnu-tools-for-stm32.9-2020-q2-update.win32_2.0.0.202105311346/tools/bin/../lib/gcc/arm-none-eabi/9.3.1/../../../../arm-none-eabi/lib/thumb/v7-m/nofp\libm.a
LOAD c:/st/stm32cubeide_1.7.0/stm32cubeide/plugins/com.st.stm32cube.ide.mcu.externaltools.gnu-tools-for-stm32.9-2020-q2-update.win32_2.0.0.202105311346/tools/bin/../lib/gcc/arm-none-eabi/9.3.1/thumb/v7-m/nofp\libgcc.a

.debug_info     0x0000000000000000    0x1337b
 .debug_info    0x0000000000000000      0x26c ./Core/Src/gpio.o
 .debug_info    0x000000000000026c      0x889 ./Core/Src/main.o
 .debug_info    0x0000000000000af5      0x2fc ./Core/Src/stm32f1xx_hal_msp.o
 .debug_info    0x0000000000000df1      0x725 ./Core/Src/stm32f1xx_it.o
 .debug_info    0x0000000000001516      0x2be ./Core/Src/system_stm32f1xx.o
 .debug_info    0x00000000000017d4      0x916 ./Core/Src/usb.o
 .debug_info    0x00000000000020ea       0x22 ./Core/Startup/startup_stm32f103c8tx.o
 .debug_info    0x000000000000210c      0x76a ./Drivers/STM32F1xx_HAL_Driver/Src/stm32f1xx_hal.o
 .debug_info    0x0000000000002876      0xbdc ./Drivers/STM32F1xx_HAL_Driver/Src/stm32f1xx_hal_cortex.o
 .debug_info    0x0000000000003452     0x1509 ./Drivers/STM32F1xx_HAL_Driver/Src/stm32f1xx_hal_pcd.o
 .debug_info    0x000000000000495b      0x7fc ./Drivers/STM32F1xx_HAL_Driver/Src/stm32f1xx_hal_pcd_ex.o
 .debug_info    0x0000000000005157      0x88e ./Drivers/STM32F1xx_HAL_Driver/Src/stm32f1xx_hal_rcc.o
 .debug_info    0x00000000000059e5      0x480 ./Drivers/STM32F1xx_HAL_Driver/Src/stm32f1xx_hal_rcc_ex.o
 .debug_info    0x0000000000005e65     0x19e6 ./Drivers/STM32F1xx_HAL_Driver/Src/stm32f1xx_ll_usb.o
 .debug_info    0x000000000000784b     0x10bf ./Middlewares/Third_Party/AL94_USB_Composite/COMPOSITE/App/usb_device.o
 .debug_info    0x000000000000890a     0x1339 ./Middlewares/Third_Party/AL94_USB_Composite/COMPOSITE/App/usbd_desc.o
 .debug_info    0x0000000000009c43     0x1515 ./Middlewares/Third_Party/AL94_USB_Composite/COMPOSITE/Class/COMPOSITE/Src/usbd_composite.o
 .debug_info    0x000000000000b158     0x14b2 ./Middlewares/Third_Party/AL94_USB_Composite/COMPOSITE/Class/HID_KEYBOARD/Src/usbd_hid_keyboard.o
 .debug_info    0x000000000000c60a     0x14b2 ./Middlewares/Third_Party/AL94_USB_Composite/COMPOSITE/Class/HID_MOUSE/Src/usbd_hid_mouse.o
 .debug_info    0x000000000000dabc     0x14f0 ./Middlewares/Third_Party/AL94_USB_Composite/COMPOSITE/Core/Src/usbd_core.o
 .debug_info    0x000000000000efac     0x14bc ./Middlewares/Third_Party/AL94_USB_Composite/COMPOSITE/Core/Src/usbd_ctlreq.o
 .debug_info    0x0000000000010468     0x11de ./Middlewares/Third_Party/AL94_USB_Composite/COMPOSITE/Core/Src/usbd_ioreq.o
 .debug_info    0x0000000000011646     0x1d35 ./Middlewares/Third_Party/AL94_USB_Composite/COMPOSITE/Target/usbd_conf.o

.debug_abbrev   0x0000000000000000     0x30d0
 .debug_abbrev  0x0000000000000000      0x11d ./Core/Src/gpio.o
 .debug_abbrev  0x000000000000011d      0x1e0 ./Core/Src/main.o
 .debug_abbrev  0x00000000000002fd      0x11d ./Core/Src/stm32f1xx_hal_msp.o
 .debug_abbrev  0x000000000000041a      0x173 ./Core/Src/stm32f1xx_it.o
 .debug_abbrev  0x000000000000058d      0x14e ./Core/Src/system_stm32f1xx.o
 .debug_abbrev  0x00000000000006db      0x1b8 ./Core/Src/usb.o
 .debug_abbrev  0x0000000000000893       0x12 ./Core/Startup/startup_stm32f103c8tx.o
 .debug_abbrev  0x00000000000008a5      0x1ed ./Drivers/STM32F1xx_HAL_Driver/Src/stm32f1xx_hal.o
 .debug_abbrev  0x0000000000000a92      0x313 ./Drivers/STM32F1xx_HAL_Driver/Src/stm32f1xx_hal_cortex.o
 .debug_abbrev  0x0000000000000da5      0x29e ./Drivers/STM32F1xx_HAL_Driver/Src/stm32f1xx_hal_pcd.o
 .debug_abbrev  0x0000000000001043      0x1ac ./Drivers/STM32F1xx_HAL_Driver/Src/stm32f1xx_hal_pcd_ex.o
 .debug_abbrev  0x00000000000011ef      0x273 ./Drivers/STM32F1xx_HAL_Driver/Src/stm32f1xx_hal_rcc.o
 .debug_abbrev  0x0000000000001462      0x193 ./Drivers/STM32F1xx_HAL_Driver/Src/stm32f1xx_hal_rcc_ex.o
 .debug_abbrev  0x00000000000015f5      0x1fa ./Drivers/STM32F1xx_HAL_Driver/Src/stm32f1xx_ll_usb.o
 .debug_abbrev  0x00000000000017ef      0x1fb ./Middlewares/Third_Party/AL94_USB_Composite/COMPOSITE/App/usb_device.o
 .debug_abbrev  0x00000000000019ea      0x2fb ./Middlewares/Third_Party/AL94_USB_Composite/COMPOSITE/App/usbd_desc.o
 .debug_abbrev  0x0000000000001ce5      0x31f ./Middlewares/Third_Party/AL94_USB_Composite/COMPOSITE/Class/COMPOSITE/Src/usbd_composite.o
 .debug_abbrev  0x0000000000002004      0x304 ./Middlewares/Third_Party/AL94_USB_Composite/COMPOSITE/Class/HID_KEYBOARD/Src/usbd_hid_keyboard.o
 .debug_abbrev  0x0000000000002308      0x304 ./Middlewares/Third_Party/AL94_USB_Composite/COMPOSITE/Class/HID_MOUSE/Src/usbd_hid_mouse.o
 .debug_abbrev  0x000000000000260c      0x2b7 ./Middlewares/Third_Party/AL94_USB_Composite/COMPOSITE/Core/Src/usbd_core.o
 .debug_abbrev  0x00000000000028c3      0x2fc ./Middlewares/Third_Party/AL94_USB_Composite/COMPOSITE/Core/Src/usbd_ctlreq.o
 .debug_abbrev  0x0000000000002bbf      0x22a ./Middlewares/Third_Party/AL94_USB_Composite/COMPOSITE/Core/Src/usbd_ioreq.o
 .debug_abbrev  0x0000000000002de9      0x2e7 ./Middlewares/Third_Party/AL94_USB_Composite/COMPOSITE/Target/usbd_conf.o

.debug_aranges  0x0000000000000000      0xaf0
 .debug_aranges
                0x0000000000000000       0x20 ./Core/Src/gpio.o
 .debug_aranges
                0x0000000000000020       0x30 ./Core/Src/main.o
 .debug_aranges
                0x0000000000000050       0x20 ./Core/Src/stm32f1xx_hal_msp.o
 .debug_aranges
                0x0000000000000070       0x70 ./Core/Src/stm32f1xx_it.o
 .debug_aranges
                0x00000000000000e0       0x28 ./Core/Src/system_stm32f1xx.o
 .debug_aranges
                0x0000000000000108       0x30 ./Core/Src/usb.o
 .debug_aranges
                0x0000000000000138       0x28 ./Core/Startup/startup_stm32f103c8tx.o
 .debug_aranges
                0x0000000000000160       0xe0 ./Drivers/STM32F1xx_HAL_Driver/Src/stm32f1xx_hal.o
 .debug_aranges
                0x0000000000000240      0x100 ./Drivers/STM32F1xx_HAL_Driver/Src/stm32f1xx_hal_cortex.o
 .debug_aranges
                0x0000000000000340      0x138 ./Drivers/STM32F1xx_HAL_Driver/Src/stm32f1xx_hal_pcd.o
 .debug_aranges
                0x0000000000000478       0x38 ./Drivers/STM32F1xx_HAL_Driver/Src/stm32f1xx_hal_pcd_ex.o
 .debug_aranges
                0x00000000000004b0       0x90 ./Drivers/STM32F1xx_HAL_Driver/Src/stm32f1xx_hal_rcc.o
 .debug_aranges
                0x0000000000000540       0x30 ./Drivers/STM32F1xx_HAL_Driver/Src/stm32f1xx_hal_rcc_ex.o
 .debug_aranges
                0x0000000000000570       0xf0 ./Drivers/STM32F1xx_HAL_Driver/Src/stm32f1xx_ll_usb.o
 .debug_aranges
                0x0000000000000660       0x20 ./Middlewares/Third_Party/AL94_USB_Composite/COMPOSITE/App/usb_device.o
 .debug_aranges
                0x0000000000000680       0x60 ./Middlewares/Third_Party/AL94_USB_Composite/COMPOSITE/App/usbd_desc.o
 .debug_aranges
                0x00000000000006e0       0x98 ./Middlewares/Third_Party/AL94_USB_Composite/COMPOSITE/Class/COMPOSITE/Src/usbd_composite.o
 .debug_aranges
                0x0000000000000778       0x70 ./Middlewares/Third_Party/AL94_USB_Composite/COMPOSITE/Class/HID_KEYBOARD/Src/usbd_hid_keyboard.o
 .debug_aranges
                0x00000000000007e8       0x70 ./Middlewares/Third_Party/AL94_USB_Composite/COMPOSITE/Class/HID_MOUSE/Src/usbd_hid_mouse.o
 .debug_aranges
                0x0000000000000858       0xb8 ./Middlewares/Third_Party/AL94_USB_Composite/COMPOSITE/Core/Src/usbd_core.o
 .debug_aranges
                0x0000000000000910       0x90 ./Middlewares/Third_Party/AL94_USB_Composite/COMPOSITE/Core/Src/usbd_ctlreq.o
 .debug_aranges
                0x00000000000009a0       0x50 ./Middlewares/Third_Party/AL94_USB_Composite/COMPOSITE/Core/Src/usbd_ioreq.o
 .debug_aranges
                0x00000000000009f0      0x100 ./Middlewares/Third_Party/AL94_USB_Composite/COMPOSITE/Target/usbd_conf.o

.debug_ranges   0x0000000000000000      0x988
 .debug_ranges  0x0000000000000000       0x10 ./Core/Src/gpio.o
 .debug_ranges  0x0000000000000010       0x20 ./Core/Src/main.o
 .debug_ranges  0x0000000000000030       0x10 ./Core/Src/stm32f1xx_hal_msp.o
 .debug_ranges  0x0000000000000040       0x60 ./Core/Src/stm32f1xx_it.o
 .debug_ranges  0x00000000000000a0       0x18 ./Core/Src/system_stm32f1xx.o
 .debug_ranges  0x00000000000000b8       0x20 ./Core/Src/usb.o
 .debug_ranges  0x00000000000000d8       0x20 ./Core/Startup/startup_stm32f103c8tx.o
 .debug_ranges  0x00000000000000f8       0xd0 ./Drivers/STM32F1xx_HAL_Driver/Src/stm32f1xx_hal.o
 .debug_ranges  0x00000000000001c8       0xf0 ./Drivers/STM32F1xx_HAL_Driver/Src/stm32f1xx_hal_cortex.o
 .debug_ranges  0x00000000000002b8      0x128 ./Drivers/STM32F1xx_HAL_Driver/Src/stm32f1xx_hal_pcd.o
 .debug_ranges  0x00000000000003e0       0x28 ./Drivers/STM32F1xx_HAL_Driver/Src/stm32f1xx_hal_pcd_ex.o
 .debug_ranges  0x0000000000000408       0x80 ./Drivers/STM32F1xx_HAL_Driver/Src/stm32f1xx_hal_rcc.o
 .debug_ranges  0x0000000000000488       0x20 ./Drivers/STM32F1xx_HAL_Driver/Src/stm32f1xx_hal_rcc_ex.o
 .debug_ranges  0x00000000000004a8       0xe0 ./Drivers/STM32F1xx_HAL_Driver/Src/stm32f1xx_ll_usb.o
 .debug_ranges  0x0000000000000588       0x10 ./Middlewares/Third_Party/AL94_USB_Composite/COMPOSITE/App/usb_device.o
 .debug_ranges  0x0000000000000598       0x50 ./Middlewares/Third_Party/AL94_USB_Composite/COMPOSITE/App/usbd_desc.o
 .debug_ranges  0x00000000000005e8       0x88 ./Middlewares/Third_Party/AL94_USB_Composite/COMPOSITE/Class/COMPOSITE/Src/usbd_composite.o
 .debug_ranges  0x0000000000000670       0x60 ./Middlewares/Third_Party/AL94_USB_Composite/COMPOSITE/Class/HID_KEYBOARD/Src/usbd_hid_keyboard.o
 .debug_ranges  0x00000000000006d0       0x60 ./Middlewares/Third_Party/AL94_USB_Composite/COMPOSITE/Class/HID_MOUSE/Src/usbd_hid_mouse.o
 .debug_ranges  0x0000000000000730       0xa8 ./Middlewares/Third_Party/AL94_USB_Composite/COMPOSITE/Core/Src/usbd_core.o
 .debug_ranges  0x00000000000007d8       0x80 ./Middlewares/Third_Party/AL94_USB_Composite/COMPOSITE/Core/Src/usbd_ctlreq.o
 .debug_ranges  0x0000000000000858       0x40 ./Middlewares/Third_Party/AL94_USB_Composite/COMPOSITE/Core/Src/usbd_ioreq.o
 .debug_ranges  0x0000000000000898       0xf0 ./Middlewares/Third_Party/AL94_USB_Composite/COMPOSITE/Target/usbd_conf.o

.debug_macro    0x0000000000000000    0x1951e
 .debug_macro   0x0000000000000000      0x1bc ./Core/Src/gpio.o
 .debug_macro   0x00000000000001bc      0xa9c ./Core/Src/gpio.o
 .debug_macro   0x0000000000000c58      0x215 ./Core/Src/gpio.o
 .debug_macro   0x0000000000000e6d       0x2e ./Core/Src/gpio.o
 .debug_macro   0x0000000000000e9b       0x22 ./Core/Src/gpio.o
 .debug_macro   0x0000000000000ebd       0x22 ./Core/Src/gpio.o
 .debug_macro   0x0000000000000edf       0x8e ./Core/Src/gpio.o
 .debug_macro   0x0000000000000f6d       0x51 ./Core/Src/gpio.o
 .debug_macro   0x0000000000000fbe      0x103 ./Core/Src/gpio.o
 .debug_macro   0x00000000000010c1       0x6a ./Core/Src/gpio.o
 .debug_macro   0x000000000000112b      0x1df ./Core/Src/gpio.o
 .debug_macro   0x000000000000130a       0x1c ./Core/Src/gpio.o
 .debug_macro   0x0000000000001326       0x22 ./Core/Src/gpio.o
 .debug_macro   0x0000000000001348       0xc3 ./Core/Src/gpio.o
 .debug_macro   0x000000000000140b      0xd23 ./Core/Src/gpio.o
 .debug_macro   0x000000000000212e     0xe09e ./Core/Src/gpio.o
 .debug_macro   0x00000000000101cc       0x6d ./Core/Src/gpio.o
 .debug_macro   0x0000000000010239     0x3468 ./Core/Src/gpio.o
 .debug_macro   0x00000000000136a1      0x174 ./Core/Src/gpio.o
 .debug_macro   0x0000000000013815       0x5c ./Core/Src/gpio.o
 .debug_macro   0x0000000000013871      0x5be ./Core/Src/gpio.o
 .debug_macro   0x0000000000013e2f      0x289 ./Core/Src/gpio.o
 .debug_macro   0x00000000000140b8      0x1cb ./Core/Src/gpio.o
 .debug_macro   0x0000000000014283      0x114 ./Core/Src/gpio.o
 .debug_macro   0x0000000000014397      0x1b2 ./Core/Src/gpio.o
 .debug_macro   0x0000000000014549       0x27 ./Core/Src/gpio.o
 .debug_macro   0x0000000000014570      0x136 ./Core/Src/gpio.o
 .debug_macro   0x00000000000146a6      0x1bc ./Core/Src/gpio.o
 .debug_macro   0x0000000000014862       0x34 ./Core/Src/gpio.o
 .debug_macro   0x0000000000014896       0x3c ./Core/Src/gpio.o
 .debug_macro   0x00000000000148d2       0x57 ./Core/Src/gpio.o
 .debug_macro   0x0000000000014929       0x88 ./Core/Src/gpio.o
 .debug_macro   0x00000000000149b1      0x241 ./Core/Src/gpio.o
 .debug_macro   0x0000000000014bf2      0x141 ./Core/Src/gpio.o
 .debug_macro   0x0000000000014d33       0x65 ./Core/Src/gpio.o
 .debug_macro   0x0000000000014d98      0x249 ./Core/Src/gpio.o
 .debug_macro   0x0000000000014fe1       0x83 ./Core/Src/gpio.o
 .debug_macro   0x0000000000015064      0x1ca ./Core/Src/main.o
 .debug_macro   0x000000000001522e      0x1b2 ./Core/Src/stm32f1xx_hal_msp.o
 .debug_macro   0x00000000000153e0      0x1bc ./Core/Src/stm32f1xx_it.o
 .debug_macro   0x000000000001559c      0x1a8 ./Core/Src/system_stm32f1xx.o
 .debug_macro   0x0000000000015744      0x1bc ./Core/Src/usb.o
 .debug_macro   0x0000000000015900      0x1cc ./Drivers/STM32F1xx_HAL_Driver/Src/stm32f1xx_hal.o
 .debug_macro   0x0000000000015acc      0x1a8 ./Drivers/STM32F1xx_HAL_Driver/Src/stm32f1xx_hal_cortex.o
 .debug_macro   0x0000000000015c74      0x1b4 ./Drivers/STM32F1xx_HAL_Driver/Src/stm32f1xx_hal_pcd.o
 .debug_macro   0x0000000000015e28      0x1a8 ./Drivers/STM32F1xx_HAL_Driver/Src/stm32f1xx_hal_pcd_ex.o
 .debug_macro   0x0000000000015fd0      0x1ba ./Drivers/STM32F1xx_HAL_Driver/Src/stm32f1xx_hal_rcc.o
 .debug_macro   0x000000000001618a      0x1a8 ./Drivers/STM32F1xx_HAL_Driver/Src/stm32f1xx_hal_rcc_ex.o
 .debug_macro   0x0000000000016332      0x1a8 ./Drivers/STM32F1xx_HAL_Driver/Src/stm32f1xx_ll_usb.o
 .debug_macro   0x00000000000164da      0x405 ./Middlewares/Third_Party/AL94_USB_Composite/COMPOSITE/App/usb_device.o
 .debug_macro   0x00000000000168df       0x52 ./Middlewares/Third_Party/AL94_USB_Composite/COMPOSITE/App/usb_device.o
 .debug_macro   0x0000000000016931       0x16 ./Middlewares/Third_Party/AL94_USB_Composite/COMPOSITE/App/usb_device.o
 .debug_macro   0x0000000000016947      0x333 ./Middlewares/Third_Party/AL94_USB_Composite/COMPOSITE/App/usb_device.o
 .debug_macro   0x0000000000016c7a       0x16 ./Middlewares/Third_Party/AL94_USB_Composite/COMPOSITE/App/usb_device.o
 .debug_macro   0x0000000000016c90       0x20 ./Middlewares/Third_Party/AL94_USB_Composite/COMPOSITE/App/usb_device.o
 .debug_macro   0x0000000000016cb0       0x6b ./Middlewares/Third_Party/AL94_USB_Composite/COMPOSITE/App/usb_device.o
 .debug_macro   0x0000000000016d1b      0x1e9 ./Middlewares/Third_Party/AL94_USB_Composite/COMPOSITE/App/usb_device.o
 .debug_macro   0x0000000000016f04       0x22 ./Middlewares/Third_Party/AL94_USB_Composite/COMPOSITE/App/usb_device.o
 .debug_macro   0x0000000000016f26       0x22 ./Middlewares/Third_Party/AL94_USB_Composite/COMPOSITE/App/usb_device.o
 .debug_macro   0x0000000000016f48       0x64 ./Middlewares/Third_Party/AL94_USB_Composite/COMPOSITE/App/usb_device.o
 .debug_macro   0x0000000000016fac       0x5e ./Middlewares/Third_Party/AL94_USB_Composite/COMPOSITE/App/usb_device.o
 .debug_macro   0x000000000001700a       0x64 ./Middlewares/Third_Party/AL94_USB_Composite/COMPOSITE/App/usb_device.o
 .debug_macro   0x000000000001706e       0x64 ./Middlewares/Third_Party/AL94_USB_Composite/COMPOSITE/App/usb_device.o
 .debug_macro   0x00000000000170d2      0x423 ./Middlewares/Third_Party/AL94_USB_Composite/COMPOSITE/App/usbd_desc.o
 .debug_macro   0x00000000000174f5       0x97 ./Middlewares/Third_Party/AL94_USB_Composite/COMPOSITE/App/usbd_desc.o
 .debug_macro   0x000000000001758c       0xfd ./Middlewares/Third_Party/AL94_USB_Composite/COMPOSITE/App/usbd_desc.o
 .debug_macro   0x0000000000017689       0xbd ./Middlewares/Third_Party/AL94_USB_Composite/COMPOSITE/App/usbd_desc.o
 .debug_macro   0x0000000000017746       0x56 ./Middlewares/Third_Party/AL94_USB_Composite/COMPOSITE/App/usbd_desc.o
 .debug_macro   0x000000000001779c      0x1ef ./Middlewares/Third_Party/AL94_USB_Composite/COMPOSITE/App/usbd_desc.o
 .debug_macro   0x000000000001798b       0x1c ./Middlewares/Third_Party/AL94_USB_Composite/COMPOSITE/App/usbd_desc.o
 .debug_macro   0x00000000000179a7      0x3ec ./Middlewares/Third_Party/AL94_USB_Composite/COMPOSITE/Class/COMPOSITE/Src/usbd_composite.o
 .debug_macro   0x0000000000017d93      0x3da ./Middlewares/Third_Party/AL94_USB_Composite/COMPOSITE/Class/HID_KEYBOARD/Src/usbd_hid_keyboard.o
 .debug_macro   0x000000000001816d       0x5e ./Middlewares/Third_Party/AL94_USB_Composite/COMPOSITE/Class/HID_KEYBOARD/Src/usbd_hid_keyboard.o
 .debug_macro   0x00000000000181cb      0x3da ./Middlewares/Third_Party/AL94_USB_Composite/COMPOSITE/Class/HID_MOUSE/Src/usbd_hid_mouse.o
 .debug_macro   0x00000000000185a5       0x5e ./Middlewares/Third_Party/AL94_USB_Composite/COMPOSITE/Class/HID_MOUSE/Src/usbd_hid_mouse.o
 .debug_macro   0x0000000000018603      0x3af ./Middlewares/Third_Party/AL94_USB_Composite/COMPOSITE/Core/Src/usbd_core.o
 .debug_macro   0x00000000000189b2      0x3b9 ./Middlewares/Third_Party/AL94_USB_Composite/COMPOSITE/Core/Src/usbd_ctlreq.o
 .debug_macro   0x0000000000018d6b      0x3b5 ./Middlewares/Third_Party/AL94_USB_Composite/COMPOSITE/Core/Src/usbd_ioreq.o
 .debug_macro   0x0000000000019120      0x3fe ./Middlewares/Third_Party/AL94_USB_Composite/COMPOSITE/Target/usbd_conf.o

.debug_line     0x0000000000000000     0xf48e
 .debug_line    0x0000000000000000      0x677 ./Core/Src/gpio.o
 .debug_line    0x0000000000000677      0x70e ./Core/Src/main.o
 .debug_line    0x0000000000000d85      0x67c ./Core/Src/stm32f1xx_hal_msp.o
 .debug_line    0x0000000000001401      0x76d ./Core/Src/stm32f1xx_it.o
 .debug_line    0x0000000000001b6e      0x6f9 ./Core/Src/system_stm32f1xx.o
 .debug_line    0x0000000000002267      0x6cb ./Core/Src/usb.o
 .debug_line    0x0000000000002932       0x87 ./Core/Startup/startup_stm32f103c8tx.o
 .debug_line    0x00000000000029b9      0x926 ./Drivers/STM32F1xx_HAL_Driver/Src/stm32f1xx_hal.o
 .debug_line    0x00000000000032df      0xb0e ./Drivers/STM32F1xx_HAL_Driver/Src/stm32f1xx_hal_cortex.o
 .debug_line    0x0000000000003ded     0x1314 ./Drivers/STM32F1xx_HAL_Driver/Src/stm32f1xx_hal_pcd.o
 .debug_line    0x0000000000005101      0x6f4 ./Drivers/STM32F1xx_HAL_Driver/Src/stm32f1xx_hal_pcd_ex.o
 .debug_line    0x00000000000057f5      0xd34 ./Drivers/STM32F1xx_HAL_Driver/Src/stm32f1xx_hal_rcc.o
 .debug_line    0x0000000000006529      0x872 ./Drivers/STM32F1xx_HAL_Driver/Src/stm32f1xx_hal_rcc_ex.o
 .debug_line    0x0000000000006d9b     0x102e ./Drivers/STM32F1xx_HAL_Driver/Src/stm32f1xx_ll_usb.o
 .debug_line    0x0000000000007dc9      0xb48 ./Middlewares/Third_Party/AL94_USB_Composite/COMPOSITE/App/usb_device.o
 .debug_line    0x0000000000008911      0xc6d ./Middlewares/Third_Party/AL94_USB_Composite/COMPOSITE/App/usbd_desc.o
 .debug_line    0x000000000000957e      0xe06 ./Middlewares/Third_Party/AL94_USB_Composite/COMPOSITE/Class/COMPOSITE/Src/usbd_composite.o
 .debug_line    0x000000000000a384      0xc99 ./Middlewares/Third_Party/AL94_USB_Composite/COMPOSITE/Class/HID_KEYBOARD/Src/usbd_hid_keyboard.o
 .debug_line    0x000000000000b01d      0xc8d ./Middlewares/Third_Party/AL94_USB_Composite/COMPOSITE/Class/HID_MOUSE/Src/usbd_hid_mouse.o
 .debug_line    0x000000000000bcaa      0xe1e ./Middlewares/Third_Party/AL94_USB_Composite/COMPOSITE/Core/Src/usbd_core.o
 .debug_line    0x000000000000cac8     0x10ad ./Middlewares/Third_Party/AL94_USB_Composite/COMPOSITE/Core/Src/usbd_ctlreq.o
 .debug_line    0x000000000000db75      0xa66 ./Middlewares/Third_Party/AL94_USB_Composite/COMPOSITE/Core/Src/usbd_ioreq.o
 .debug_line    0x000000000000e5db      0xeb3 ./Middlewares/Third_Party/AL94_USB_Composite/COMPOSITE/Target/usbd_conf.o

.debug_str      0x0000000000000000    0x8558c
 .debug_str     0x0000000000000000    0x7d1f9 ./Core/Src/gpio.o
                                      0x7d538 (size before relaxing)
 .debug_str     0x000000000007d1f9      0x545 ./Core/Src/main.o
                                      0x7da4a (size before relaxing)
 .debug_str     0x000000000007d73e       0x50 ./Core/Src/stm32f1xx_hal_msp.o
                                      0x7d566 (size before relaxing)
 .debug_str     0x000000000007d78e       0xbd ./Core/Src/stm32f1xx_it.o
                                      0x7d923 (size before relaxing)
 .debug_str     0x000000000007d84b       0x52 ./Core/Src/system_stm32f1xx.o
                                      0x7d553 (size before relaxing)
 .debug_str     0x000000000007d89d      0x2b2 ./Core/Src/usb.o
                                      0x7dbda (size before relaxing)
 .debug_str     0x000000000007db4f       0x36 ./Core/Startup/startup_stm32f103c8tx.o
                                         0x60 (size before relaxing)
 .debug_str     0x000000000007db85      0x2fa ./Drivers/STM32F1xx_HAL_Driver/Src/stm32f1xx_hal.o
                                      0x7dbe4 (size before relaxing)
 .debug_str     0x000000000007de7f      0x2d8 ./Drivers/STM32F1xx_HAL_Driver/Src/stm32f1xx_hal_cortex.o
                                      0x7dbec (size before relaxing)
 .debug_str     0x000000000007e157      0x3e0 ./Drivers/STM32F1xx_HAL_Driver/Src/stm32f1xx_hal_pcd.o
                                      0x7dca6 (size before relaxing)
 .debug_str     0x000000000007e537      0x18d ./Drivers/STM32F1xx_HAL_Driver/Src/stm32f1xx_hal_pcd_ex.o
                                      0x7d9f3 (size before relaxing)
 .debug_str     0x000000000007e6c4      0x27c ./Drivers/STM32F1xx_HAL_Driver/Src/stm32f1xx_hal_rcc.o
                                      0x7d950 (size before relaxing)
 .debug_str     0x000000000007e940       0xb9 ./Drivers/STM32F1xx_HAL_Driver/Src/stm32f1xx_hal_rcc_ex.o
                                      0x7d6dd (size before relaxing)
 .debug_str     0x000000000007e9f9      0x2b2 ./Drivers/STM32F1xx_HAL_Driver/Src/stm32f1xx_ll_usb.o
                                      0x7da26 (size before relaxing)
 .debug_str     0x000000000007ecab     0x5936 ./Middlewares/Third_Party/AL94_USB_Composite/COMPOSITE/App/usb_device.o
                                      0x82f62 (size before relaxing)
 .debug_str     0x00000000000845e1      0x282 ./Middlewares/Third_Party/AL94_USB_Composite/COMPOSITE/App/usbd_desc.o
                                      0x8312f (size before relaxing)
 .debug_str     0x0000000000084863      0x30d ./Middlewares/Third_Party/AL94_USB_Composite/COMPOSITE/Class/COMPOSITE/Src/usbd_composite.o
                                      0x8318e (size before relaxing)
 .debug_str     0x0000000000084b70      0x321 ./Middlewares/Third_Party/AL94_USB_Composite/COMPOSITE/Class/HID_KEYBOARD/Src/usbd_hid_keyboard.o
                                      0x82bed (size before relaxing)
 .debug_str     0x0000000000084e91      0x184 ./Middlewares/Third_Party/AL94_USB_Composite/COMPOSITE/Class/HID_MOUSE/Src/usbd_hid_mouse.o
                                      0x82b07 (size before relaxing)
 .debug_str     0x0000000000085015      0x1af ./Middlewares/Third_Party/AL94_USB_Composite/COMPOSITE/Core/Src/usbd_core.o
                                      0x82831 (size before relaxing)
 .debug_str     0x00000000000851c4      0x163 ./Middlewares/Third_Party/AL94_USB_Composite/COMPOSITE/Core/Src/usbd_ctlreq.o
                                      0x827ef (size before relaxing)
 .debug_str     0x0000000000085327       0xd6 ./Middlewares/Third_Party/AL94_USB_Composite/COMPOSITE/Core/Src/usbd_ioreq.o
                                      0x8273f (size before relaxing)
 .debug_str     0x00000000000853fd      0x18f ./Middlewares/Third_Party/AL94_USB_Composite/COMPOSITE/Target/usbd_conf.o
                                      0x8350f (size before relaxing)

.comment        0x0000000000000000       0x53
 .comment       0x0000000000000000       0x53 ./Core/Src/gpio.o
                                         0x54 (size before relaxing)
 .comment       0x0000000000000053       0x54 ./Core/Src/main.o
 .comment       0x0000000000000053       0x54 ./Core/Src/stm32f1xx_hal_msp.o
 .comment       0x0000000000000053       0x54 ./Core/Src/stm32f1xx_it.o
 .comment       0x0000000000000053       0x54 ./Core/Src/system_stm32f1xx.o
 .comment       0x0000000000000053       0x54 ./Core/Src/usb.o
 .comment       0x0000000000000053       0x54 ./Drivers/STM32F1xx_HAL_Driver/Src/stm32f1xx_hal.o
 .comment       0x0000000000000053       0x54 ./Drivers/STM32F1xx_HAL_Driver/Src/stm32f1xx_hal_cortex.o
 .comment       0x0000000000000053       0x54 ./Drivers/STM32F1xx_HAL_Driver/Src/stm32f1xx_hal_pcd.o
 .comment       0x0000000000000053       0x54 ./Drivers/STM32F1xx_HAL_Driver/Src/stm32f1xx_hal_pcd_ex.o
 .comment       0x0000000000000053       0x54 ./Drivers/STM32F1xx_HAL_Driver/Src/stm32f1xx_hal_rcc.o
 .comment       0x0000000000000053       0x54 ./Drivers/STM32F1xx_HAL_Driver/Src/stm32f1xx_hal_rcc_ex.o
 .comment       0x0000000000000053       0x54 ./Drivers/STM32F1xx_HAL_Driver/Src/stm32f1xx_ll_usb.o
 .comment       0x0000000000000053       0x54 ./Middlewares/Third_Party/AL94_USB_Composite/COMPOSITE/App/usb_device.o
 .comment       0x0000000000000053       0x54 ./Middlewares/Third_Party/AL94_USB_Composite/COMPOSITE/App/usbd_desc.o
 .comment       0x0000000000000053       0x54 ./Middlewares/Third_Party/AL94_USB_Composite/COMPOSITE/Class/COMPOSITE/Src/usbd_composite.o
 .comment       0x0000000000000053       0x54 ./Middlewares/Third_Party/AL94_USB_Composite/COMPOSITE/Class/HID_KEYBOARD/Src/usbd_hid_keyboard.o
 .comment       0x0000000000000053       0x54 ./Middlewares/Third_Party/AL94_USB_Composite/COMPOSITE/Class/HID_MOUSE/Src/usbd_hid_mouse.o
 .comment       0x0000000000000053       0x54 ./Middlewares/Third_Party/AL94_USB_Composite/COMPOSITE/Core/Src/usbd_core.o
 .comment       0x0000000000000053       0x54 ./Middlewares/Third_Party/AL94_USB_Composite/COMPOSITE/Core/Src/usbd_ctlreq.o
 .comment       0x0000000000000053       0x54 ./Middlewares/Third_Party/AL94_USB_Composite/COMPOSITE/Core/Src/usbd_ioreq.o
 .comment       0x0000000000000053       0x54 ./Middlewares/Third_Party/AL94_USB_Composite/COMPOSITE/Target/usbd_conf.o

.debug_frame    0x0000000000000000     0x29ac
 .debug_frame   0x0000000000000000       0x38 ./Core/Src/gpio.o
 .debug_frame   0x0000000000000038       0x68 ./Core/Src/main.o
 .debug_frame   0x00000000000000a0       0x38 ./Core/Src/stm32f1xx_hal_msp.o
 .debug_frame   0x00000000000000d8      0x13c ./Core/Src/stm32f1xx_it.o
 .debug_frame   0x0000000000000214       0x58 ./Core/Src/system_stm32f1xx.o
 .debug_frame   0x000000000000026c       0x74 ./Core/Src/usb.o
 .debug_frame   0x00000000000002e0      0x334 ./Drivers/STM32F1xx_HAL_Driver/Src/stm32f1xx_hal.o
 .debug_frame   0x0000000000000614      0x428 ./Drivers/STM32F1xx_HAL_Driver/Src/stm32f1xx_hal_cortex.o
 .debug_frame   0x0000000000000a3c      0x578 ./Drivers/STM32F1xx_HAL_Driver/Src/stm32f1xx_hal_pcd.o
 .debug_frame   0x0000000000000fb4       0xb0 ./Drivers/STM32F1xx_HAL_Driver/Src/stm32f1xx_hal_pcd_ex.o
 .debug_frame   0x0000000000001064      0x21c ./Drivers/STM32F1xx_HAL_Driver/Src/stm32f1xx_hal_rcc.o
 .debug_frame   0x0000000000001280       0x84 ./Drivers/STM32F1xx_HAL_Driver/Src/stm32f1xx_hal_rcc_ex.o
 .debug_frame   0x0000000000001304      0x450 ./Drivers/STM32F1xx_HAL_Driver/Src/stm32f1xx_ll_usb.o
 .debug_frame   0x0000000000001754       0x2c ./Middlewares/Third_Party/AL94_USB_Composite/COMPOSITE/App/usb_device.o
 .debug_frame   0x0000000000001780      0x160 ./Middlewares/Third_Party/AL94_USB_Composite/COMPOSITE/App/usbd_desc.o
 .debug_frame   0x00000000000018e0      0x278 ./Middlewares/Third_Party/AL94_USB_Composite/COMPOSITE/Class/COMPOSITE/Src/usbd_composite.o
 .debug_frame   0x0000000000001b58      0x1b8 ./Middlewares/Third_Party/AL94_USB_Composite/COMPOSITE/Class/HID_KEYBOARD/Src/usbd_hid_keyboard.o
 .debug_frame   0x0000000000001d10      0x1b8 ./Middlewares/Third_Party/AL94_USB_Composite/COMPOSITE/Class/HID_MOUSE/Src/usbd_hid_mouse.o
 .debug_frame   0x0000000000001ec8      0x2f4 ./Middlewares/Third_Party/AL94_USB_Composite/COMPOSITE/Core/Src/usbd_core.o
 .debug_frame   0x00000000000021bc      0x23c ./Middlewares/Third_Party/AL94_USB_Composite/COMPOSITE/Core/Src/usbd_ctlreq.o
 .debug_frame   0x00000000000023f8      0x10c ./Middlewares/Third_Party/AL94_USB_Composite/COMPOSITE/Core/Src/usbd_ioreq.o
 .debug_frame   0x0000000000002504      0x434 ./Middlewares/Third_Party/AL94_USB_Composite/COMPOSITE/Target/usbd_conf.o
 .debug_frame   0x0000000000002938       0x2c c:/st/stm32cubeide_1.7.0/stm32cubeide/plugins/com.st.stm32cube.ide.mcu.externaltools.gnu-tools-for-stm32.9-2020-q2-update.win32_2.0.0.202105311346/tools/bin/../lib/gcc/arm-none-eabi/9.3.1/../../../../arm-none-eabi/lib/thumb/v7-m/nofp\libc_nano.a(lib_a-init.o)
 .debug_frame   0x0000000000002964       0x28 c:/st/stm32cubeide_1.7.0/stm32cubeide/plugins/com.st.stm32cube.ide.mcu.externaltools.gnu-tools-for-stm32.9-2020-q2-update.win32_2.0.0.202105311346/tools/bin/../lib/gcc/arm-none-eabi/9.3.1/../../../../arm-none-eabi/lib/thumb/v7-m/nofp\libc_nano.a(lib_a-memcpy-stub.o)
 .debug_frame   0x000000000000298c       0x20 c:/st/stm32cubeide_1.7.0/stm32cubeide/plugins/com.st.stm32cube.ide.mcu.externaltools.gnu-tools-for-stm32.9-2020-q2-update.win32_2.0.0.202105311346/tools/bin/../lib/gcc/arm-none-eabi/9.3.1/../../../../arm-none-eabi/lib/thumb/v7-m/nofp\libc_nano.a(lib_a-memset.o)