Archive member included to satisfy reference by file (symbol)

c:/st/stm32cubeide_1.7.0/stm32cubeide/plugins/com.st.stm32cube.ide.mcu.externaltools.gnu-tools-for-stm32.9-2020-q2-update.win32_2.0.0.202105311346/tools/bin/../lib/gcc/arm-none-eabi/9.3.1/../../../../arm-none-eabi/lib/thumb/v7-m/nofp\libc_nano.a(lib_a-errno.o)
                              ./Core/Src/syscalls.o (__errno)
c:/st/stm32cubeide_1.7.0/stm32cubeide/plugins/com.st.stm32cube.ide.mcu.externaltools.gnu-tools-for-stm32.9-2020-q2-update.win32_2.0.0.202105311346/tools/bin/../lib/gcc/arm-none-eabi/9.3.1/../../../../arm-none-eabi/lib/thumb/v7-m/nofp\libc_nano.a(lib_a-exit.o)
                              c:/st/stm32cubeide_1.7.0/stm32cubeide/plugins/com.st.stm32cube.ide.mcu.externaltools.gnu-tools-for-stm32.9-2020-q2-update.win32_2.0.0.202105311346/tools/bin/../lib/gcc/arm-none-eabi/9.3.1/../../../../arm-none-eabi/lib/thumb/v7-m/nofp/crt0.o (exit)
c:/st/stm32cubeide_1.7.0/stm32cubeide/plugins/com.st.stm32cube.ide.mcu.externaltools.gnu-tools-for-stm32.9-2020-q2-update.win32_2.0.0.202105311346/tools/bin/../lib/gcc/arm-none-eabi/9.3.1/../../../../arm-none-eabi/lib/thumb/v7-m/nofp\libc_nano.a(lib_a-impure.o)
                              c:/st/stm32cubeide_1.7.0/stm32cubeide/plugins/com.st.stm32cube.ide.mcu.externaltools.gnu-tools-for-stm32.9-2020-q2-update.win32_2.0.0.202105311346/tools/bin/../lib/gcc/arm-none-eabi/9.3.1/../../../../arm-none-eabi/lib/thumb/v7-m/nofp\libc_nano.a(lib_a-exit.o) (_global_impure_ptr)
c:/st/stm32cubeide_1.7.0/stm32cubeide/plugins/com.st.stm32cube.ide.mcu.externaltools.gnu-tools-for-stm32.9-2020-q2-update.win32_2.0.0.202105311346/tools/bin/../lib/gcc/arm-none-eabi/9.3.1/../../../../arm-none-eabi/lib/thumb/v7-m/nofp\libc_nano.a(lib_a-init.o)
                              c:/st/stm32cubeide_1.7.0/stm32cubeide/plugins/com.st.stm32cube.ide.mcu.externaltools.gnu-tools-for-stm32.9-2020-q2-update.win32_2.0.0.202105311346/tools/bin/../lib/gcc/arm-none-eabi/9.3.1/../../../../arm-none-eabi/lib/thumb/v7-m/nofp/crt0.o (__libc_init_array)
c:/st/stm32cubeide_1.7.0/stm32cubeide/plugins/com.st.stm32cube.ide.mcu.externaltools.gnu-tools-for-stm32.9-2020-q2-update.win32_2.0.0.202105311346/tools/bin/../lib/gcc/arm-none-eabi/9.3.1/../../../../arm-none-eabi/lib/thumb/v7-m/nofp\libc_nano.a(lib_a-memcpy-stub.o)
                              ./Middlewares/Third_Party/AL94_USB_Composite/COMPOSITE/Class/COMPOSITE/Src/usbd_composite.o (memcpy)
c:/st/stm32cubeide_1.7.0/stm32cubeide/plugins/com.st.stm32cube.ide.mcu.externaltools.gnu-tools-for-stm32.9-2020-q2-update.win32_2.0.0.202105311346/tools/bin/../lib/gcc/arm-none-eabi/9.3.1/../../../../arm-none-eabi/lib/thumb/v7-m/nofp\libc_nano.a(lib_a-memset.o)
                              c:/st/stm32cubeide_1.7.0/stm32cubeide/plugins/com.st.stm32cube.ide.mcu.externaltools.gnu-tools-for-stm32.9-2020-q2-update.win32_2.0.0.202105311346/tools/bin/../lib/gcc/arm-none-eabi/9.3.1/../../../../arm-none-eabi/lib/thumb/v7-m/nofp/crt0.o (memset)

Allocating common symbols
Common symbol       size              file

USBD_COMPOSITE_HSCfgDesc
                    0x3b              ./Middlewares/Third_Party/AL94_USB_Composite/COMPOSITE/Class/COMPOSITE/Src/usbd_composite.o
uwTick              0x4               ./Drivers/STM32F1xx_HAL_Driver/Src/stm32f1xx_hal.o
pFlash              0x20              ./Drivers/STM32F1xx_HAL_Driver/Src/stm32f1xx_hal_flash.o
hUsbDevice          0x31c             ./Middlewares/Third_Party/AL94_USB_Composite/COMPOSITE/App/usb_device.o
hpcd_USB_OTG_PTR    0x4               ./Middlewares/Third_Party/AL94_USB_Composite/COMPOSITE/Target/usbd_conf.o
hpcd_USB_FS         0x2ec             ./Core/Src/usb.o
USBD_StrDesc        0x200             ./Middlewares/Third_Party/AL94_USB_Composite/COMPOSITE/App/usbd_desc.o
USBD_COMPOSITE_FSCfgDesc
                    0x3b              ./Middlewares/Third_Party/AL94_USB_Composite/COMPOSITE/Class/COMPOSITE/Src/usbd_composite.o

Discarded input sections

 .text          0x0000000000000000        0x0 c:/st/stm32cubeide_1.7.0/stm32cubeide/plugins/com.st.stm32cube.ide.mcu.externaltools.gnu-tools-for-stm32.9-2020-q2-update.win32_2.0.0.202105311346/tools/bin/../lib/gcc/arm-none-eabi/9.3.1/thumb/v7-m/nofp/crti.o
 .data          0x0000000000000000        0x0 c:/st/stm32cubeide_1.7.0/stm32cubeide/plugins/com.st.stm32cube.ide.mcu.externaltools.gnu-tools-for-stm32.9-2020-q2-update.win32_2.0.0.202105311346/tools/bin/../lib/gcc/arm-none-eabi/9.3.1/thumb/v7-m/nofp/crti.o
 .bss           0x0000000000000000        0x0 c:/st/stm32cubeide_1.7.0/stm32cubeide/plugins/com.st.stm32cube.ide.mcu.externaltools.gnu-tools-for-stm32.9-2020-q2-update.win32_2.0.0.202105311346/tools/bin/../lib/gcc/arm-none-eabi/9.3.1/thumb/v7-m/nofp/crti.o
 .data          0x0000000000000000        0x4 c:/st/stm32cubeide_1.7.0/stm32cubeide/plugins/com.st.stm32cube.ide.mcu.externaltools.gnu-tools-for-stm32.9-2020-q2-update.win32_2.0.0.202105311346/tools/bin/../lib/gcc/arm-none-eabi/9.3.1/thumb/v7-m/nofp/crtbegin.o
[...]
Memory Configuration

Name             Origin             Length             Attributes
RAM              0x0000000020000000 0x0000000000005000 xrw
FLASH            0x0000000008000000 0x0000000000010000 xr
*default*        0x0000000000000000 0xffffffffffffffff

Linker script and memory map

LOAD c:/st/stm32cubeide_1.7.0/stm32cubeide/plugins/com.st.stm32cube.ide.mcu.externaltools.gnu-tools-for-stm32.9-2020-q2-update.win32_2.0.0.202105311346/tools/bin/../lib/gcc/arm-none-eabi/9.3.1/thumb/v7-m/nofp/crti.o
LOAD c:/st/stm32cubeide_1.7.0/stm32cubeide/plugins/com.st.stm32cube.ide.mcu.externaltools.gnu-tools-for-stm32.9-2020-q2-update.win32_2.0.0.202105311346/tools/bin/../lib/gcc/arm-none-eabi/9.3.1/thumb/v7-m/nofp/crtbegin.o
LOAD c:/st/stm32cubeide_1.7.0/stm32cubeide/plugins/com.st.stm32cube.ide.mcu.externaltools.gnu-tools-for-stm32.9-2020-q2-update.win32_2.0.0.202105311346/tools/bin/../lib/gcc/arm-none-eabi/9.3.1/../../../../arm-none-eabi/lib/thumb/v7-m/nofp/crt0.o
LOAD ./Core/Src/gpio.o
LOAD ./Core/Src/main.o
LOAD ./Core/Src/stm32f1xx_hal_msp.o
LOAD ./Core/Src/stm32f1xx_it.o
LOAD ./Core/Src/syscalls.o
LOAD ./Core/Src/sysmem.o
LOAD ./Core/Src/system_stm32f1xx.o
LOAD ./Core/Src/usb.o
LOAD ./Core/Startup/startup_stm32f103c8tx.o
LOAD ./Drivers/STM32F1xx_HAL_Driver/Src/stm32f1xx_hal.o
LOAD ./Drivers/STM32F1xx_HAL_Driver/Src/stm32f1xx_hal_cortex.o
LOAD ./Drivers/STM32F1xx_HAL_Driver/Src/stm32f1xx_hal_dma.o
LOAD ./Drivers/STM32F1xx_HAL_Driver/Src/stm32f1xx_hal_exti.o
LOAD ./Drivers/STM32F1xx_HAL_Driver/Src/stm32f1xx_hal_flash.o
LOAD ./Drivers/STM32F1xx_HAL_Driver/Src/stm32f1xx_hal_flash_ex.o
LOAD ./Drivers/STM32F1xx_HAL_Driver/Src/stm32f1xx_hal_gpio.o
LOAD ./Drivers/STM32F1xx_HAL_Driver/Src/stm32f1xx_hal_gpio_ex.o
LOAD ./Drivers/STM32F1xx_HAL_Driver/Src/stm32f1xx_hal_pcd.o
LOAD ./Drivers/STM32F1xx_HAL_Driver/Src/stm32f1xx_hal_pcd_ex.o
LOAD ./Drivers/STM32F1xx_HAL_Driver/Src/stm32f1xx_hal_pwr.o
LOAD ./Drivers/STM32F1xx_HAL_Driver/Src/stm32f1xx_hal_rcc.o
LOAD ./Drivers/STM32F1xx_HAL_Driver/Src/stm32f1xx_hal_rcc_ex.o
LOAD ./Drivers/STM32F1xx_HAL_Driver/Src/stm32f1xx_hal_tim.o
LOAD ./Drivers/STM32F1xx_HAL_Driver/Src/stm32f1xx_hal_tim_ex.o
LOAD ./Drivers/STM32F1xx_HAL_Driver/Src/stm32f1xx_ll_usb.o
LOAD ./Middlewares/Third_Party/AL94_USB_Composite/COMPOSITE/App/usb_device.o
LOAD ./Middlewares/Third_Party/AL94_USB_Composite/COMPOSITE/App/usbd_desc.o
LOAD ./Middlewares/Third_Party/AL94_USB_Composite/COMPOSITE/Class/COMPOSITE/Src/usbd_composite.o
LOAD ./Middlewares/Third_Party/AL94_USB_Composite/COMPOSITE/Class/HID_KEYBOARD/Src/usbd_hid_keyboard.o
LOAD ./Middlewares/Third_Party/AL94_USB_Composite/COMPOSITE/Class/HID_MOUSE/Src/usbd_hid_mouse.o
LOAD ./Middlewares/Third_Party/AL94_USB_Composite/COMPOSITE/Core/Src/usbd_core.o
LOAD ./Middlewares/Third_Party/AL94_USB_Composite/COMPOSITE/Core/Src/usbd_ctlreq.o
LOAD ./Middlewares/Third_Party/AL94_USB_Composite/COMPOSITE/Core/Src/usbd_ioreq.o
LOAD ./Middlewares/Third_Party/AL94_USB_Composite/COMPOSITE/Target/usbd_conf.o
START GROUP
LOAD c:/st/stm32cubeide_1.7.0/stm32cubeide/plugins/com.st.stm32cube.ide.mcu.externaltools.gnu-tools-for-stm32.9-2020-q2-update.win32_2.0.0.202105311346/tools/bin/../lib/gcc/arm-none-eabi/9.3.1/../../../../arm-none-eabi/lib/thumb/v7-m/nofp\libc_nano.a
LOAD c:/st/stm32cubeide_1.7.0/stm32cubeide/plugins/com.st.stm32cube.ide.mcu.externaltools.gnu-tools-for-stm32.9-2020-q2-update.win32_2.0.0.202105311346/tools/bin/../lib/gcc/arm-none-eabi/9.3.1/../../../../arm-none-eabi/lib/thumb/v7-m/nofp\libm.a
END GROUP
START GROUP
LOAD c:/st/stm32cubeide_1.7.0/stm32cubeide/plugins/com.st.stm32cube.ide.mcu.externaltools.gnu-tools-for-stm32.9-2020-q2-update.win32_2.0.0.202105311346/tools/bin/../lib/gcc/arm-none-eabi/9.3.1/thumb/v7-m/nofp\libgcc.a
LOAD c:/st/stm32cubeide_1.7.0/stm32cubeide/plugins/com.st.stm32cube.ide.mcu.externaltools.gnu-tools-for-stm32.9-2020-q2-update.win32_2.0.0.202105311346/tools/bin/../lib/gcc/arm-none-eabi/9.3.1/../../../../arm-none-eabi/lib/thumb/v7-m/nofp\libc_nano.a
END GROUP
START GROUP
LOAD c:/st/stm32cubeide_1.7.0/stm32cubeide/plugins/com.st.stm32cube.ide.mcu.externaltools.gnu-tools-for-stm32.9-2020-q2-update.win32_2.0.0.202105311346/tools/bin/../lib/gcc/arm-none-eabi/9.3.1/thumb/v7-m/nofp\libgcc.a
LOAD c:/st/stm32cubeide_1.7.0/stm32cubeide/plugins/com.st.stm32cube.ide.mcu.externaltools.gnu-tools-for-stm32.9-2020-q2-update.win32_2.0.0.202105311346/tools/bin/../lib/gcc/arm-none-eabi/9.3.1/../../../../arm-none-eabi/lib/thumb/v7-m/nofp\libc_nano.a
LOAD c:/st/stm32cubeide_1.7.0/stm32cubeide/plugins/com.st.stm32cube.ide.mcu.externaltools.gnu-tools-for-stm32.9-2020-q2-update.win32_2.0.0.202105311346/tools/bin/../lib/gcc/arm-none-eabi/9.3.1/../../../../arm-none-eabi/lib/thumb/v7-m/nofp\libnosys.a
END GROUP
START GROUP
LOAD c:/st/stm32cubeide_1.7.0/stm32cubeide/plugins/com.st.stm32cube.ide.mcu.externaltools.gnu-tools-for-stm32.9-2020-q2-update.win32_2.0.0.202105311346/tools/bin/../lib/gcc/arm-none-eabi/9.3.1/thumb/v7-m/nofp\libgcc.a
LOAD c:/st/stm32cubeide_1.7.0/stm32cubeide/plugins/com.st.stm32cube.ide.mcu.externaltools.gnu-tools-for-stm32.9-2020-q2-update.win32_2.0.0.202105311346/tools/bin/../lib/gcc/arm-none-eabi/9.3.1/../../../../arm-none-eabi/lib/thumb/v7-m/nofp\libc_nano.a
LOAD c:/st/stm32cubeide_1.7.0/stm32cubeide/plugins/com.st.stm32cube.ide.mcu.externaltools.gnu-tools-for-stm32.9-2020-q2-update.win32_2.0.0.202105311346/tools/bin/../lib/gcc/arm-none-eabi/9.3.1/../../../../arm-none-eabi/lib/thumb/v7-m/nofp\libnosys.a
END GROUP
LOAD c:/st/stm32cubeide_1.7.0/stm32cubeide/plugins/com.st.stm32cube.ide.mcu.externaltools.gnu-tools-for-stm32.9-2020-q2-update.win32_2.0.0.202105311346/tools/bin/../lib/gcc/arm-none-eabi/9.3.1/thumb/v7-m/nofp/crtend.o
LOAD c:/st/stm32cubeide_1.7.0/stm32cubeide/plugins/com.st.stm32cube.ide.mcu.externaltools.gnu-tools-for-stm32.9-2020-q2-update.win32_2.0.0.202105311346/tools/bin/../lib/gcc/arm-none-eabi/9.3.1/thumb/v7-m/nofp/crtn.o
                0x0000000020005000                _estack = (ORIGIN (RAM) + LENGTH (RAM))
                0x0000000000000200                _Min_Heap_Size = 0x200
                0x0000000000000400                _Min_Stack_Size = 0x400

.isr_vector     0x0000000008000000      0x10c
                0x0000000008000000                . = ALIGN (0x4)
 *(.isr_vector)
 .isr_vector    0x0000000008000000      0x10c ./Core/Startup/startup_stm32f103c8tx.o
                0x0000000008000000                g_pfnVectors
                0x000000000800010c                . = ALIGN (0x4)

.text           0x000000000800010c     0x7538
                0x000000000800010c                . = ALIGN (0x4)
 *(.text)
 .text          0x000000000800010c       0x40 c:/st/stm32cubeide_1.7.0/stm32cubeide/plugins/com.st.stm32cube.ide.mcu.externaltools.gnu-tools-for-stm32.9-2020-q2-update.win32_2.0.0.202105311346/tools/bin/../lib/gcc/arm-none-eabi/9.3.1/thumb/v7-m/nofp/crtbegin.o
 *(.text*)
 .text.MX_GPIO_Init
                0x000000000800014c       0x44 ./Core/Src/gpio.o
                0x000000000800014c                MX_GPIO_Init
 .text.main     0x0000000008000190       0x8c ./Core/Src/main.o
                0x0000000008000190                main
 .text.SystemClock_Config
                0x000000000800021c       0xb6 ./Core/Src/main.o
                0x000000000800021c                SystemClock_Config
 .text.Error_Handler
                0x00000000080002d2        0xa ./Core/Src/main.o
                0x00000000080002d2                Error_Handler
 .text.HAL_MspInit
                0x00000000080002dc       0x64 ./Core/Src/stm32f1xx_hal_msp.o
                0x00000000080002dc                HAL_MspInit
 .text.NMI_Handler
                0x0000000008000340        0x6 ./Core/Src/stm32f1xx_it.o
                0x0000000008000340                NMI_Handler
 .text.HardFault_Handler
                0x0000000008000346        0x6 ./Core/Src/stm32f1xx_it.o
                0x0000000008000346                HardFault_Handler
 .text.MemManage_Handler
                0x000000000800034c        0x6 ./Core/Src/stm32f1xx_it.o
                0x000000000800034c                MemManage_Handler
 .text.BusFault_Handler
                0x0000000008000352        0x6 ./Core/Src/stm32f1xx_it.o
                0x0000000008000352                BusFault_Handler
 .text.UsageFault_Handler
                0x0000000008000358        0x6 ./Core/Src/stm32f1xx_it.o
                0x0000000008000358                UsageFault_Handler
 .text.SVC_Handler
                0x000000000800035e        0xc ./Core/Src/stm32f1xx_it.o
                0x000000000800035e                SVC_Handler
 .text.DebugMon_Handler
                0x000000000800036a        0xc ./Core/Src/stm32f1xx_it.o
                0x000000000800036a                DebugMon_Handler
 .text.PendSV_Handler
                0x0000000008000376        0xc ./Core/Src/stm32f1xx_it.o
                0x0000000008000376                PendSV_Handler
 .text.SysTick_Handler
                0x0000000008000382        0xc ./Core/Src/stm32f1xx_it.o
                0x0000000008000382                SysTick_Handler
 *fill*         0x000000000800038e        0x2 
 .text.USB_HP_CAN1_TX_IRQHandler
                0x0000000008000390       0x14 ./Core/Src/stm32f1xx_it.o
                0x0000000008000390                USB_HP_CAN1_TX_IRQHandler
 .text.USB_LP_CAN1_RX0_IRQHandler
                0x00000000080003a4       0x14 ./Core/Src/stm32f1xx_it.o
                0x00000000080003a4                USB_LP_CAN1_RX0_IRQHandler
 .text.SystemInit
                0x00000000080003b8        0xc ./Core/Src/system_stm32f1xx.o
                0x00000000080003b8                SystemInit
 .text.MX_USB_PCD_Init
                0x00000000080003c4       0x44 ./Core/Src/usb.o
                0x00000000080003c4                MX_USB_PCD_Init
 .text.HAL_PCD_MspInit
                0x0000000008000408       0x5c ./Core/Src/usb.o
                0x0000000008000408                HAL_PCD_MspInit
 .text.Reset_Handler
                0x0000000008000464       0x48 ./Core/Startup/startup_stm32f103c8tx.o
                0x0000000008000464                Reset_Handler
 .text.Default_Handler
                0x00000000080004ac        0x2 ./Core/Startup/startup_stm32f103c8tx.o
                0x00000000080004ac                RTC_Alarm_IRQHandler
                0x00000000080004ac                EXTI2_IRQHandler
                0x00000000080004ac                TIM1_CC_IRQHandler
                0x00000000080004ac                PVD_IRQHandler
                0x00000000080004ac                EXTI3_IRQHandler
                0x00000000080004ac                EXTI0_IRQHandler
                0x00000000080004ac                I2C2_EV_IRQHandler
                0x00000000080004ac                ADC1_2_IRQHandler
                0x00000000080004ac                SPI1_IRQHandler
                0x00000000080004ac                TAMPER_IRQHandler
                0x00000000080004ac                DMA1_Channel4_IRQHandler
                0x00000000080004ac                USART3_IRQHandler
                0x00000000080004ac                RTC_IRQHandler
                0x00000000080004ac                DMA1_Channel7_IRQHandler
                0x00000000080004ac                CAN1_RX1_IRQHandler
                0x00000000080004ac                TIM4_IRQHandler
                0x00000000080004ac                I2C1_EV_IRQHandler
                0x00000000080004ac                DMA1_Channel6_IRQHandler
                0x00000000080004ac                TIM3_IRQHandler
                0x00000000080004ac                RCC_IRQHandler
                0x00000000080004ac                TIM1_TRG_COM_IRQHandler
                0x00000000080004ac                DMA1_Channel1_IRQHandler
                0x00000000080004ac                Default_Handler
                0x00000000080004ac                EXTI15_10_IRQHandler
                0x00000000080004ac                EXTI9_5_IRQHandler
                0x00000000080004ac                SPI2_IRQHandler
                0x00000000080004ac                DMA1_Channel5_IRQHandler
                0x00000000080004ac                EXTI4_IRQHandler
                0x00000000080004ac                DMA1_Channel3_IRQHandler
                0x00000000080004ac                TIM1_UP_IRQHandler
                0x00000000080004ac                WWDG_IRQHandler
                0x00000000080004ac                TIM2_IRQHandler
                0x00000000080004ac                TIM1_BRK_IRQHandler
                0x00000000080004ac                EXTI1_IRQHandler
                0x00000000080004ac                USART2_IRQHandler
                0x00000000080004ac                I2C2_ER_IRQHandler
                0x00000000080004ac                DMA1_Channel2_IRQHandler
                0x00000000080004ac                CAN1_SCE_IRQHandler
                0x00000000080004ac                FLASH_IRQHandler
                0x00000000080004ac                USART1_IRQHandler
                0x00000000080004ac                I2C1_ER_IRQHandler
                0x00000000080004ac                USBWakeUp_IRQHandler
 *fill*         0x00000000080004ae        0x2 
 .text.HAL_Init
                0x00000000080004b0       0x2c ./Drivers/STM32F1xx_HAL_Driver/Src/stm32f1xx_hal.o
                0x00000000080004b0                HAL_Init
 .text.HAL_InitTick
                0x00000000080004dc       0x60 ./Drivers/STM32F1xx_HAL_Driver/Src/stm32f1xx_hal.o
                0x00000000080004dc                HAL_InitTick
 .text.HAL_IncTick
                0x000000000800053c       0x24 ./Drivers/STM32F1xx_HAL_Driver/Src/stm32f1xx_hal.o
                0x000000000800053c                HAL_IncTick
 .text.HAL_GetTick
                0x0000000008000560       0x14 ./Drivers/STM32F1xx_HAL_Driver/Src/stm32f1xx_hal.o
                0x0000000008000560                HAL_GetTick
 .text.HAL_Delay
                0x0000000008000574       0x48 ./Drivers/STM32F1xx_HAL_Driver/Src/stm32f1xx_hal.o
                0x0000000008000574                HAL_Delay
 .text.__NVIC_SetPriorityGrouping
                0x00000000080005bc       0x48 ./Drivers/STM32F1xx_HAL_Driver/Src/stm32f1xx_hal_cortex.o
 .text.__NVIC_GetPriorityGrouping
                0x0000000008000604       0x1c ./Drivers/STM32F1xx_HAL_Driver/Src/stm32f1xx_hal_cortex.o
 .text.__NVIC_EnableIRQ
                0x0000000008000620       0x38 ./Drivers/STM32F1xx_HAL_Driver/Src/stm32f1xx_hal_cortex.o
 .text.__NVIC_SetPriority
                0x0000000008000658       0x54 ./Drivers/STM32F1xx_HAL_Driver/Src/stm32f1xx_hal_cortex.o
 .text.NVIC_EncodePriority
                0x00000000080006ac       0x64 ./Drivers/STM32F1xx_HAL_Driver/Src/stm32f1xx_hal_cortex.o
 .text.SysTick_Config
                0x0000000008000710       0x44 ./Drivers/STM32F1xx_HAL_Driver/Src/stm32f1xx_hal_cortex.o
 .text.HAL_NVIC_SetPriorityGrouping
                0x0000000008000754       0x16 ./Drivers/STM32F1xx_HAL_Driver/Src/stm32f1xx_hal_cortex.o
                0x0000000008000754                HAL_NVIC_SetPriorityGrouping
 .text.HAL_NVIC_SetPriority
                0x000000000800076a       0x38 ./Drivers/STM32F1xx_HAL_Driver/Src/stm32f1xx_hal_cortex.o
                0x000000000800076a                HAL_NVIC_SetPriority
 .text.HAL_NVIC_EnableIRQ
                0x00000000080007a2       0x1c ./Drivers/STM32F1xx_HAL_Driver/Src/stm32f1xx_hal_cortex.o
                0x00000000080007a2                HAL_NVIC_EnableIRQ
 .text.HAL_SYSTICK_Config
                0x00000000080007be       0x18 ./Drivers/STM32F1xx_HAL_Driver/Src/stm32f1xx_hal_cortex.o
                0x00000000080007be                HAL_SYSTICK_Config
 .text.HAL_PCD_Init
                0x00000000080007d6      0x216 ./Drivers/STM32F1xx_HAL_Driver/Src/stm32f1xx_hal_pcd.o
                0x00000000080007d6                HAL_PCD_Init
 .text.HAL_PCD_Start
                0x00000000080009ec       0x4c ./Drivers/STM32F1xx_HAL_Driver/Src/stm32f1xx_hal_pcd.o
                0x00000000080009ec                HAL_PCD_Start
 .text.HAL_PCD_IRQHandler
                0x0000000008000a38      0x2aa ./Drivers/STM32F1xx_HAL_Driver/Src/stm32f1xx_hal_pcd.o
                0x0000000008000a38                HAL_PCD_IRQHandler
 .text.HAL_PCD_SetAddress
                0x0000000008000ce2       0x4a ./Drivers/STM32F1xx_HAL_Driver/Src/stm32f1xx_hal_pcd.o
                0x0000000008000ce2                HAL_PCD_SetAddress
 .text.HAL_PCD_EP_Open
                0x0000000008000d2c       0xcc ./Drivers/STM32F1xx_HAL_Driver/Src/stm32f1xx_hal_pcd.o
                0x0000000008000d2c                HAL_PCD_EP_Open
 .text.HAL_PCD_EP_Close
                0x0000000008000df8       0x90 ./Drivers/STM32F1xx_HAL_Driver/Src/stm32f1xx_hal_pcd.o
                0x0000000008000df8                HAL_PCD_EP_Close
 .text.HAL_PCD_EP_Receive
                0x0000000008000e88       0x7a ./Drivers/STM32F1xx_HAL_Driver/Src/stm32f1xx_hal_pcd.o
                0x0000000008000e88                HAL_PCD_EP_Receive
 .text.HAL_PCD_EP_Transmit
                0x0000000008000f02       0x86 ./Drivers/STM32F1xx_HAL_Driver/Src/stm32f1xx_hal_pcd.o
                0x0000000008000f02                HAL_PCD_EP_Transmit
 .text.HAL_PCD_EP_SetStall
                0x0000000008000f88       0xc0 ./Drivers/STM32F1xx_HAL_Driver/Src/stm32f1xx_hal_pcd.o
                0x0000000008000f88                HAL_PCD_EP_SetStall
 .text.HAL_PCD_EP_ClrStall
                0x0000000008001048       0xa8 ./Drivers/STM32F1xx_HAL_Driver/Src/stm32f1xx_hal_pcd.o
                0x0000000008001048                HAL_PCD_EP_ClrStall
 .text.PCD_EP_ISR_Handler
                0x00000000080010f0      0x600 ./Drivers/STM32F1xx_HAL_Driver/Src/stm32f1xx_hal_pcd.o
 .text.HAL_PCD_EP_DB_Receive
                0x00000000080016f0      0x21a ./Drivers/STM32F1xx_HAL_Driver/Src/stm32f1xx_hal_pcd.o
 .text.HAL_PCD_EP_DB_Transmit
                0x000000000800190a      0x7a4 ./Drivers/STM32F1xx_HAL_Driver/Src/stm32f1xx_hal_pcd.o
 .text.HAL_PCDEx_PMAConfig
                0x00000000080020ae       0x84 ./Drivers/STM32F1xx_HAL_Driver/Src/stm32f1xx_hal_pcd_ex.o
                0x00000000080020ae                HAL_PCDEx_PMAConfig
 .text.HAL_PCDEx_SetConnectionState
                0x0000000008002132       0x16 ./Drivers/STM32F1xx_HAL_Driver/Src/stm32f1xx_hal_pcd_ex.o
                0x0000000008002132                HAL_PCDEx_SetConnectionState
 .text.HAL_RCC_OscConfig
                0x0000000008002148      0x500 ./Drivers/STM32F1xx_HAL_Driver/Src/stm32f1xx_hal_rcc.o
                0x0000000008002148                HAL_RCC_OscConfig
 .text.HAL_RCC_ClockConfig
                0x0000000008002648      0x1d4 ./Drivers/STM32F1xx_HAL_Driver/Src/stm32f1xx_hal_rcc.o
                0x0000000008002648                HAL_RCC_ClockConfig
 .text.HAL_RCC_GetSysClockFreq
                0x000000000800281c       0xc0 ./Drivers/STM32F1xx_HAL_Driver/Src/stm32f1xx_hal_rcc.o
                0x000000000800281c                HAL_RCC_GetSysClockFreq
 .text.RCC_Delay
                0x00000000080028dc       0x3c ./Drivers/STM32F1xx_HAL_Driver/Src/stm32f1xx_hal_rcc.o
 .text.HAL_RCCEx_PeriphCLKConfig
                0x0000000008002918      0x16c ./Drivers/STM32F1xx_HAL_Driver/Src/stm32f1xx_hal_rcc_ex.o
                0x0000000008002918                HAL_RCCEx_PeriphCLKConfig
 .text.USB_CoreInit
                0x0000000008002a84       0x20 ./Drivers/STM32F1xx_HAL_Driver/Src/stm32f1xx_ll_usb.o
                0x0000000008002a84                USB_CoreInit
 .text.USB_EnableGlobalInt
                0x0000000008002aa4       0x2c ./Drivers/STM32F1xx_HAL_Driver/Src/stm32f1xx_ll_usb.o
                0x0000000008002aa4                USB_EnableGlobalInt
 .text.USB_DisableGlobalInt
                0x0000000008002ad0       0x34 ./Drivers/STM32F1xx_HAL_Driver/Src/stm32f1xx_ll_usb.o
                0x0000000008002ad0                USB_DisableGlobalInt
 .text.USB_SetCurrentMode
                0x0000000008002b04       0x18 ./Drivers/STM32F1xx_HAL_Driver/Src/stm32f1xx_ll_usb.o
                0x0000000008002b04                USB_SetCurrentMode
 .text.USB_DevInit
                0x0000000008002b1c       0x40 ./Drivers/STM32F1xx_HAL_Driver/Src/stm32f1xx_ll_usb.o
                0x0000000008002b1c                USB_DevInit
 .text.USB_ActivateEndpoint
                0x0000000008002b5c      0x6d4 ./Drivers/STM32F1xx_HAL_Driver/Src/stm32f1xx_ll_usb.o
                0x0000000008002b5c                USB_ActivateEndpoint
 .text.USB_DeactivateEndpoint
                0x0000000008003230      0x3d8 ./Drivers/STM32F1xx_HAL_Driver/Src/stm32f1xx_ll_usb.o
                0x0000000008003230                USB_DeactivateEndpoint
 .text.USB_EPStartXfer
                0x0000000008003608     0x15ee ./Drivers/STM32F1xx_HAL_Driver/Src/stm32f1xx_ll_usb.o
                0x0000000008003608                USB_EPStartXfer
 .text.USB_EPSetStall
                0x0000000008004bf6       0xa0 ./Drivers/STM32F1xx_HAL_Driver/Src/stm32f1xx_ll_usb.o
                0x0000000008004bf6                USB_EPSetStall
 .text.USB_EPClearStall
                0x0000000008004c96      0x15a ./Drivers/STM32F1xx_HAL_Driver/Src/stm32f1xx_ll_usb.o
                0x0000000008004c96                USB_EPClearStall
 .text.USB_SetDevAddress
                0x0000000008004df0       0x26 ./Drivers/STM32F1xx_HAL_Driver/Src/stm32f1xx_ll_usb.o
                0x0000000008004df0                USB_SetDevAddress
 .text.USB_DevConnect
                0x0000000008004e16       0x14 ./Drivers/STM32F1xx_HAL_Driver/Src/stm32f1xx_ll_usb.o
                0x0000000008004e16                USB_DevConnect
 .text.USB_DevDisconnect
                0x0000000008004e2a       0x14 ./Drivers/STM32F1xx_HAL_Driver/Src/stm32f1xx_ll_usb.o
                0x0000000008004e2a                USB_DevDisconnect
 .text.USB_ReadInterrupts
                0x0000000008004e3e       0x1e ./Drivers/STM32F1xx_HAL_Driver/Src/stm32f1xx_ll_usb.o
                0x0000000008004e3e                USB_ReadInterrupts
 .text.USB_EP0_OutStart
                0x0000000008004e5c       0x16 ./Drivers/STM32F1xx_HAL_Driver/Src/stm32f1xx_ll_usb.o
                0x0000000008004e5c                USB_EP0_OutStart
 .text.USB_WritePMA
                0x0000000008004e72       0x8a ./Drivers/STM32F1xx_HAL_Driver/Src/stm32f1xx_ll_usb.o
                0x0000000008004e72                USB_WritePMA
 .text.USB_ReadPMA
                0x0000000008004efc       0x9e ./Drivers/STM32F1xx_HAL_Driver/Src/stm32f1xx_ll_usb.o
                0x0000000008004efc                USB_ReadPMA
 *fill*         0x0000000008004f9a        0x2 
 .text.MX_USB_DEVICE_Init
                0x0000000008004f9c       0x50 ./Middlewares/Third_Party/AL94_USB_Composite/COMPOSITE/App/usb_device.o
                0x0000000008004f9c                MX_USB_DEVICE_Init
 .text.USBD_DeviceDescriptor
                0x0000000008004fec       0x24 ./Middlewares/Third_Party/AL94_USB_Composite/COMPOSITE/App/usbd_desc.o
                0x0000000008004fec                USBD_DeviceDescriptor
 .text.USBD_LangIDStrDescriptor
                0x0000000008005010       0x24 ./Middlewares/Third_Party/AL94_USB_Composite/COMPOSITE/App/usbd_desc.o
                0x0000000008005010                USBD_LangIDStrDescriptor
 .text.USBD_ProductStrDescriptor
                0x0000000008005034       0x3c ./Middlewares/Third_Party/AL94_USB_Composite/COMPOSITE/App/usbd_desc.o
                0x0000000008005034                USBD_ProductStrDescriptor
 .text.USBD_ManufacturerStrDescriptor
                0x0000000008005070       0x28 ./Middlewares/Third_Party/AL94_USB_Composite/COMPOSITE/App/usbd_desc.o
                0x0000000008005070                USBD_ManufacturerStrDescriptor
 .text.USBD_SerialStrDescriptor
                0x0000000008005098       0x24 ./Middlewares/Third_Party/AL94_USB_Composite/COMPOSITE/App/usbd_desc.o
                0x0000000008005098                USBD_SerialStrDescriptor
 .text.USBD_ConfigStrDescriptor
                0x00000000080050bc       0x3c ./Middlewares/Third_Party/AL94_USB_Composite/COMPOSITE/App/usbd_desc.o
                0x00000000080050bc                USBD_ConfigStrDescriptor
 .text.USBD_InterfaceStrDescriptor
                0x00000000080050f8       0x3c ./Middlewares/Third_Party/AL94_USB_Composite/COMPOSITE/App/usbd_desc.o
                0x00000000080050f8                USBD_InterfaceStrDescriptor
 .text.Get_SerialNum
                0x0000000008005134       0x58 ./Middlewares/Third_Party/AL94_USB_Composite/COMPOSITE/App/usbd_desc.o
 .text.IntToUnicode
                0x000000000800518c       0x7c ./Middlewares/Third_Party/AL94_USB_Composite/COMPOSITE/App/usbd_desc.o
 .text.USBD_COMPOSITE_Init
                0x0000000008005208       0x38 ./Middlewares/Third_Party/AL94_USB_Composite/COMPOSITE/Class/COMPOSITE/Src/usbd_composite.o
 .text.USBD_COMPOSITE_DeInit
                0x0000000008005240       0x38 ./Middlewares/Third_Party/AL94_USB_Composite/COMPOSITE/Class/COMPOSITE/Src/usbd_composite.o
 .text.USBD_COMPOSITE_Setup
                0x0000000008005278       0x5c ./Middlewares/Third_Party/AL94_USB_Composite/COMPOSITE/Class/COMPOSITE/Src/usbd_composite.o
 .text.USBD_COMPOSITE_DataIn
                0x00000000080052d4       0x64 ./Middlewares/Third_Party/AL94_USB_Composite/COMPOSITE/Class/COMPOSITE/Src/usbd_composite.o
 .text.USBD_COMPOSITE_EP0_RxReady
                0x0000000008005338       0x14 ./Middlewares/Third_Party/AL94_USB_Composite/COMPOSITE/Class/COMPOSITE/Src/usbd_composite.o
 .text.USBD_COMPOSITE_EP0_TxReady
                0x000000000800534c       0x14 ./Middlewares/Third_Party/AL94_USB_Composite/COMPOSITE/Class/COMPOSITE/Src/usbd_composite.o
 .text.USBD_COMPOSITE_SOF
                0x0000000008005360       0x14 ./Middlewares/Third_Party/AL94_USB_Composite/COMPOSITE/Class/COMPOSITE/Src/usbd_composite.o
 .text.USBD_COMPOSITE_IsoINIncomplete
                0x0000000008005374       0x18 ./Middlewares/Third_Party/AL94_USB_Composite/COMPOSITE/Class/COMPOSITE/Src/usbd_composite.o
 .text.USBD_COMPOSITE_IsoOutIncomplete
                0x000000000800538c       0x18 ./Middlewares/Third_Party/AL94_USB_Composite/COMPOSITE/Class/COMPOSITE/Src/usbd_composite.o
 .text.USBD_COMPOSITE_DataOut
                0x00000000080053a4       0x18 ./Middlewares/Third_Party/AL94_USB_Composite/COMPOSITE/Class/COMPOSITE/Src/usbd_composite.o
 .text.USBD_COMPOSITE_GetHSCfgDesc
                0x00000000080053bc       0x20 ./Middlewares/Third_Party/AL94_USB_Composite/COMPOSITE/Class/COMPOSITE/Src/usbd_composite.o
 .text.USBD_COMPOSITE_GetFSCfgDesc
                0x00000000080053dc       0x20 ./Middlewares/Third_Party/AL94_USB_Composite/COMPOSITE/Class/COMPOSITE/Src/usbd_composite.o
 .text.USBD_COMPOSITE_GetOtherSpeedCfgDesc
                0x00000000080053fc       0x20 ./Middlewares/Third_Party/AL94_USB_Composite/COMPOSITE/Class/COMPOSITE/Src/usbd_composite.o
 .text.USBD_COMPOSITE_GetDeviceQualifierDesc
                0x000000000800541c       0x20 ./Middlewares/Third_Party/AL94_USB_Composite/COMPOSITE/Class/COMPOSITE/Src/usbd_composite.o
 .text.USBD_COMPOSITE_GetUsrStringDesc
                0x000000000800543c       0x68 ./Middlewares/Third_Party/AL94_USB_Composite/COMPOSITE/Class/COMPOSITE/Src/usbd_composite.o
 .text.USBD_COMPOSITE_Mount_Class
                0x00000000080054a4      0x1c8 ./Middlewares/Third_Party/AL94_USB_Composite/COMPOSITE/Class/COMPOSITE/Src/usbd_composite.o
                0x00000000080054a4                USBD_COMPOSITE_Mount_Class
 .text.USBD_HID_Init
                0x000000000800566c       0xa8 ./Middlewares/Third_Party/AL94_USB_Composite/COMPOSITE/Class/HID_KEYBOARD/Src/usbd_hid_keyboard.o
 .text.USBD_HID_DeInit
                0x0000000008005714       0x6c ./Middlewares/Third_Party/AL94_USB_Composite/COMPOSITE/Class/HID_KEYBOARD/Src/usbd_hid_keyboard.o
 .text.USBD_HID_Setup
                0x0000000008005780      0x208 ./Middlewares/Third_Party/AL94_USB_Composite/COMPOSITE/Class/HID_KEYBOARD/Src/usbd_hid_keyboard.o
 .text.USBD_HID_GetFSCfgDesc
                0x0000000008005988       0x20 ./Middlewares/Third_Party/AL94_USB_Composite/COMPOSITE/Class/HID_KEYBOARD/Src/usbd_hid_keyboard.o
 .text.USBD_HID_GetHSCfgDesc
                0x00000000080059a8       0x20 ./Middlewares/Third_Party/AL94_USB_Composite/COMPOSITE/Class/HID_KEYBOARD/Src/usbd_hid_keyboard.o
 .text.USBD_HID_GetOtherSpeedCfgDesc
                0x00000000080059c8       0x20 ./Middlewares/Third_Party/AL94_USB_Composite/COMPOSITE/Class/HID_KEYBOARD/Src/usbd_hid_keyboard.o
 .text.USBD_HID_DataIn
                0x00000000080059e8       0x22 ./Middlewares/Third_Party/AL94_USB_Composite/COMPOSITE/Class/HID_KEYBOARD/Src/usbd_hid_keyboard.o
 *fill*         0x0000000008005a0a        0x2 
 .text.USBD_HID_GetDeviceQualifierDesc
                0x0000000008005a0c       0x20 ./Middlewares/Third_Party/AL94_USB_Composite/COMPOSITE/Class/HID_KEYBOARD/Src/usbd_hid_keyboard.o
 .text.USBD_HID_Keybaord_SendReport
                0x0000000008005a2c       0x58 ./Middlewares/Third_Party/AL94_USB_Composite/COMPOSITE/Class/HID_KEYBOARD/Src/usbd_hid_keyboard.o
                0x0000000008005a2c                USBD_HID_Keybaord_SendReport
 .text.USBD_Update_HID_KBD_DESC
                0x0000000008005a84       0x5c ./Middlewares/Third_Party/AL94_USB_Composite/COMPOSITE/Class/HID_KEYBOARD/Src/usbd_hid_keyboard.o
                0x0000000008005a84                USBD_Update_HID_KBD_DESC
 .text.USBD_HID_Init
                0x0000000008005ae0       0xa8 ./Middlewares/Third_Party/AL94_USB_Composite/COMPOSITE/Class/HID_MOUSE/Src/usbd_hid_mouse.o
 .text.USBD_HID_DeInit
                0x0000000008005b88       0x6c ./Middlewares/Third_Party/AL94_USB_Composite/COMPOSITE/Class/HID_MOUSE/Src/usbd_hid_mouse.o
 .text.USBD_HID_Setup
                0x0000000008005bf4      0x208 ./Middlewares/Third_Party/AL94_USB_Composite/COMPOSITE/Class/HID_MOUSE/Src/usbd_hid_mouse.o
 .text.USBD_HID_GetFSCfgDesc
                0x0000000008005dfc       0x20 ./Middlewares/Third_Party/AL94_USB_Composite/COMPOSITE/Class/HID_MOUSE/Src/usbd_hid_mouse.o
 .text.USBD_HID_GetHSCfgDesc
                0x0000000008005e1c       0x20 ./Middlewares/Third_Party/AL94_USB_Composite/COMPOSITE/Class/HID_MOUSE/Src/usbd_hid_mouse.o
 .text.USBD_HID_GetOtherSpeedCfgDesc
                0x0000000008005e3c       0x20 ./Middlewares/Third_Party/AL94_USB_Composite/COMPOSITE/Class/HID_MOUSE/Src/usbd_hid_mouse.o
 .text.USBD_HID_DataIn
                0x0000000008005e5c       0x22 ./Middlewares/Third_Party/AL94_USB_Composite/COMPOSITE/Class/HID_MOUSE/Src/usbd_hid_mouse.o
 *fill*         0x0000000008005e7e        0x2 
 .text.USBD_HID_GetDeviceQualifierDesc
                0x0000000008005e80       0x20 ./Middlewares/Third_Party/AL94_USB_Composite/COMPOSITE/Class/HID_MOUSE/Src/usbd_hid_mouse.o
 .text.USBD_HID_Mouse_SendReport
                0x0000000008005ea0       0x58 ./Middlewares/Third_Party/AL94_USB_Composite/COMPOSITE/Class/HID_MOUSE/Src/usbd_hid_mouse.o
                0x0000000008005ea0                USBD_HID_Mouse_SendReport
 .text.USBD_Update_HID_Mouse_DESC
                0x0000000008005ef8       0x5c ./Middlewares/Third_Party/AL94_USB_Composite/COMPOSITE/Class/HID_MOUSE/Src/usbd_hid_mouse.o
                0x0000000008005ef8                USBD_Update_HID_Mouse_DESC
 .text.USBD_Init
                0x0000000008005f54       0x58 ./Middlewares/Third_Party/AL94_USB_Composite/COMPOSITE/Core/Src/usbd_core.o
                0x0000000008005f54                USBD_Init
 .text.USBD_RegisterClass
                0x0000000008005fac       0x7c ./Middlewares/Third_Party/AL94_USB_Composite/COMPOSITE/Core/Src/usbd_core.o
                0x0000000008005fac                USBD_RegisterClass
 .text.USBD_Start
                0x0000000008006028       0x18 ./Middlewares/Third_Party/AL94_USB_Composite/COMPOSITE/Core/Src/usbd_core.o
                0x0000000008006028                USBD_Start
 .text.USBD_RunTestMode
                0x0000000008006040       0x14 ./Middlewares/Third_Party/AL94_USB_Composite/COMPOSITE/Core/Src/usbd_core.o
                0x0000000008006040                USBD_RunTestMode
 .text.USBD_SetClassConfig
                0x0000000008006054       0x38 ./Middlewares/Third_Party/AL94_USB_Composite/COMPOSITE/Core/Src/usbd_core.o
                0x0000000008006054                USBD_SetClassConfig
 .text.USBD_ClrClassConfig
                0x000000000800608c       0x30 ./Middlewares/Third_Party/AL94_USB_Composite/COMPOSITE/Core/Src/usbd_core.o
                0x000000000800608c                USBD_ClrClassConfig
 .text.USBD_LL_SetupStage
                0x00000000080060bc       0xaa ./Middlewares/Third_Party/AL94_USB_Composite/COMPOSITE/Core/Src/usbd_core.o
                0x00000000080060bc                USBD_LL_SetupStage
 .text.USBD_LL_DataOutStage
                0x0000000008006166       0xc6 ./Middlewares/Third_Party/AL94_USB_Composite/COMPOSITE/Core/Src/usbd_core.o
                0x0000000008006166                USBD_LL_DataOutStage
 .text.USBD_LL_DataInStage
                0x000000000800622c      0x12c ./Middlewares/Third_Party/AL94_USB_Composite/COMPOSITE/Core/Src/usbd_core.o
                0x000000000800622c                USBD_LL_DataInStage
 .text.USBD_LL_Reset
                0x0000000008006358       0x92 ./Middlewares/Third_Party/AL94_USB_Composite/COMPOSITE/Core/Src/usbd_core.o
                0x0000000008006358                USBD_LL_Reset
 .text.USBD_LL_SetSpeed
                0x00000000080063ea       0x1e ./Middlewares/Third_Party/AL94_USB_Composite/COMPOSITE/Core/Src/usbd_core.o
                0x00000000080063ea                USBD_LL_SetSpeed
 .text.USBD_LL_Suspend
                0x0000000008006408       0x2a ./Middlewares/Third_Party/AL94_USB_Composite/COMPOSITE/Core/Src/usbd_core.o
                0x0000000008006408                USBD_LL_Suspend
 .text.USBD_LL_Resume
                0x0000000008006432       0x2e ./Middlewares/Third_Party/AL94_USB_Composite/COMPOSITE/Core/Src/usbd_core.o
                0x0000000008006432                USBD_LL_Resume
 .text.USBD_LL_SOF
                0x0000000008006460       0x44 ./Middlewares/Third_Party/AL94_USB_Composite/COMPOSITE/Core/Src/usbd_core.o
                0x0000000008006460                USBD_LL_SOF
 .text.SWAPBYTE
                0x00000000080064a4       0x3a ./Middlewares/Third_Party/AL94_USB_Composite/COMPOSITE/Core/Src/usbd_ctlreq.o
 *fill*         0x00000000080064de        0x2 
 .text.USBD_StdDevReq
                0x00000000080064e0       0xdc ./Middlewares/Third_Party/AL94_USB_Composite/COMPOSITE/Core/Src/usbd_ctlreq.o
                0x00000000080064e0                USBD_StdDevReq
 .text.USBD_StdItfReq
                0x00000000080065bc       0x92 ./Middlewares/Third_Party/AL94_USB_Composite/COMPOSITE/Core/Src/usbd_ctlreq.o
                0x00000000080065bc                USBD_StdItfReq
 .text.USBD_StdEPReq
                0x000000000800664e      0x2c4 ./Middlewares/Third_Party/AL94_USB_Composite/COMPOSITE/Core/Src/usbd_ctlreq.o
                0x000000000800664e                USBD_StdEPReq
 *fill*         0x0000000008006912        0x2 
 .text.USBD_GetDescriptor
                0x0000000008006914      0x2f8 ./Middlewares/Third_Party/AL94_USB_Composite/COMPOSITE/Core/Src/usbd_ctlreq.o
 .text.USBD_SetAddress
                0x0000000008006c0c       0x88 ./Middlewares/Third_Party/AL94_USB_Composite/COMPOSITE/Core/Src/usbd_ctlreq.o
 .text.USBD_SetConfig
                0x0000000008006c94      0x14c ./Middlewares/Third_Party/AL94_USB_Composite/COMPOSITE/Core/Src/usbd_ctlreq.o
 .text.USBD_GetConfig
                0x0000000008006de0       0x6c ./Middlewares/Third_Party/AL94_USB_Composite/COMPOSITE/Core/Src/usbd_ctlreq.o
 .text.USBD_GetStatus
                0x0000000008006e4c       0x68 ./Middlewares/Third_Party/AL94_USB_Composite/COMPOSITE/Core/Src/usbd_ctlreq.o
 .text.USBD_SetFeature
                0x0000000008006eb4       0x28 ./Middlewares/Third_Party/AL94_USB_Composite/COMPOSITE/Core/Src/usbd_ctlreq.o
 .text.USBD_ClrFeature
                0x0000000008006edc       0x44 ./Middlewares/Third_Party/AL94_USB_Composite/COMPOSITE/Core/Src/usbd_ctlreq.o
 .text.USBD_ParseSetupRequest
                0x0000000008006f20       0x74 ./Middlewares/Third_Party/AL94_USB_Composite/COMPOSITE/Core/Src/usbd_ctlreq.o
                0x0000000008006f20                USBD_ParseSetupRequest
 .text.USBD_CtlError
                0x0000000008006f94       0x22 ./Middlewares/Third_Party/AL94_USB_Composite/COMPOSITE/Core/Src/usbd_ctlreq.o
                0x0000000008006f94                USBD_CtlError
 .text.USBD_GetString
                0x0000000008006fb6       0x8c ./Middlewares/Third_Party/AL94_USB_Composite/COMPOSITE/Core/Src/usbd_ctlreq.o
                0x0000000008006fb6                USBD_GetString
 .text.USBD_GetLen
                0x0000000008007042       0x32 ./Middlewares/Third_Party/AL94_USB_Composite/COMPOSITE/Core/Src/usbd_ctlreq.o
 .text.USBD_CtlSendData
                0x0000000008007074       0x36 ./Middlewares/Third_Party/AL94_USB_Composite/COMPOSITE/Core/Src/usbd_ioreq.o
                0x0000000008007074                USBD_CtlSendData
 .text.USBD_CtlContinueSendData
                0x00000000080070aa       0x22 ./Middlewares/Third_Party/AL94_USB_Composite/COMPOSITE/Core/Src/usbd_ioreq.o
                0x00000000080070aa                USBD_CtlContinueSendData
 .text.USBD_CtlContinueRx
                0x00000000080070cc       0x22 ./Middlewares/Third_Party/AL94_USB_Composite/COMPOSITE/Core/Src/usbd_ioreq.o
                0x00000000080070cc                USBD_CtlContinueRx
 .text.USBD_CtlSendStatus
                0x00000000080070ee       0x26 ./Middlewares/Third_Party/AL94_USB_Composite/COMPOSITE/Core/Src/usbd_ioreq.o
                0x00000000080070ee                USBD_CtlSendStatus
 .text.USBD_CtlReceiveStatus
                0x0000000008007114       0x26 ./Middlewares/Third_Party/AL94_USB_Composite/COMPOSITE/Core/Src/usbd_ioreq.o
                0x0000000008007114                USBD_CtlReceiveStatus
 .text.HAL_PCD_SetupStageCallback
                0x000000000800713a       0x24 ./Middlewares/Third_Party/AL94_USB_Composite/COMPOSITE/Target/usbd_conf.o
                0x000000000800713a                HAL_PCD_SetupStageCallback
 .text.HAL_PCD_DataOutStageCallback
                0x000000000800715e       0x36 ./Middlewares/Third_Party/AL94_USB_Composite/COMPOSITE/Target/usbd_conf.o
                0x000000000800715e                HAL_PCD_DataOutStageCallback
 .text.HAL_PCD_DataInStageCallback
                0x0000000008007194       0x34 ./Middlewares/Third_Party/AL94_USB_Composite/COMPOSITE/Target/usbd_conf.o
                0x0000000008007194                HAL_PCD_DataInStageCallback
 .text.HAL_PCD_SOFCallback
                0x00000000080071c8       0x1c ./Middlewares/Third_Party/AL94_USB_Composite/COMPOSITE/Target/usbd_conf.o
                0x00000000080071c8                HAL_PCD_SOFCallback
 .text.HAL_PCD_ResetCallback
                0x00000000080071e4       0x42 ./Middlewares/Third_Party/AL94_USB_Composite/COMPOSITE/Target/usbd_conf.o
                0x00000000080071e4                HAL_PCD_ResetCallback
 .text.HAL_PCD_SuspendCallback
                0x0000000008007226       0x1c ./Middlewares/Third_Party/AL94_USB_Composite/COMPOSITE/Target/usbd_conf.o
                0x0000000008007226                HAL_PCD_SuspendCallback
 .text.HAL_PCD_ResumeCallback
                0x0000000008007242       0x1c ./Middlewares/Third_Party/AL94_USB_Composite/COMPOSITE/Target/usbd_conf.o
                0x0000000008007242                HAL_PCD_ResumeCallback
 *fill*         0x000000000800725e        0x2 
 .text.USBD_LL_Init
                0x0000000008007260       0xa8 ./Middlewares/Third_Party/AL94_USB_Composite/COMPOSITE/Target/usbd_conf.o
                0x0000000008007260                USBD_LL_Init
 .text.USBD_LL_Start
                0x0000000008007308       0x36 ./Middlewares/Third_Party/AL94_USB_Composite/COMPOSITE/Target/usbd_conf.o
                0x0000000008007308                USBD_LL_Start
 .text.USBD_LL_OpenEP
                0x000000000800733e       0x4c ./Middlewares/Third_Party/AL94_USB_Composite/COMPOSITE/Target/usbd_conf.o
                0x000000000800733e                USBD_LL_OpenEP
 .text.USBD_LL_CloseEP
                0x000000000800738a       0x3e ./Middlewares/Third_Party/AL94_USB_Composite/COMPOSITE/Target/usbd_conf.o
                0x000000000800738a                USBD_LL_CloseEP
 .text.USBD_LL_StallEP
                0x00000000080073c8       0x3e ./Middlewares/Third_Party/AL94_USB_Composite/COMPOSITE/Target/usbd_conf.o
                0x00000000080073c8                USBD_LL_StallEP
 .text.USBD_LL_ClearStallEP
                0x0000000008007406       0x3e ./Middlewares/Third_Party/AL94_USB_Composite/COMPOSITE/Target/usbd_conf.o
                0x0000000008007406                USBD_LL_ClearStallEP
 .text.USBD_LL_IsStallEP
                0x0000000008007444       0x58 ./Middlewares/Third_Party/AL94_USB_Composite/COMPOSITE/Target/usbd_conf.o
                0x0000000008007444                USBD_LL_IsStallEP
 .text.USBD_LL_SetUSBAddress
                0x000000000800749c       0x3e ./Middlewares/Third_Party/AL94_USB_Composite/COMPOSITE/Target/usbd_conf.o
                0x000000000800749c                USBD_LL_SetUSBAddress
 .text.USBD_LL_Transmit
                0x00000000080074da       0x42 ./Middlewares/Third_Party/AL94_USB_Composite/COMPOSITE/Target/usbd_conf.o
                0x00000000080074da                USBD_LL_Transmit
 .text.USBD_LL_PrepareReceive
                0x000000000800751c       0x42 ./Middlewares/Third_Party/AL94_USB_Composite/COMPOSITE/Target/usbd_conf.o
                0x000000000800751c                USBD_LL_PrepareReceive
 *fill*         0x000000000800755e        0x2 
 .text.USBD_Get_USB_Status
                0x0000000008007560       0x58 ./Middlewares/Third_Party/AL94_USB_Composite/COMPOSITE/Target/usbd_conf.o
                0x0000000008007560                USBD_Get_USB_Status
 .text.__libc_init_array
                0x00000000080075b8       0x48 c:/st/stm32cubeide_1.7.0/stm32cubeide/plugins/com.st.stm32cube.ide.mcu.externaltools.gnu-tools-for-stm32.9-2020-q2-update.win32_2.0.0.202105311346/tools/bin/../lib/gcc/arm-none-eabi/9.3.1/../../../../arm-none-eabi/lib/thumb/v7-m/nofp\libc_nano.a(lib_a-init.o)
                0x00000000080075b8                __libc_init_array
 .text.memcpy   0x0000000008007600       0x1c c:/st/stm32cubeide_1.7.0/stm32cubeide/plugins/com.st.stm32cube.ide.mcu.externaltools.gnu-tools-for-stm32.9-2020-q2-update.win32_2.0.0.202105311346/tools/bin/../lib/gcc/arm-none-eabi/9.3.1/../../../../arm-none-eabi/lib/thumb/v7-m/nofp\libc_nano.a(lib_a-memcpy-stub.o)
                0x0000000008007600                memcpy
 .text.memset   0x000000000800761c       0x10 c:/st/stm32cubeide_1.7.0/stm32cubeide/plugins/com.st.stm32cube.ide.mcu.externaltools.gnu-tools-for-stm32.9-2020-q2-update.win32_2.0.0.202105311346/tools/bin/../lib/gcc/arm-none-eabi/9.3.1/../../../../arm-none-eabi/lib/thumb/v7-m/nofp\libc_nano.a(lib_a-memset.o)
                0x000000000800761c                memset
 *(.glue_7)
 .glue_7        0x000000000800762c        0x0 linker stubs
 *(.glue_7t)
 .glue_7t       0x000000000800762c        0x0 linker stubs
 *(.eh_frame)
 .eh_frame      0x000000000800762c        0x0 c:/st/stm32cubeide_1.7.0/stm32cubeide/plugins/com.st.stm32cube.ide.mcu.externaltools.gnu-tools-for-stm32.9-2020-q2-update.win32_2.0.0.202105311346/tools/bin/../lib/gcc/arm-none-eabi/9.3.1/thumb/v7-m/nofp/crtbegin.o
 *(.init)
 .init          0x000000000800762c        0x4 c:/st/stm32cubeide_1.7.0/stm32cubeide/plugins/com.st.stm32cube.ide.mcu.externaltools.gnu-tools-for-stm32.9-2020-q2-update.win32_2.0.0.202105311346/tools/bin/../lib/gcc/arm-none-eabi/9.3.1/thumb/v7-m/nofp/crti.o
                0x000000000800762c                _init
 .init          0x0000000008007630        0x8 c:/st/stm32cubeide_1.7.0/stm32cubeide/plugins/com.st.stm32cube.ide.mcu.externaltools.gnu-tools-for-stm32.9-2020-q2-update.win32_2.0.0.202105311346/tools/bin/../lib/gcc/arm-none-eabi/9.3.1/thumb/v7-m/nofp/crtn.o
 *(.fini)
 .fini          0x0000000008007638        0x4 c:/st/stm32cubeide_1.7.0/stm32cubeide/plugins/com.st.stm32cube.ide.mcu.externaltools.gnu-tools-for-stm32.9-2020-q2-update.win32_2.0.0.202105311346/tools/bin/../lib/gcc/arm-none-eabi/9.3.1/thumb/v7-m/nofp/crti.o
                0x0000000008007638                _fini
 .fini          0x000000000800763c        0x8 c:/st/stm32cubeide_1.7.0/stm32cubeide/plugins/com.st.stm32cube.ide.mcu.externaltools.gnu-tools-for-stm32.9-2020-q2-update.win32_2.0.0.202105311346/tools/bin/../lib/gcc/arm-none-eabi/9.3.1/thumb/v7-m/nofp/crtn.o
                0x0000000008007644                . = ALIGN (0x4)
                0x0000000008007644                _etext = .

.vfp11_veneer   0x0000000008007644        0x0
 .vfp11_veneer  0x0000000008007644        0x0 linker stubs

.v4_bx          0x0000000008007644        0x0
 .v4_bx         0x0000000008007644        0x0 linker stubs

.iplt           0x0000000008007644        0x0
 .iplt          0x0000000008007644        0x0 c:/st/stm32cubeide_1.7.0/stm32cubeide/plugins/com.st.stm32cube.ide.mcu.externaltools.gnu-tools-for-stm32.9-2020-q2-update.win32_2.0.0.202105311346/tools/bin/../lib/gcc/arm-none-eabi/9.3.1/thumb/v7-m/nofp/crtbegin.o

.rodata         0x0000000008007644       0x94
                0x0000000008007644                . = ALIGN (0x4)
 *(.rodata)
 .rodata        0x0000000008007644       0x10 ./Drivers/STM32F1xx_HAL_Driver/Src/stm32f1xx_hal_rcc.o
 .rodata        0x0000000008007654       0x50 ./Middlewares/Third_Party/AL94_USB_Composite/COMPOSITE/App/usbd_desc.o
 .rodata        0x00000000080076a4       0x23 ./Middlewares/Third_Party/AL94_USB_Composite/COMPOSITE/Class/COMPOSITE/Src/usbd_composite.o
 *(.rodata*)
 *fill*         0x00000000080076c7        0x1 
 .rodata.AHBPrescTable
                0x00000000080076c8       0x10 ./Core/Src/system_stm32f1xx.o
                0x00000000080076c8                AHBPrescTable
                0x00000000080076d8                . = ALIGN (0x4)

.rel.dyn        0x00000000080076d8        0x0
 .rel.iplt      0x00000000080076d8        0x0 c:/st/stm32cubeide_1.7.0/stm32cubeide/plugins/com.st.stm32cube.ide.mcu.externaltools.gnu-tools-for-stm32.9-2020-q2-update.win32_2.0.0.202105311346/tools/bin/../lib/gcc/arm-none-eabi/9.3.1/thumb/v7-m/nofp/crtbegin.o

.ARM.extab      0x00000000080076d8        0x0
                0x00000000080076d8                . = ALIGN (0x4)
 *(.ARM.extab* .gnu.linkonce.armextab.*)
                0x00000000080076d8                . = ALIGN (0x4)

.ARM            0x00000000080076d8        0x0
                0x00000000080076d8                . = ALIGN (0x4)
                0x00000000080076d8                __exidx_start = .
 *(.ARM.exidx*)
                0x00000000080076d8                __exidx_end = .
                0x00000000080076d8                . = ALIGN (0x4)

.preinit_array  0x00000000080076d8        0x0
                0x00000000080076d8                . = ALIGN (0x4)
                0x00000000080076d8                PROVIDE (__preinit_array_start = .)
 *(.preinit_array*)
                0x00000000080076d8                PROVIDE (__preinit_array_end = .)
                0x00000000080076d8                . = ALIGN (0x4)

.init_array     0x00000000080076d8        0x4
                0x00000000080076d8                . = ALIGN (0x4)
                0x00000000080076d8                PROVIDE (__init_array_start = .)
 *(SORT_BY_NAME(.init_array.*))
 *(.init_array*)
 .init_array    0x00000000080076d8        0x4 c:/st/stm32cubeide_1.7.0/stm32cubeide/plugins/com.st.stm32cube.ide.mcu.externaltools.gnu-tools-for-stm32.9-2020-q2-update.win32_2.0.0.202105311346/tools/bin/../lib/gcc/arm-none-eabi/9.3.1/thumb/v7-m/nofp/crtbegin.o
                0x00000000080076dc                PROVIDE (__init_array_end = .)
                0x00000000080076dc                . = ALIGN (0x4)

.fini_array     0x00000000080076dc        0x4
                0x00000000080076dc                . = ALIGN (0x4)
                [!provide]                        PROVIDE (__fini_array_start = .)
 *(SORT_BY_NAME(.fini_array.*))
 *(.fini_array*)
 .fini_array    0x00000000080076dc        0x4 c:/st/stm32cubeide_1.7.0/stm32cubeide/plugins/com.st.stm32cube.ide.mcu.externaltools.gnu-tools-for-stm32.9-2020-q2-update.win32_2.0.0.202105311346/tools/bin/../lib/gcc/arm-none-eabi/9.3.1/thumb/v7-m/nofp/crtbegin.o
                [!provide]                        PROVIDE (__fini_array_end = .)
                0x00000000080076e0                . = ALIGN (0x4)
                0x00000000080076e0                _sidata = LOADADDR (.data)

.data           0x0000000020000000      0x284 load address 0x00000000080076e0
                0x0000000020000000                . = ALIGN (0x4)
                0x0000000020000000                _sdata = .
 *(.data)
 *(.data*)
 .data.kbdPress
                0x0000000020000000        0x8 ./Core/Src/main.o
                0x0000000020000000                kbdPress
 .data.mousemove
                0x0000000020000008       0x10 ./Core/Src/main.o
                0x0000000020000008                mousemove
 .data.SystemCoreClock
                0x0000000020000018        0x4 ./Core/Src/system_stm32f1xx.o
                0x0000000020000018                SystemCoreClock
 .data.uwTickPrio
                0x000000002000001c        0x4 ./Drivers/STM32F1xx_HAL_Driver/Src/stm32f1xx_hal.o
                0x000000002000001c                uwTickPrio
 .data.uwTickFreq
                0x0000000020000020        0x1 ./Drivers/STM32F1xx_HAL_Driver/Src/stm32f1xx_hal.o
                0x0000000020000020                uwTickFreq
 *fill*         0x0000000020000021        0x3 
 .data.USBD_Desc
                0x0000000020000024       0x1c ./Middlewares/Third_Party/AL94_USB_Composite/COMPOSITE/App/usbd_desc.o
                0x0000000020000024                USBD_Desc
 .data.USBD_DeviceDesc
                0x0000000020000040       0x12 ./Middlewares/Third_Party/AL94_USB_Composite/COMPOSITE/App/usbd_desc.o
                0x0000000020000040                USBD_DeviceDesc
 *fill*         0x0000000020000052        0x2 
 .data.USBD_LangIDDesc
                0x0000000020000054        0x4 ./Middlewares/Third_Party/AL94_USB_Composite/COMPOSITE/App/usbd_desc.o
                0x0000000020000054                USBD_LangIDDesc
 .data.USBD_StringSerial
                0x0000000020000058       0x1a ./Middlewares/Third_Party/AL94_USB_Composite/COMPOSITE/App/usbd_desc.o
                0x0000000020000058                USBD_StringSerial
 *fill*         0x0000000020000072        0x2 
 .data.USBD_COMPOSITE
                0x0000000020000074       0x3c ./Middlewares/Third_Party/AL94_USB_Composite/COMPOSITE/Class/COMPOSITE/Src/usbd_composite.o
                0x0000000020000074                USBD_COMPOSITE
 .data.USBD_Track_String_Index
                0x00000000200000b0        0x1 ./Middlewares/Third_Party/AL94_USB_Composite/COMPOSITE/Class/COMPOSITE/Src/usbd_composite.o
                0x00000000200000b0                USBD_Track_String_Index
 *fill*         0x00000000200000b1        0x3 
 .data.USBD_COMPOSITE_DeviceQualifierDesc
                0x00000000200000b4        0xa ./Middlewares/Third_Party/AL94_USB_Composite/COMPOSITE/Class/COMPOSITE/Src/usbd_composite.o
 .data.HID_KEYBOARD_IN_EP
                0x00000000200000be        0x1 ./Middlewares/Third_Party/AL94_USB_Composite/COMPOSITE/Class/HID_KEYBOARD/Src/usbd_hid_keyboard.o
                0x00000000200000be                HID_KEYBOARD_IN_EP
 *fill*         0x00000000200000bf        0x1 
 .data.USBD_HID_KEYBOARD
                0x00000000200000c0       0x3c ./Middlewares/Third_Party/AL94_USB_Composite/COMPOSITE/Class/HID_KEYBOARD/Src/usbd_hid_keyboard.o
                0x00000000200000c0                USBD_HID_KEYBOARD
 .data.USBD_HID_KEYBOARD_CfgFSDesc
                0x00000000200000fc       0x22 ./Middlewares/Third_Party/AL94_USB_Composite/COMPOSITE/Class/HID_KEYBOARD/Src/usbd_hid_keyboard.o
 *fill*         0x000000002000011e        0x2 
 .data.USBD_HID_KEYBOARD_CfgHSDesc
                0x0000000020000120       0x22 ./Middlewares/Third_Party/AL94_USB_Composite/COMPOSITE/Class/HID_KEYBOARD/Src/usbd_hid_keyboard.o
 *fill*         0x0000000020000142        0x2 
 .data.USBD_HID_KEYBOARD_Desc
                0x0000000020000144        0x9 ./Middlewares/Third_Party/AL94_USB_Composite/COMPOSITE/Class/HID_KEYBOARD/Src/usbd_hid_keyboard.o
 *fill*         0x000000002000014d        0x3 
 .data.USBD_HID_DeviceQualifierDesc
                0x0000000020000150        0xa ./Middlewares/Third_Party/AL94_USB_Composite/COMPOSITE/Class/HID_KEYBOARD/Src/usbd_hid_keyboard.o
 *fill*         0x000000002000015a        0x2 
 .data.HID_KEYBOARD_ReportDesc
                0x000000002000015c       0x3f ./Middlewares/Third_Party/AL94_USB_Composite/COMPOSITE/Class/HID_KEYBOARD/Src/usbd_hid_keyboard.o
 .data.HID_MOUSE_IN_EP
                0x000000002000019b        0x1 ./Middlewares/Third_Party/AL94_USB_Composite/COMPOSITE/Class/HID_MOUSE/Src/usbd_hid_mouse.o
                0x000000002000019b                HID_MOUSE_IN_EP
 .data.USBD_HID_MOUSE
                0x000000002000019c       0x3c ./Middlewares/Third_Party/AL94_USB_Composite/COMPOSITE/Class/HID_MOUSE/Src/usbd_hid_mouse.o
                0x000000002000019c                USBD_HID_MOUSE
 .data.USBD_HID_CfgFSDesc
                0x00000000200001d8       0x22 ./Middlewares/Third_Party/AL94_USB_Composite/COMPOSITE/Class/HID_MOUSE/Src/usbd_hid_mouse.o
 *fill*         0x00000000200001fa        0x2 
 .data.USBD_HID_CfgHSDesc
                0x00000000200001fc       0x22 ./Middlewares/Third_Party/AL94_USB_Composite/COMPOSITE/Class/HID_MOUSE/Src/usbd_hid_mouse.o
 *fill*         0x000000002000021e        0x2 
 .data.USBD_HID_Desc
                0x0000000020000220        0x9 ./Middlewares/Third_Party/AL94_USB_Composite/COMPOSITE/Class/HID_MOUSE/Src/usbd_hid_mouse.o
 *fill*         0x0000000020000229        0x3 
 .data.USBD_HID_DeviceQualifierDesc
                0x000000002000022c        0xa ./Middlewares/Third_Party/AL94_USB_Composite/COMPOSITE/Class/HID_MOUSE/Src/usbd_hid_mouse.o
 *fill*         0x0000000020000236        0x2 
 .data.HID_MOUSE_ReportDesc
                0x0000000020000238       0x4a ./Middlewares/Third_Party/AL94_USB_Composite/COMPOSITE/Class/HID_MOUSE/Src/usbd_hid_mouse.o
 *(.RamFunc)
 *(.RamFunc*)
                0x0000000020000284                . = ALIGN (0x4)
 *fill*         0x0000000020000282        0x2 
                0x0000000020000284                _edata = .

.igot.plt       0x0000000020000284        0x0 load address 0x0000000008007964
 .igot.plt      0x0000000020000284        0x0 c:/st/stm32cubeide_1.7.0/stm32cubeide/plugins/com.st.stm32cube.ide.mcu.externaltools.gnu-tools-for-stm32.9-2020-q2-update.win32_2.0.0.202105311346/tools/bin/../lib/gcc/arm-none-eabi/9.3.1/thumb/v7-m/nofp/crtbegin.o
                0x0000000020000284                . = ALIGN (0x4)

.bss            0x0000000020000284      0x91c load address 0x0000000008007964
                0x0000000020000284                _sbss = .
                0x0000000020000284                __bss_start__ = _sbss
 *(.bss)
 .bss           0x0000000020000284       0x1c c:/st/stm32cubeide_1.7.0/stm32cubeide/plugins/com.st.stm32cube.ide.mcu.externaltools.gnu-tools-for-stm32.9-2020-q2-update.win32_2.0.0.202105311346/tools/bin/../lib/gcc/arm-none-eabi/9.3.1/thumb/v7-m/nofp/crtbegin.o
 *(.bss*)
 .bss.kbdRelease
                0x00000000200002a0        0x8 ./Core/Src/main.o
                0x00000000200002a0                kbdRelease
 .bss.mousehid  0x00000000200002a8        0x4 ./Core/Src/main.o
                0x00000000200002a8                mousehid
 .bss.USBD_StrDesc.7796
                0x00000000200002ac       0x40 ./Middlewares/Third_Party/AL94_USB_Composite/COMPOSITE/Class/COMPOSITE/Src/usbd_composite.o
 .bss.HID_KEYBOARD_ITF_NBR
                0x00000000200002ec        0x1 ./Middlewares/Third_Party/AL94_USB_Composite/COMPOSITE/Class/HID_KEYBOARD/Src/usbd_hid_keyboard.o
                0x00000000200002ec                HID_KEYBOARD_ITF_NBR
 .bss.HID_KEYBOARD_STR_DESC_IDX
                0x00000000200002ed        0x1 ./Middlewares/Third_Party/AL94_USB_Composite/COMPOSITE/Class/HID_KEYBOARD/Src/usbd_hid_keyboard.o
                0x00000000200002ed                HID_KEYBOARD_STR_DESC_IDX
 *fill*         0x00000000200002ee        0x2 
 .bss.USBD_HID_KBD_Instace
                0x00000000200002f0       0x10 ./Middlewares/Third_Party/AL94_USB_Composite/COMPOSITE/Class/HID_KEYBOARD/Src/usbd_hid_keyboard.o
 .bss.HID_MOUSE_ITF_NBR
                0x0000000020000300        0x1 ./Middlewares/Third_Party/AL94_USB_Composite/COMPOSITE/Class/HID_MOUSE/Src/usbd_hid_mouse.o
                0x0000000020000300                HID_MOUSE_ITF_NBR
 .bss.HID_MOUSE_STR_DESC_IDX
                0x0000000020000301        0x1 ./Middlewares/Third_Party/AL94_USB_Composite/COMPOSITE/Class/HID_MOUSE/Src/usbd_hid_mouse.o
                0x0000000020000301                HID_MOUSE_STR_DESC_IDX
 *fill*         0x0000000020000302        0x2 
 .bss.USBD_HID_Instance
                0x0000000020000304       0x10 ./Middlewares/Third_Party/AL94_USB_Composite/COMPOSITE/Class/HID_MOUSE/Src/usbd_hid_mouse.o
 .bss.cfgidx.7758
                0x0000000020000314        0x1 ./Middlewares/Third_Party/AL94_USB_Composite/COMPOSITE/Core/Src/usbd_ctlreq.o
 *(COMMON)
 *fill*         0x0000000020000315        0x3 
 COMMON         0x0000000020000318      0x2ec ./Core/Src/usb.o
                0x0000000020000318                hpcd_USB_FS
 COMMON         0x0000000020000604        0x4 ./Drivers/STM32F1xx_HAL_Driver/Src/stm32f1xx_hal.o
                0x0000000020000604                uwTick
 COMMON         0x0000000020000608      0x31c ./Middlewares/Third_Party/AL94_USB_Composite/COMPOSITE/App/usb_device.o
                0x0000000020000608                hUsbDevice
 COMMON         0x0000000020000924      0x200 ./Middlewares/Third_Party/AL94_USB_Composite/COMPOSITE/App/usbd_desc.o
                0x0000000020000924                USBD_StrDesc
 COMMON         0x0000000020000b24       0x77 ./Middlewares/Third_Party/AL94_USB_Composite/COMPOSITE/Class/COMPOSITE/Src/usbd_composite.o
                0x0000000020000b24                USBD_COMPOSITE_HSCfgDesc
                0x0000000020000b60                USBD_COMPOSITE_FSCfgDesc
 *fill*         0x0000000020000b9b        0x1 
 COMMON         0x0000000020000b9c        0x4 ./Middlewares/Third_Party/AL94_USB_Composite/COMPOSITE/Target/usbd_conf.o
                0x0000000020000b9c                hpcd_USB_OTG_PTR
                0x0000000020000ba0                . = ALIGN (0x4)
                0x0000000020000ba0                _ebss = .
                0x0000000020000ba0                __bss_end__ = _ebss

._user_heap_stack
                0x0000000020000ba0      0x600 load address 0x0000000008007964
                0x0000000020000ba0                . = ALIGN (0x8)
                [!provide]                        PROVIDE (end = .)
                0x0000000020000ba0                PROVIDE (_end = .)
                0x0000000020000da0                . = (. + _Min_Heap_Size)
 *fill*         0x0000000020000ba0      0x200 
                0x00000000200011a0                . = (. + _Min_Stack_Size)
 *fill*         0x0000000020000da0      0x400 
                0x00000000200011a0                . = ALIGN (0x8)

/DISCARD/
 libc.a(*)
 libm.a(*)
 libgcc.a(*)

.ARM.attributes
                0x0000000000000000       0x29
 *(.ARM.attributes)
 .ARM.attributes
                0x0000000000000000       0x1d c:/st/stm32cubeide_1.7.0/stm32cubeide/plugins/com.st.stm32cube.ide.mcu.externaltools.gnu-tools-for-stm32.9-2020-q2-update.win32_2.0.0.202105311346/tools/bin/../lib/gcc/arm-none-eabi/9.3.1/thumb/v7-m/nofp/crti.o
 .ARM.attributes
                0x000000000000001d       0x2d c:/st/stm32cubeide_1.7.0/stm32cubeide/plugins/com.st.stm32cube.ide.mcu.externaltools.gnu-tools-for-stm32.9-2020-q2-update.win32_2.0.0.202105311346/tools/bin/../lib/gcc/arm-none-eabi/9.3.1/thumb/v7-m/nofp/crtbegin.o
 .ARM.attributes
                0x000000000000004a       0x2d ./Core/Src/gpio.o
 .ARM.attributes
                0x0000000000000077       0x2d ./Core/Src/main.o
 .ARM.attributes
                0x00000000000000a4       0x2d ./Core/Src/stm32f1xx_hal_msp.o
 .ARM.attributes
                0x00000000000000d1       0x2d ./Core/Src/stm32f1xx_it.o
 .ARM.attributes
                0x00000000000000fe       0x2d ./Core/Src/system_stm32f1xx.o
 .ARM.attributes
                0x000000000000012b       0x2d ./Core/Src/usb.o
 .ARM.attributes
                0x0000000000000158       0x21 ./Core/Startup/startup_stm32f103c8tx.o
 .ARM.attributes
                0x0000000000000179       0x2d ./Drivers/STM32F1xx_HAL_Driver/Src/stm32f1xx_hal.o
 .ARM.attributes
                0x00000000000001a6       0x2d ./Drivers/STM32F1xx_HAL_Driver/Src/stm32f1xx_hal_cortex.o
 .ARM.attributes
                0x00000000000001d3       0x2d ./Drivers/STM32F1xx_HAL_Driver/Src/stm32f1xx_hal_pcd.o
 .ARM.attributes
                0x0000000000000200       0x2d ./Drivers/STM32F1xx_HAL_Driver/Src/stm32f1xx_hal_pcd_ex.o
 .ARM.attributes
                0x000000000000022d       0x2d ./Drivers/STM32F1xx_HAL_Driver/Src/stm32f1xx_hal_rcc.o
 .ARM.attributes
                0x000000000000025a       0x2d ./Drivers/STM32F1xx_HAL_Driver/Src/stm32f1xx_hal_rcc_ex.o
 .ARM.attributes
                0x0000000000000287       0x2d ./Drivers/STM32F1xx_HAL_Driver/Src/stm32f1xx_ll_usb.o
 .ARM.attributes
                0x00000000000002b4       0x2d ./Middlewares/Third_Party/AL94_USB_Composite/COMPOSITE/App/usb_device.o
 .ARM.attributes
                0x00000000000002e1       0x2d ./Middlewares/Third_Party/AL94_USB_Composite/COMPOSITE/App/usbd_desc.o
 .ARM.attributes
                0x000000000000030e       0x2d ./Middlewares/Third_Party/AL94_USB_Composite/COMPOSITE/Class/COMPOSITE/Src/usbd_composite.o
 .ARM.attributes
                0x000000000000033b       0x2d ./Middlewares/Third_Party/AL94_USB_Composite/COMPOSITE/Class/HID_KEYBOARD/Src/usbd_hid_keyboard.o
 .ARM.attributes
                0x0000000000000368       0x2d ./Middlewares/Third_Party/AL94_USB_Composite/COMPOSITE/Class/HID_MOUSE/Src/usbd_hid_mouse.o
 .ARM.attributes
                0x0000000000000395       0x2d ./Middlewares/Third_Party/AL94_USB_Composite/COMPOSITE/Core/Src/usbd_core.o
 .ARM.attributes
                0x00000000000003c2       0x2d ./Middlewares/Third_Party/AL94_USB_Composite/COMPOSITE/Core/Src/usbd_ctlreq.o
 .ARM.attributes
                0x00000000000003ef       0x2d ./Middlewares/Third_Party/AL94_USB_Composite/COMPOSITE/Core/Src/usbd_ioreq.o
 .ARM.attributes
                0x000000000000041c       0x2d ./Middlewares/Third_Party/AL94_USB_Composite/COMPOSITE/Target/usbd_conf.o
 .ARM.attributes
                0x0000000000000449       0x2d c:/st/stm32cubeide_1.7.0/stm32cubeide/plugins/com.st.stm32cube.ide.mcu.externaltools.gnu-tools-for-stm32.9-2020-q2-update.win32_2.0.0.202105311346/tools/bin/../lib/gcc/arm-none-eabi/9.3.1/../../../../arm-none-eabi/lib/thumb/v7-m/nofp\libc_nano.a(lib_a-init.o)
 .ARM.attributes
                0x0000000000000476       0x2d c:/st/stm32cubeide_1.7.0/stm32cubeide/plugins/com.st.stm32cube.ide.mcu.externaltools.gnu-tools-for-stm32.9-2020-q2-update.win32_2.0.0.202105311346/tools/bin/../lib/gcc/arm-none-eabi/9.3.1/../../../../arm-none-eabi/lib/thumb/v7-m/nofp\libc_nano.a(lib_a-memcpy-stub.o)
 .ARM.attributes
                0x00000000000004a3       0x2d c:/st/stm32cubeide_1.7.0/stm32cubeide/plugins/com.st.stm32cube.ide.mcu.externaltools.gnu-tools-for-stm32.9-2020-q2-update.win32_2.0.0.202105311346/tools/bin/../lib/gcc/arm-none-eabi/9.3.1/../../../../arm-none-eabi/lib/thumb/v7-m/nofp\libc_nano.a(lib_a-memset.o)
 .ARM.attributes
                0x00000000000004d0       0x1d c:/st/stm32cubeide_1.7.0/stm32cubeide/plugins/com.st.stm32cube.ide.mcu.externaltools.gnu-tools-for-stm32.9-2020-q2-update.win32_2.0.0.202105311346/tools/bin/../lib/gcc/arm-none-eabi/9.3.1/thumb/v7-m/nofp/crtn.o
OUTPUT(MKE_test.elf elf32-littlearm)
LOAD linker stubs
LOAD c:/st/stm32cubeide_1.7.0/stm32cubeide/plugins/com.st.stm32cube.ide.mcu.externaltools.gnu-tools-for-stm32.9-2020-q2-update.win32_2.0.0.202105311346/tools/bin/../lib/gcc/arm-none-eabi/9.3.1/../../../../arm-none-eabi/lib/thumb/v7-m/nofp\libc.a
LOAD c:/st/stm32cubeide_1.7.0/stm32cubeide/plugins/com.st.stm32cube.ide.mcu.externaltools.gnu-tools-for-stm32.9-2020-q2-update.win32_2.0.0.202105311346/tools/bin/../lib/gcc/arm-none-eabi/9.3.1/../../../../arm-none-eabi/lib/thumb/v7-m/nofp\libm.a
LOAD c:/st/stm32cubeide_1.7.0/stm32cubeide/plugins/com.st.stm32cube.ide.mcu.externaltools.gnu-tools-for-stm32.9-2020-q2-update.win32_2.0.0.202105311346/tools/bin/../lib/gcc/arm-none-eabi/9.3.1/thumb/v7-m/nofp\libgcc.a

.debug_info     0x0000000000000000    0x14330
 .debug_info    0x0000000000000000      0x26c ./Core/Src/gpio.o
 .debug_info    0x000000000000026c     0x183e ./Core/Src/main.o
 .debug_info    0x0000000000001aaa      0x2fc ./Core/Src/stm32f1xx_hal_msp.o
 .debug_info    0x0000000000001da6      0x725 ./Core/Src/stm32f1xx_it.o
 .debug_info    0x00000000000024cb      0x2be ./Core/Src/system_stm32f1xx.o
 .debug_info    0x0000000000002789      0x916 ./Core/Src/usb.o
 .debug_info    0x000000000000309f       0x22 ./Core/Startup/startup_stm32f103c8tx.o
 .debug_info    0x00000000000030c1      0x76a ./Drivers/STM32F1xx_HAL_Driver/Src/stm32f1xx_hal.o
 .debug_info    0x000000000000382b      0xbdc ./Drivers/STM32F1xx_HAL_Driver/Src/stm32f1xx_hal_cortex.o
 .debug_info    0x0000000000004407     0x1509 ./Drivers/STM32F1xx_HAL_Driver/Src/stm32f1xx_hal_pcd.o
 .debug_info    0x0000000000005910      0x7fc ./Drivers/STM32F1xx_HAL_Driver/Src/stm32f1xx_hal_pcd_ex.o
 .debug_info    0x000000000000610c      0x88e ./Drivers/STM32F1xx_HAL_Driver/Src/stm32f1xx_hal_rcc.o
 .debug_info    0x000000000000699a      0x480 ./Drivers/STM32F1xx_HAL_Driver/Src/stm32f1xx_hal_rcc_ex.o
 .debug_info    0x0000000000006e1a     0x19e6 ./Drivers/STM32F1xx_HAL_Driver/Src/stm32f1xx_ll_usb.o
 .debug_info    0x0000000000008800     0x10bf ./Middlewares/Third_Party/AL94_USB_Composite/COMPOSITE/App/usb_device.o
 .debug_info    0x00000000000098bf     0x1339 ./Middlewares/Third_Party/AL94_USB_Composite/COMPOSITE/App/usbd_desc.o
 .debug_info    0x000000000000abf8     0x1515 ./Middlewares/Third_Party/AL94_USB_Composite/COMPOSITE/Class/COMPOSITE/Src/usbd_composite.o
 .debug_info    0x000000000000c10d     0x14b2 ./Middlewares/Third_Party/AL94_USB_Composite/COMPOSITE/Class/HID_KEYBOARD/Src/usbd_hid_keyboard.o
 .debug_info    0x000000000000d5bf     0x14b2 ./Middlewares/Third_Party/AL94_USB_Composite/COMPOSITE/Class/HID_MOUSE/Src/usbd_hid_mouse.o
 .debug_info    0x000000000000ea71     0x14f0 ./Middlewares/Third_Party/AL94_USB_Composite/COMPOSITE/Core/Src/usbd_core.o
 .debug_info    0x000000000000ff61     0x14bc ./Middlewares/Third_Party/AL94_USB_Composite/COMPOSITE/Core/Src/usbd_ctlreq.o
 .debug_info    0x000000000001141d     0x11de ./Middlewares/Third_Party/AL94_USB_Composite/COMPOSITE/Core/Src/usbd_ioreq.o
 .debug_info    0x00000000000125fb     0x1d35 ./Middlewares/Third_Party/AL94_USB_Composite/COMPOSITE/Target/usbd_conf.o

.debug_abbrev   0x0000000000000000     0x31b0
 .debug_abbrev  0x0000000000000000      0x11d ./Core/Src/gpio.o
 .debug_abbrev  0x000000000000011d      0x2c0 ./Core/Src/main.o
 .debug_abbrev  0x00000000000003dd      0x11d ./Core/Src/stm32f1xx_hal_msp.o
 .debug_abbrev  0x00000000000004fa      0x173 ./Core/Src/stm32f1xx_it.o
 .debug_abbrev  0x000000000000066d      0x14e ./Core/Src/system_stm32f1xx.o
 .debug_abbrev  0x00000000000007bb      0x1b8 ./Core/Src/usb.o
 .debug_abbrev  0x0000000000000973       0x12 ./Core/Startup/startup_stm32f103c8tx.o
 .debug_abbrev  0x0000000000000985      0x1ed ./Drivers/STM32F1xx_HAL_Driver/Src/stm32f1xx_hal.o
 .debug_abbrev  0x0000000000000b72      0x313 ./Drivers/STM32F1xx_HAL_Driver/Src/stm32f1xx_hal_cortex.o
 .debug_abbrev  0x0000000000000e85      0x29e ./Drivers/STM32F1xx_HAL_Driver/Src/stm32f1xx_hal_pcd.o
 .debug_abbrev  0x0000000000001123      0x1ac ./Drivers/STM32F1xx_HAL_Driver/Src/stm32f1xx_hal_pcd_ex.o
 .debug_abbrev  0x00000000000012cf      0x273 ./Drivers/STM32F1xx_HAL_Driver/Src/stm32f1xx_hal_rcc.o
 .debug_abbrev  0x0000000000001542      0x193 ./Drivers/STM32F1xx_HAL_Driver/Src/stm32f1xx_hal_rcc_ex.o
 .debug_abbrev  0x00000000000016d5      0x1fa ./Drivers/STM32F1xx_HAL_Driver/Src/stm32f1xx_ll_usb.o
 .debug_abbrev  0x00000000000018cf      0x1fb ./Middlewares/Third_Party/AL94_USB_Composite/COMPOSITE/App/usb_device.o
 .debug_abbrev  0x0000000000001aca      0x2fb ./Middlewares/Third_Party/AL94_USB_Composite/COMPOSITE/App/usbd_desc.o
 .debug_abbrev  0x0000000000001dc5      0x31f ./Middlewares/Third_Party/AL94_USB_Composite/COMPOSITE/Class/COMPOSITE/Src/usbd_composite.o
 .debug_abbrev  0x00000000000020e4      0x304 ./Middlewares/Third_Party/AL94_USB_Composite/COMPOSITE/Class/HID_KEYBOARD/Src/usbd_hid_keyboard.o
 .debug_abbrev  0x00000000000023e8      0x304 ./Middlewares/Third_Party/AL94_USB_Composite/COMPOSITE/Class/HID_MOUSE/Src/usbd_hid_mouse.o
 .debug_abbrev  0x00000000000026ec      0x2b7 ./Middlewares/Third_Party/AL94_USB_Composite/COMPOSITE/Core/Src/usbd_core.o
 .debug_abbrev  0x00000000000029a3      0x2fc ./Middlewares/Third_Party/AL94_USB_Composite/COMPOSITE/Core/Src/usbd_ctlreq.o
 .debug_abbrev  0x0000000000002c9f      0x22a ./Middlewares/Third_Party/AL94_USB_Composite/COMPOSITE/Core/Src/usbd_ioreq.o
 .debug_abbrev  0x0000000000002ec9      0x2e7 ./Middlewares/Third_Party/AL94_USB_Composite/COMPOSITE/Target/usbd_conf.o

.debug_aranges  0x0000000000000000      0xaf0
 .debug_aranges
                0x0000000000000000       0x20 ./Core/Src/gpio.o
 .debug_aranges
                0x0000000000000020       0x30 ./Core/Src/main.o
 .debug_aranges
                0x0000000000000050       0x20 ./Core/Src/stm32f1xx_hal_msp.o
 .debug_aranges
                0x0000000000000070       0x70 ./Core/Src/stm32f1xx_it.o
 .debug_aranges
                0x00000000000000e0       0x28 ./Core/Src/system_stm32f1xx.o
 .debug_aranges
                0x0000000000000108       0x30 ./Core/Src/usb.o
 .debug_aranges
                0x0000000000000138       0x28 ./Core/Startup/startup_stm32f103c8tx.o
 .debug_aranges
                0x0000000000000160       0xe0 ./Drivers/STM32F1xx_HAL_Driver/Src/stm32f1xx_hal.o
 .debug_aranges
                0x0000000000000240      0x100 ./Drivers/STM32F1xx_HAL_Driver/Src/stm32f1xx_hal_cortex.o
 .debug_aranges
                0x0000000000000340      0x138 ./Drivers/STM32F1xx_HAL_Driver/Src/stm32f1xx_hal_pcd.o
 .debug_aranges
                0x0000000000000478       0x38 ./Drivers/STM32F1xx_HAL_Driver/Src/stm32f1xx_hal_pcd_ex.o
 .debug_aranges
                0x00000000000004b0       0x90 ./Drivers/STM32F1xx_HAL_Driver/Src/stm32f1xx_hal_rcc.o
 .debug_aranges
                0x0000000000000540       0x30 ./Drivers/STM32F1xx_HAL_Driver/Src/stm32f1xx_hal_rcc_ex.o
 .debug_aranges
                0x0000000000000570       0xf0 ./Drivers/STM32F1xx_HAL_Driver/Src/stm32f1xx_ll_usb.o
 .debug_aranges
                0x0000000000000660       0x20 ./Middlewares/Third_Party/AL94_USB_Composite/COMPOSITE/App/usb_device.o
 .debug_aranges
                0x0000000000000680       0x60 ./Middlewares/Third_Party/AL94_USB_Composite/COMPOSITE/App/usbd_desc.o
 .debug_aranges
                0x00000000000006e0       0x98 ./Middlewares/Third_Party/AL94_USB_Composite/COMPOSITE/Class/COMPOSITE/Src/usbd_composite.o
 .debug_aranges
                0x0000000000000778       0x70 ./Middlewares/Third_Party/AL94_USB_Composite/COMPOSITE/Class/HID_KEYBOARD/Src/usbd_hid_keyboard.o
 .debug_aranges
                0x00000000000007e8       0x70 ./Middlewares/Third_Party/AL94_USB_Composite/COMPOSITE/Class/HID_MOUSE/Src/usbd_hid_mouse.o
 .debug_aranges
                0x0000000000000858       0xb8 ./Middlewares/Third_Party/AL94_USB_Composite/COMPOSITE/Core/Src/usbd_core.o
 .debug_aranges
                0x0000000000000910       0x90 ./Middlewares/Third_Party/AL94_USB_Composite/COMPOSITE/Core/Src/usbd_ctlreq.o
 .debug_aranges
                0x00000000000009a0       0x50 ./Middlewares/Third_Party/AL94_USB_Composite/COMPOSITE/Core/Src/usbd_ioreq.o
 .debug_aranges
                0x00000000000009f0      0x100 ./Middlewares/Third_Party/AL94_USB_Composite/COMPOSITE/Target/usbd_conf.o

.debug_ranges   0x0000000000000000      0x988
 .debug_ranges  0x0000000000000000       0x10 ./Core/Src/gpio.o
 .debug_ranges  0x0000000000000010       0x20 ./Core/Src/main.o
 .debug_ranges  0x0000000000000030       0x10 ./Core/Src/stm32f1xx_hal_msp.o
 .debug_ranges  0x0000000000000040       0x60 ./Core/Src/stm32f1xx_it.o
 .debug_ranges  0x00000000000000a0       0x18 ./Core/Src/system_stm32f1xx.o
 .debug_ranges  0x00000000000000b8       0x20 ./Core/Src/usb.o
 .debug_ranges  0x00000000000000d8       0x20 ./Core/Startup/startup_stm32f103c8tx.o
 .debug_ranges  0x00000000000000f8       0xd0 ./Drivers/STM32F1xx_HAL_Driver/Src/stm32f1xx_hal.o
 .debug_ranges  0x00000000000001c8       0xf0 ./Drivers/STM32F1xx_HAL_Driver/Src/stm32f1xx_hal_cortex.o
 .debug_ranges  0x00000000000002b8      0x128 ./Drivers/STM32F1xx_HAL_Driver/Src/stm32f1xx_hal_pcd.o
 .debug_ranges  0x00000000000003e0       0x28 ./Drivers/STM32F1xx_HAL_Driver/Src/stm32f1xx_hal_pcd_ex.o
 .debug_ranges  0x0000000000000408       0x80 ./Drivers/STM32F1xx_HAL_Driver/Src/stm32f1xx_hal_rcc.o
 .debug_ranges  0x0000000000000488       0x20 ./Drivers/STM32F1xx_HAL_Driver/Src/stm32f1xx_hal_rcc_ex.o
 .debug_ranges  0x00000000000004a8       0xe0 ./Drivers/STM32F1xx_HAL_Driver/Src/stm32f1xx_ll_usb.o
 .debug_ranges  0x0000000000000588       0x10 ./Middlewares/Third_Party/AL94_USB_Composite/COMPOSITE/App/usb_device.o
 .debug_ranges  0x0000000000000598       0x50 ./Middlewares/Third_Party/AL94_USB_Composite/COMPOSITE/App/usbd_desc.o
 .debug_ranges  0x00000000000005e8       0x88 ./Middlewares/Third_Party/AL94_USB_Composite/COMPOSITE/Class/COMPOSITE/Src/usbd_composite.o
 .debug_ranges  0x0000000000000670       0x60 ./Middlewares/Third_Party/AL94_USB_Composite/COMPOSITE/Class/HID_KEYBOARD/Src/usbd_hid_keyboard.o
 .debug_ranges  0x00000000000006d0       0x60 ./Middlewares/Third_Party/AL94_USB_Composite/COMPOSITE/Class/HID_MOUSE/Src/usbd_hid_mouse.o
 .debug_ranges  0x0000000000000730       0xa8 ./Middlewares/Third_Party/AL94_USB_Composite/COMPOSITE/Core/Src/usbd_core.o
 .debug_ranges  0x00000000000007d8       0x80 ./Middlewares/Third_Party/AL94_USB_Composite/COMPOSITE/Core/Src/usbd_ctlreq.o
 .debug_ranges  0x0000000000000858       0x40 ./Middlewares/Third_Party/AL94_USB_Composite/COMPOSITE/Core/Src/usbd_ioreq.o
 .debug_ranges  0x0000000000000898       0xf0 ./Middlewares/Third_Party/AL94_USB_Composite/COMPOSITE/Target/usbd_conf.o

.debug_macro    0x0000000000000000    0x19e46
 .debug_macro   0x0000000000000000      0x1bc ./Core/Src/gpio.o
 .debug_macro   0x00000000000001bc      0xa9c ./Core/Src/gpio.o
 .debug_macro   0x0000000000000c58      0x215 ./Core/Src/gpio.o
 .debug_macro   0x0000000000000e6d       0x2e ./Core/Src/gpio.o
 .debug_macro   0x0000000000000e9b       0x22 ./Core/Src/gpio.o
 .debug_macro   0x0000000000000ebd       0x22 ./Core/Src/gpio.o
 .debug_macro   0x0000000000000edf       0x8e ./Core/Src/gpio.o
 .debug_macro   0x0000000000000f6d       0x51 ./Core/Src/gpio.o
 .debug_macro   0x0000000000000fbe      0x103 ./Core/Src/gpio.o
 .debug_macro   0x00000000000010c1       0x6a ./Core/Src/gpio.o
 .debug_macro   0x000000000000112b      0x1df ./Core/Src/gpio.o
 .debug_macro   0x000000000000130a       0x1c ./Core/Src/gpio.o
 .debug_macro   0x0000000000001326       0x22 ./Core/Src/gpio.o
 .debug_macro   0x0000000000001348       0xc3 ./Core/Src/gpio.o
 .debug_macro   0x000000000000140b      0xd23 ./Core/Src/gpio.o
 .debug_macro   0x000000000000212e     0xe09e ./Core/Src/gpio.o
 .debug_macro   0x00000000000101cc       0x6d ./Core/Src/gpio.o
 .debug_macro   0x0000000000010239     0x3468 ./Core/Src/gpio.o
 .debug_macro   0x00000000000136a1      0x174 ./Core/Src/gpio.o
 .debug_macro   0x0000000000013815       0x5c ./Core/Src/gpio.o
 .debug_macro   0x0000000000013871      0x5be ./Core/Src/gpio.o
 .debug_macro   0x0000000000013e2f      0x289 ./Core/Src/gpio.o
 .debug_macro   0x00000000000140b8      0x1cb ./Core/Src/gpio.o
 .debug_macro   0x0000000000014283      0x114 ./Core/Src/gpio.o
 .debug_macro   0x0000000000014397      0x1b2 ./Core/Src/gpio.o
 .debug_macro   0x0000000000014549       0x27 ./Core/Src/gpio.o
 .debug_macro   0x0000000000014570      0x136 ./Core/Src/gpio.o
 .debug_macro   0x00000000000146a6      0x1bc ./Core/Src/gpio.o
 .debug_macro   0x0000000000014862       0x34 ./Core/Src/gpio.o
 .debug_macro   0x0000000000014896       0x3c ./Core/Src/gpio.o
 .debug_macro   0x00000000000148d2       0x57 ./Core/Src/gpio.o
 .debug_macro   0x0000000000014929       0x88 ./Core/Src/gpio.o
 .debug_macro   0x00000000000149b1      0x241 ./Core/Src/gpio.o
 .debug_macro   0x0000000000014bf2      0x141 ./Core/Src/gpio.o
 .debug_macro   0x0000000000014d33       0x65 ./Core/Src/gpio.o
 .debug_macro   0x0000000000014d98      0x249 ./Core/Src/gpio.o
 .debug_macro   0x0000000000014fe1       0x83 ./Core/Src/gpio.o
 .debug_macro   0x0000000000015064      0x3ab ./Core/Src/main.o
 .debug_macro   0x000000000001540f       0x52 ./Core/Src/main.o
 .debug_macro   0x0000000000015461       0x18 ./Core/Src/main.o
 .debug_macro   0x0000000000015479       0x3c ./Core/Src/main.o
 .debug_macro   0x00000000000154b5       0x34 ./Core/Src/main.o
 .debug_macro   0x00000000000154e9       0x16 ./Core/Src/main.o
 .debug_macro   0x00000000000154ff       0x35 ./Core/Src/main.o
 .debug_macro   0x0000000000015534      0x333 ./Core/Src/main.o
 .debug_macro   0x0000000000015867       0x10 ./Core/Src/main.o
 .debug_macro   0x0000000000015877       0x16 ./Core/Src/main.o
 .debug_macro   0x000000000001588d       0x43 ./Core/Src/main.o
 .debug_macro   0x00000000000158d0       0x34 ./Core/Src/main.o
 .debug_macro   0x0000000000015904       0x10 ./Core/Src/main.o
 .debug_macro   0x0000000000015914       0x58 ./Core/Src/main.o
 .debug_macro   0x000000000001596c       0x71 ./Core/Src/main.o
 .debug_macro   0x00000000000159dd       0x1c ./Core/Src/main.o
 .debug_macro   0x00000000000159f9      0x12a ./Core/Src/main.o
 .debug_macro   0x0000000000015b23       0x10 ./Core/Src/main.o
 .debug_macro   0x0000000000015b33       0x1c ./Core/Src/main.o
 .debug_macro   0x0000000000015b4f       0x52 ./Core/Src/main.o
 .debug_macro   0x0000000000015ba1       0x22 ./Core/Src/main.o
 .debug_macro   0x0000000000015bc3       0x10 ./Core/Src/main.o
 .debug_macro   0x0000000000015bd3       0x40 ./Core/Src/main.o
 .debug_macro   0x0000000000015c13       0xd5 ./Core/Src/main.o
 .debug_macro   0x0000000000015ce8       0x1c ./Core/Src/main.o
 .debug_macro   0x0000000000015d04       0x3d ./Core/Src/main.o
 .debug_macro   0x0000000000015d41       0x16 ./Core/Src/main.o
 .debug_macro   0x0000000000015d57      0x145 ./Core/Src/main.o
 .debug_macro   0x0000000000015e9c       0x16 ./Core/Src/main.o
 .debug_macro   0x0000000000015eb2       0x16 ./Core/Src/main.o
 .debug_macro   0x0000000000015ec8       0x29 ./Core/Src/main.o
 .debug_macro   0x0000000000015ef1       0x16 ./Core/Src/main.o
 .debug_macro   0x0000000000015f07       0x20 ./Core/Src/main.o
 .debug_macro   0x0000000000015f27       0x6b ./Core/Src/main.o
 .debug_macro   0x0000000000015f92      0x1e9 ./Core/Src/main.o
 .debug_macro   0x000000000001617b      0x1b2 ./Core/Src/stm32f1xx_hal_msp.o
 .debug_macro   0x000000000001632d      0x1bc ./Core/Src/stm32f1xx_it.o
 .debug_macro   0x00000000000164e9      0x1a8 ./Core/Src/system_stm32f1xx.o
 .debug_macro   0x0000000000016691      0x1bc ./Core/Src/usb.o
 .debug_macro   0x000000000001684d      0x1cc ./Drivers/STM32F1xx_HAL_Driver/Src/stm32f1xx_hal.o
 .debug_macro   0x0000000000016a19      0x1a8 ./Drivers/STM32F1xx_HAL_Driver/Src/stm32f1xx_hal_cortex.o
 .debug_macro   0x0000000000016bc1      0x1b4 ./Drivers/STM32F1xx_HAL_Driver/Src/stm32f1xx_hal_pcd.o
 .debug_macro   0x0000000000016d75      0x1a8 ./Drivers/STM32F1xx_HAL_Driver/Src/stm32f1xx_hal_pcd_ex.o
 .debug_macro   0x0000000000016f1d      0x1ba ./Drivers/STM32F1xx_HAL_Driver/Src/stm32f1xx_hal_rcc.o
 .debug_macro   0x00000000000170d7      0x1a8 ./Drivers/STM32F1xx_HAL_Driver/Src/stm32f1xx_hal_rcc_ex.o
 .debug_macro   0x000000000001727f      0x1a8 ./Drivers/STM32F1xx_HAL_Driver/Src/stm32f1xx_ll_usb.o
 .debug_macro   0x0000000000017427      0x405 ./Middlewares/Third_Party/AL94_USB_Composite/COMPOSITE/App/usb_device.o
 .debug_macro   0x000000000001782c       0x22 ./Middlewares/Third_Party/AL94_USB_Composite/COMPOSITE/App/usb_device.o
 .debug_macro   0x000000000001784e       0x22 ./Middlewares/Third_Party/AL94_USB_Composite/COMPOSITE/App/usb_device.o
 .debug_macro   0x0000000000017870       0x64 ./Middlewares/Third_Party/AL94_USB_Composite/COMPOSITE/App/usb_device.o
 .debug_macro   0x00000000000178d4       0x5e ./Middlewares/Third_Party/AL94_USB_Composite/COMPOSITE/App/usb_device.o
 .debug_macro   0x0000000000017932       0x64 ./Middlewares/Third_Party/AL94_USB_Composite/COMPOSITE/App/usb_device.o
 .debug_macro   0x0000000000017996       0x64 ./Middlewares/Third_Party/AL94_USB_Composite/COMPOSITE/App/usb_device.o
 .debug_macro   0x00000000000179fa      0x423 ./Middlewares/Third_Party/AL94_USB_Composite/COMPOSITE/App/usbd_desc.o
 .debug_macro   0x0000000000017e1d       0x97 ./Middlewares/Third_Party/AL94_USB_Composite/COMPOSITE/App/usbd_desc.o
 .debug_macro   0x0000000000017eb4       0xfd ./Middlewares/Third_Party/AL94_USB_Composite/COMPOSITE/App/usbd_desc.o
 .debug_macro   0x0000000000017fb1       0xbd ./Middlewares/Third_Party/AL94_USB_Composite/COMPOSITE/App/usbd_desc.o
 .debug_macro   0x000000000001806e       0x56 ./Middlewares/Third_Party/AL94_USB_Composite/COMPOSITE/App/usbd_desc.o
 .debug_macro   0x00000000000180c4      0x1ef ./Middlewares/Third_Party/AL94_USB_Composite/COMPOSITE/App/usbd_desc.o
 .debug_macro   0x00000000000182b3       0x1c ./Middlewares/Third_Party/AL94_USB_Composite/COMPOSITE/App/usbd_desc.o
 .debug_macro   0x00000000000182cf      0x3ec ./Middlewares/Third_Party/AL94_USB_Composite/COMPOSITE/Class/COMPOSITE/Src/usbd_composite.o
 .debug_macro   0x00000000000186bb      0x3da ./Middlewares/Third_Party/AL94_USB_Composite/COMPOSITE/Class/HID_KEYBOARD/Src/usbd_hid_keyboard.o
 .debug_macro   0x0000000000018a95       0x5e ./Middlewares/Third_Party/AL94_USB_Composite/COMPOSITE/Class/HID_KEYBOARD/Src/usbd_hid_keyboard.o
 .debug_macro   0x0000000000018af3      0x3da ./Middlewares/Third_Party/AL94_USB_Composite/COMPOSITE/Class/HID_MOUSE/Src/usbd_hid_mouse.o
 .debug_macro   0x0000000000018ecd       0x5e ./Middlewares/Third_Party/AL94_USB_Composite/COMPOSITE/Class/HID_MOUSE/Src/usbd_hid_mouse.o
 .debug_macro   0x0000000000018f2b      0x3af ./Middlewares/Third_Party/AL94_USB_Composite/COMPOSITE/Core/Src/usbd_core.o
 .debug_macro   0x00000000000192da      0x3b9 ./Middlewares/Third_Party/AL94_USB_Composite/COMPOSITE/Core/Src/usbd_ctlreq.o
 .debug_macro   0x0000000000019693      0x3b5 ./Middlewares/Third_Party/AL94_USB_Composite/COMPOSITE/Core/Src/usbd_ioreq.o
 .debug_macro   0x0000000000019a48      0x3fe ./Middlewares/Third_Party/AL94_USB_Composite/COMPOSITE/Target/usbd_conf.o

.debug_line     0x0000000000000000     0xf7ad
 .debug_line    0x0000000000000000      0x677 ./Core/Src/gpio.o
 .debug_line    0x0000000000000677      0xa2d ./Core/Src/main.o
 .debug_line    0x00000000000010a4      0x67c ./Core/Src/stm32f1xx_hal_msp.o
 .debug_line    0x0000000000001720      0x76d ./Core/Src/stm32f1xx_it.o
 .debug_line    0x0000000000001e8d      0x6f9 ./Core/Src/system_stm32f1xx.o
 .debug_line    0x0000000000002586      0x6cb ./Core/Src/usb.o
 .debug_line    0x0000000000002c51       0x87 ./Core/Startup/startup_stm32f103c8tx.o
 .debug_line    0x0000000000002cd8      0x926 ./Drivers/STM32F1xx_HAL_Driver/Src/stm32f1xx_hal.o
 .debug_line    0x00000000000035fe      0xb0e ./Drivers/STM32F1xx_HAL_Driver/Src/stm32f1xx_hal_cortex.o
 .debug_line    0x000000000000410c     0x1314 ./Drivers/STM32F1xx_HAL_Driver/Src/stm32f1xx_hal_pcd.o
 .debug_line    0x0000000000005420      0x6f4 ./Drivers/STM32F1xx_HAL_Driver/Src/stm32f1xx_hal_pcd_ex.o
 .debug_line    0x0000000000005b14      0xd34 ./Drivers/STM32F1xx_HAL_Driver/Src/stm32f1xx_hal_rcc.o
 .debug_line    0x0000000000006848      0x872 ./Drivers/STM32F1xx_HAL_Driver/Src/stm32f1xx_hal_rcc_ex.o
 .debug_line    0x00000000000070ba     0x102e ./Drivers/STM32F1xx_HAL_Driver/Src/stm32f1xx_ll_usb.o
 .debug_line    0x00000000000080e8      0xb48 ./Middlewares/Third_Party/AL94_USB_Composite/COMPOSITE/App/usb_device.o
 .debug_line    0x0000000000008c30      0xc6d ./Middlewares/Third_Party/AL94_USB_Composite/COMPOSITE/App/usbd_desc.o
 .debug_line    0x000000000000989d      0xe06 ./Middlewares/Third_Party/AL94_USB_Composite/COMPOSITE/Class/COMPOSITE/Src/usbd_composite.o
 .debug_line    0x000000000000a6a3      0xc99 ./Middlewares/Third_Party/AL94_USB_Composite/COMPOSITE/Class/HID_KEYBOARD/Src/usbd_hid_keyboard.o
 .debug_line    0x000000000000b33c      0xc8d ./Middlewares/Third_Party/AL94_USB_Composite/COMPOSITE/Class/HID_MOUSE/Src/usbd_hid_mouse.o
 .debug_line    0x000000000000bfc9      0xe1e ./Middlewares/Third_Party/AL94_USB_Composite/COMPOSITE/Core/Src/usbd_core.o
 .debug_line    0x000000000000cde7     0x10ad ./Middlewares/Third_Party/AL94_USB_Composite/COMPOSITE/Core/Src/usbd_ctlreq.o
 .debug_line    0x000000000000de94      0xa66 ./Middlewares/Third_Party/AL94_USB_Composite/COMPOSITE/Core/Src/usbd_ioreq.o
 .debug_line    0x000000000000e8fa      0xeb3 ./Middlewares/Third_Party/AL94_USB_Composite/COMPOSITE/Target/usbd_conf.o

.debug_str      0x0000000000000000    0x855e7
 .debug_str     0x0000000000000000    0x7d1f8 ./Core/Src/gpio.o
                                      0x7d537 (size before relaxing)
 .debug_str     0x000000000007d1f8     0x55a6 ./Core/Src/main.o
                                      0x82bd5 (size before relaxing)
 .debug_str     0x000000000008279e       0x50 ./Core/Src/stm32f1xx_hal_msp.o
                                      0x7d565 (size before relaxing)
 .debug_str     0x00000000000827ee       0xbd ./Core/Src/stm32f1xx_it.o
                                      0x7d922 (size before relaxing)
 .debug_str     0x00000000000828ab       0x52 ./Core/Src/system_stm32f1xx.o
                                      0x7d552 (size before relaxing)
 .debug_str     0x00000000000828fd      0x2b2 ./Core/Src/usb.o
                                      0x7dbd9 (size before relaxing)
 .debug_str     0x0000000000082baf       0x36 ./Core/Startup/startup_stm32f103c8tx.o
                                         0x5f (size before relaxing)
 .debug_str     0x0000000000082be5      0x2fa ./Drivers/STM32F1xx_HAL_Driver/Src/stm32f1xx_hal.o
                                      0x7dbe3 (size before relaxing)
 .debug_str     0x0000000000082edf      0x2d8 ./Drivers/STM32F1xx_HAL_Driver/Src/stm32f1xx_hal_cortex.o
                                      0x7dbeb (size before relaxing)
 .debug_str     0x00000000000831b7      0x3e0 ./Drivers/STM32F1xx_HAL_Driver/Src/stm32f1xx_hal_pcd.o
                                      0x7dca5 (size before relaxing)
 .debug_str     0x0000000000083597      0x18d ./Drivers/STM32F1xx_HAL_Driver/Src/stm32f1xx_hal_pcd_ex.o
                                      0x7d9f2 (size before relaxing)
 .debug_str     0x0000000000083724      0x27c ./Drivers/STM32F1xx_HAL_Driver/Src/stm32f1xx_hal_rcc.o
                                      0x7d94f (size before relaxing)
 .debug_str     0x00000000000839a0       0xb9 ./Drivers/STM32F1xx_HAL_Driver/Src/stm32f1xx_hal_rcc_ex.o
                                      0x7d6dc (size before relaxing)
 .debug_str     0x0000000000083a59      0x2b2 ./Drivers/STM32F1xx_HAL_Driver/Src/stm32f1xx_ll_usb.o
                                      0x7da25 (size before relaxing)
 .debug_str     0x0000000000083d0b      0x968 ./Middlewares/Third_Party/AL94_USB_Composite/COMPOSITE/App/usb_device.o
                                      0x82f60 (size before relaxing)
 .debug_str     0x0000000000084673      0x282 ./Middlewares/Third_Party/AL94_USB_Composite/COMPOSITE/App/usbd_desc.o
                                      0x8312d (size before relaxing)
 .debug_str     0x00000000000848f5      0x30d ./Middlewares/Third_Party/AL94_USB_Composite/COMPOSITE/Class/COMPOSITE/Src/usbd_composite.o
                                      0x8318c (size before relaxing)
 .debug_str     0x0000000000084c02      0x304 ./Middlewares/Third_Party/AL94_USB_Composite/COMPOSITE/Class/HID_KEYBOARD/Src/usbd_hid_keyboard.o
                                      0x82beb (size before relaxing)
 .debug_str     0x0000000000084f06      0x16a ./Middlewares/Third_Party/AL94_USB_Composite/COMPOSITE/Class/HID_MOUSE/Src/usbd_hid_mouse.o
                                      0x82b06 (size before relaxing)
 .debug_str     0x0000000000085070      0x1af ./Middlewares/Third_Party/AL94_USB_Composite/COMPOSITE/Core/Src/usbd_core.o
                                      0x82830 (size before relaxing)
 .debug_str     0x000000000008521f      0x163 ./Middlewares/Third_Party/AL94_USB_Composite/COMPOSITE/Core/Src/usbd_ctlreq.o
                                      0x827ee (size before relaxing)
 .debug_str     0x0000000000085382       0xd6 ./Middlewares/Third_Party/AL94_USB_Composite/COMPOSITE/Core/Src/usbd_ioreq.o
                                      0x8273e (size before relaxing)
 .debug_str     0x0000000000085458      0x18f ./Middlewares/Third_Party/AL94_USB_Composite/COMPOSITE/Target/usbd_conf.o
                                      0x8350d (size before relaxing)

.comment        0x0000000000000000       0x53
 .comment       0x0000000000000000       0x53 ./Core/Src/gpio.o
                                         0x54 (size before relaxing)
 .comment       0x0000000000000053       0x54 ./Core/Src/main.o
 .comment       0x0000000000000053       0x54 ./Core/Src/stm32f1xx_hal_msp.o
 .comment       0x0000000000000053       0x54 ./Core/Src/stm32f1xx_it.o
 .comment       0x0000000000000053       0x54 ./Core/Src/system_stm32f1xx.o
 .comment       0x0000000000000053       0x54 ./Core/Src/usb.o
 .comment       0x0000000000000053       0x54 ./Drivers/STM32F1xx_HAL_Driver/Src/stm32f1xx_hal.o
 .comment       0x0000000000000053       0x54 ./Drivers/STM32F1xx_HAL_Driver/Src/stm32f1xx_hal_cortex.o
 .comment       0x0000000000000053       0x54 ./Drivers/STM32F1xx_HAL_Driver/Src/stm32f1xx_hal_pcd.o
 .comment       0x0000000000000053       0x54 ./Drivers/STM32F1xx_HAL_Driver/Src/stm32f1xx_hal_pcd_ex.o
 .comment       0x0000000000000053       0x54 ./Drivers/STM32F1xx_HAL_Driver/Src/stm32f1xx_hal_rcc.o
 .comment       0x0000000000000053       0x54 ./Drivers/STM32F1xx_HAL_Driver/Src/stm32f1xx_hal_rcc_ex.o
 .comment       0x0000000000000053       0x54 ./Drivers/STM32F1xx_HAL_Driver/Src/stm32f1xx_ll_usb.o
 .comment       0x0000000000000053       0x54 ./Middlewares/Third_Party/AL94_USB_Composite/COMPOSITE/App/usb_device.o
 .comment       0x0000000000000053       0x54 ./Middlewares/Third_Party/AL94_USB_Composite/COMPOSITE/App/usbd_desc.o
 .comment       0x0000000000000053       0x54 ./Middlewares/Third_Party/AL94_USB_Composite/COMPOSITE/Class/COMPOSITE/Src/usbd_composite.o
 .comment       0x0000000000000053       0x54 ./Middlewares/Third_Party/AL94_USB_Composite/COMPOSITE/Class/HID_KEYBOARD/Src/usbd_hid_keyboard.o
 .comment       0x0000000000000053       0x54 ./Middlewares/Third_Party/AL94_USB_Composite/COMPOSITE/Class/HID_MOUSE/Src/usbd_hid_mouse.o
 .comment       0x0000000000000053       0x54 ./Middlewares/Third_Party/AL94_USB_Composite/COMPOSITE/Core/Src/usbd_core.o
 .comment       0x0000000000000053       0x54 ./Middlewares/Third_Party/AL94_USB_Composite/COMPOSITE/Core/Src/usbd_ctlreq.o
 .comment       0x0000000000000053       0x54 ./Middlewares/Third_Party/AL94_USB_Composite/COMPOSITE/Core/Src/usbd_ioreq.o
 .comment       0x0000000000000053       0x54 ./Middlewares/Third_Party/AL94_USB_Composite/COMPOSITE/Target/usbd_conf.o

.debug_frame    0x0000000000000000     0x29b0
 .debug_frame   0x0000000000000000       0x38 ./Core/Src/gpio.o
 .debug_frame   0x0000000000000038       0x6c ./Core/Src/main.o
 .debug_frame   0x00000000000000a4       0x38 ./Core/Src/stm32f1xx_hal_msp.o
 .debug_frame   0x00000000000000dc      0x13c ./Core/Src/stm32f1xx_it.o
 .debug_frame   0x0000000000000218       0x58 ./Core/Src/system_stm32f1xx.o
 .debug_frame   0x0000000000000270       0x74 ./Core/Src/usb.o
 .debug_frame   0x00000000000002e4      0x334 ./Drivers/STM32F1xx_HAL_Driver/Src/stm32f1xx_hal.o
 .debug_frame   0x0000000000000618      0x428 ./Drivers/STM32F1xx_HAL_Driver/Src/stm32f1xx_hal_cortex.o
 .debug_frame   0x0000000000000a40      0x578 ./Drivers/STM32F1xx_HAL_Driver/Src/stm32f1xx_hal_pcd.o
 .debug_frame   0x0000000000000fb8       0xb0 ./Drivers/STM32F1xx_HAL_Driver/Src/stm32f1xx_hal_pcd_ex.o
 .debug_frame   0x0000000000001068      0x21c ./Drivers/STM32F1xx_HAL_Driver/Src/stm32f1xx_hal_rcc.o
 .debug_frame   0x0000000000001284       0x84 ./Drivers/STM32F1xx_HAL_Driver/Src/stm32f1xx_hal_rcc_ex.o
 .debug_frame   0x0000000000001308      0x450 ./Drivers/STM32F1xx_HAL_Driver/Src/stm32f1xx_ll_usb.o
 .debug_frame   0x0000000000001758       0x2c ./Middlewares/Third_Party/AL94_USB_Composite/COMPOSITE/App/usb_device.o
 .debug_frame   0x0000000000001784      0x160 ./Middlewares/Third_Party/AL94_USB_Composite/COMPOSITE/App/usbd_desc.o
 .debug_frame   0x00000000000018e4      0x278 ./Middlewares/Third_Party/AL94_USB_Composite/COMPOSITE/Class/COMPOSITE/Src/usbd_composite.o
 .debug_frame   0x0000000000001b5c      0x1b8 ./Middlewares/Third_Party/AL94_USB_Composite/COMPOSITE/Class/HID_KEYBOARD/Src/usbd_hid_keyboard.o
 .debug_frame   0x0000000000001d14      0x1b8 ./Middlewares/Third_Party/AL94_USB_Composite/COMPOSITE/Class/HID_MOUSE/Src/usbd_hid_mouse.o
 .debug_frame   0x0000000000001ecc      0x2f4 ./Middlewares/Third_Party/AL94_USB_Composite/COMPOSITE/Core/Src/usbd_core.o
 .debug_frame   0x00000000000021c0      0x23c ./Middlewares/Third_Party/AL94_USB_Composite/COMPOSITE/Core/Src/usbd_ctlreq.o
 .debug_frame   0x00000000000023fc      0x10c ./Middlewares/Third_Party/AL94_USB_Composite/COMPOSITE/Core/Src/usbd_ioreq.o
 .debug_frame   0x0000000000002508      0x434 ./Middlewares/Third_Party/AL94_USB_Composite/COMPOSITE/Target/usbd_conf.o
 .debug_frame   0x000000000000293c       0x2c c:/st/stm32cubeide_1.7.0/stm32cubeide/plugins/com.st.stm32cube.ide.mcu.externaltools.gnu-tools-for-stm32.9-2020-q2-update.win32_2.0.0.202105311346/tools/bin/../lib/gcc/arm-none-eabi/9.3.1/../../../../arm-none-eabi/lib/thumb/v7-m/nofp\libc_nano.a(lib_a-init.o)